<html>
<body>
<pre>
<h1>µVision Build Log</h1>
<h2>Tool Versions:</h2>
IDE-Version: µVision V5.38.0.0
Copyright (C) 2022 ARM Ltd and ARM Germany GmbH. All rights reserved.
License Information: ryry dgdfgdef, dfhgdf, LIC=----
 
Tool Versions:
Toolchain:       MDK-Lite  Version: 5.38.0.0
Toolchain Path:  C:\Keil_v5\ARM\ARMCLANG\Bin
C Compiler:      ArmClang.exe V6.19
Assembler:       Armasm.exe V6.19
Linker/Locator:  ArmLink.exe V6.19
Library Manager: ArmAr.exe V6.19
Hex Converter:   FromElf.exe V6.19
CPU DLL:         SARMCM3.DLL V5.38.0.0
Dialog DLL:      DCM.DLL V1.17.5.0
Target DLL:      UL2CM3.DLL V1.164.8.0
Dialog DLL:      TCM.DLL V1.56.4.0
 
<h2>Project:</h2>
C:\Users\Sofcon_Lab2\Desktop\LPC1768 Projects\12_LCD_8Bit.uvprojx
Project File Date:  04/15/2023

<h2>Output:</h2>
*** Using Compiler 'V6.19', folder: 'C:\Keil_v5\ARM\ARMCLANG\Bin'
Rebuild target 'Target 1'
C:/Users/Sofcon_Lab2/AppData/Local/Arm/Packs/Keil/LPC1700_DFP/2.7.1/RTE_Driver/GPIO_LPC17xx.c(26): warning: In file included from...
C:/Users/Sofcon_Lab2/AppData/Local/Arm/Packs/Keil/LPC1700_DFP/2.7.1/RTE_Driver/GPIO_LPC17xx.h(30): warning: In file included from...
C:/Users/Sofcon_Lab2/AppData/Local/Arm/Packs/Keil/LPC1700_DFP/2.7.1/Device/Include\LPC17xx.h(90): warning: commas at the end of enumerator lists are a C99-specific feature [-Wc99-extensions]
  CANActivity_IRQn              = 34,       /*!< CAN Activity Interrupt                                                   */
                                    ^~
C:/Users/Sofcon_Lab2/AppData/Local/Arm/Packs/Keil/LPC1700_DFP/2.7.1/Device/Include\LPC17xx.h(200): warning: anonymous structs are a C11 extension [-Wc11-extensions]
    struct {
    ^
C:/Users/Sofcon_Lab2/AppData/Local/Arm/Packs/Keil/LPC1700_DFP/2.7.1/Device/Include\LPC17xx.h(204): warning: anonymous structs are a C11 extension [-Wc11-extensions]
    struct {
    ^
C:/Users/Sofcon_Lab2/AppData/Local/Arm/Packs/Keil/LPC1700_DFP/2.7.1/Device/Include\LPC17xx.h(198): warning: anonymous unions are a C11 extension [-Wc11-extensions]
  union {
  ^
C:/Users/Sofcon_Lab2/AppData/Local/Arm/Packs/Keil/LPC1700_DFP/2.7.1/Device/Include\LPC17xx.h(214): warning: anonymous structs are a C11 extension [-Wc11-extensions]
    struct {
    ^
C:/Users/Sofcon_Lab2/AppData/Local/Arm/Packs/Keil/LPC1700_DFP/2.7.1/Device/Include\LPC17xx.h(218): warning: anonymous structs are a C11 extension [-Wc11-extensions]
    struct {
    ^
C:/Users/Sofcon_Lab2/AppData/Local/Arm/Packs/Keil/LPC1700_DFP/2.7.1/Device/Include\LPC17xx.h(212): warning: anonymous unions are a C11 extension [-Wc11-extensions]
  union {
  ^
C:/Users/Sofcon_Lab2/AppData/Local/Arm/Packs/Keil/LPC1700_DFP/2.7.1/Device/Include\LPC17xx.h(227): warning: anonymous structs are a C11 extension [-Wc11-extensions]
    struct {
    ^
C:/Users/Sofcon_Lab2/AppData/Local/Arm/Packs/Keil/LPC1700_DFP/2.7.1/Device/Include\LPC17xx.h(231): warning: anonymous structs are a C11 extension [-Wc11-extensions]
    struct {
    ^
C:/Users/Sofcon_Lab2/AppData/Local/Arm/Packs/Keil/LPC1700_DFP/2.7.1/Device/Include\LPC17xx.h(225): warning: anonymous unions are a C11 extension [-Wc11-extensions]
  union {
  ^
C:/Users/Sofcon_Lab2/AppData/Local/Arm/Packs/Keil/LPC1700_DFP/2.7.1/Device/Include\LPC17xx.h(240): warning: anonymous structs are a C11 extension [-Wc11-extensions]
    struct {
    ^
C:/Users/Sofcon_Lab2/AppData/Local/Arm/Packs/Keil/LPC1700_DFP/2.7.1/Device/Include\LPC17xx.h(244): warning: anonymous structs are a C11 extension [-Wc11-extensions]
    struct {
    ^
C:/Users/Sofcon_Lab2/AppData/Local/Arm/Packs/Keil/LPC1700_DFP/2.7.1/Device/Include\LPC17xx.h(238): warning: anonymous unions are a C11 extension [-Wc11-extensions]
  union {
  ^
C:/Users/Sofcon_Lab2/AppData/Local/Arm/Packs/Keil/LPC1700_DFP/2.7.1/Device/Include\LPC17xx.h(253): warning: anonymous structs are a C11 extension [-Wc11-extensions]
    struct {
    ^
C:/Users/Sofcon_Lab2/AppData/Local/Arm/Packs/Keil/LPC1700_DFP/2.7.1/Device/Include\LPC17xx.h(257): warning: anonymous structs are a C11 extension [-Wc11-extensions]
    struct {
    ^
C:/Users/Sofcon_Lab2/AppData/Local/Arm/Packs/Keil/LPC1700_DFP/2.7.1/Device/Include\LPC17xx.h(251): warning: anonymous unions are a C11 extension [-Wc11-extensions]
  union {
  ^
C:/Users/Sofcon_Lab2/AppData/Local/Arm/Packs/Keil/LPC1700_DFP/2.7.1/Device/Include\LPC17xx.h(339): warning: anonymous unions are a C11 extension [-Wc11-extensions]
  union {
  ^
C:/Users/Sofcon_Lab2/AppData/Local/Arm/Packs/Keil/LPC1700_DFP/2.7.1/Device/Include\LPC17xx.h(345): warning: anonymous unions are a C11 extension [-Wc11-extensions]
  union {
  ^
C:/Users/Sofcon_Lab2/AppData/Local/Arm/Packs/Keil/LPC1700_DFP/2.7.1/Device/Include\LPC17xx.h(349): warning: anonymous unions are a C11 extension [-Wc11-extensions]
  union {
  ^
C:/Users/Sofcon_Lab2/AppData/Local/Arm/Packs/Keil/LPC1700_DFP/2.7.1/Device/Include\LPC17xx.h(371): warning: anonymous unions are a C11 extension [-Wc11-extensions]
  union {
  ^
C:/Users/Sofcon_Lab2/AppData/Local/Arm/Packs/Keil/LPC1700_DFP/2.7.1/Device/Include\LPC17xx.h(377): warning: anonymous unions are a C11 extension [-Wc11-extensions]
  union {
  ^
C:/Users/Sofcon_Lab2/AppData/Local/Arm/Packs/Keil/LPC1700_DFP/2.7.1/Device/Include\LPC17xx.h(382): warning: anonymous unions are a C11 extension [-Wc11-extensions]
  union {
  ^
C:/Users/Sofcon_Lab2/AppData/Local/Arm/Packs/Keil/LPC1700_DFP/2.7.1/Device/Include\LPC17xx.h(833): warning: anonymous unions are a C11 extension [-Wc11-extensions]
  union {
  ^
C:/Users/Sofcon_Lab2/AppData/Local/Arm/Packs/Keil/LPC1700_DFP/2.7.1/Device/Include\LPC17xx.h(843): warning: anonymous unions are a C11 extension [-Wc11-extensions]
  union {
  ^
C:/Users/Sofcon_Lab2/AppData/Local/Arm/Packs/Keil/LPC1700_DFP/2.7.1/Device/Include\LPC17xx.h(847): warning: anonymous unions are a C11 extension [-Wc11-extensions]
  union {
  ^
C:/Users/Sofcon_Lab2/AppData/Local/Arm/Packs/Keil/LPC1700_DFP/2.7.1/Device/Include\LPC17xx.h(1048): warning: // comments are not allowed in this language [-Wcomment]
#endif  // __LPC17xx_H__
        ^
C:/Users/Sofcon_Lab2/AppData/Local/Arm/Packs/Keil/LPC1700_DFP/2.7.1/RTE_Driver/GPIO_LPC17xx.c(26): warning: In file included from...
C:/Users/Sofcon_Lab2/AppData/Local/Arm/Packs/Keil/LPC1700_DFP/2.7.1/RTE_Driver/GPIO_LPC17xx.h(35): warning: // comments are not allowed in this language [-Wcomment]
// GPIO identifier
^
27 warnings generated.
compiling GPIO_LPC17xx.c...
assembling startup_LPC17xx.s...
C:/Users/Sofcon_Lab2/AppData/Local/Arm/Packs/Keil/LPC1700_DFP/2.7.1/RTE_Driver/PIN_LPC17xx.c(26): warning: In file included from...
C:/Users/Sofcon_Lab2/AppData/Local/Arm/Packs/Keil/LPC1700_DFP/2.7.1/Device/Include\LPC17xx.h(90): warning: commas at the end of enumerator lists are a C99-specific feature [-Wc99-extensions]
  CANActivity_IRQn              = 34,       /*!< CAN Activity Interrupt                                                   */
                                    ^~
C:/Users/Sofcon_Lab2/AppData/Local/Arm/Packs/Keil/LPC1700_DFP/2.7.1/Device/Include\LPC17xx.h(200): warning: anonymous structs are a C11 extension [-Wc11-extensions]
    struct {
    ^
C:/Users/Sofcon_Lab2/AppData/Local/Arm/Packs/Keil/LPC1700_DFP/2.7.1/Device/Include\LPC17xx.h(204): warning: anonymous structs are a C11 extension [-Wc11-extensions]
    struct {
    ^
C:/Users/Sofcon_Lab2/AppData/Local/Arm/Packs/Keil/LPC1700_DFP/2.7.1/Device/Include\LPC17xx.h(198): warning: anonymous unions are a C11 extension [-Wc11-extensions]
  union {
  ^
C:/Users/Sofcon_Lab2/AppData/Local/Arm/Packs/Keil/LPC1700_DFP/2.7.1/Device/Include\LPC17xx.h(214): warning: anonymous structs are a C11 extension [-Wc11-extensions]
    struct {
    ^
C:/Users/Sofcon_Lab2/AppData/Local/Arm/Packs/Keil/LPC1700_DFP/2.7.1/Device/Include\LPC17xx.h(218): warning: anonymous structs are a C11 extension [-Wc11-extensions]
    struct {
    ^
C:/Users/Sofcon_Lab2/AppData/Local/Arm/Packs/Keil/LPC1700_DFP/2.7.1/Device/Include\LPC17xx.h(212): warning: anonymous unions are a C11 extension [-Wc11-extensions]
  union {
  ^
C:/Users/Sofcon_Lab2/AppData/Local/Arm/Packs/Keil/LPC1700_DFP/2.7.1/Device/Include\LPC17xx.h(227): warning: anonymous structs are a C11 extension [-Wc11-extensions]
    struct {
    ^
C:/Users/Sofcon_Lab2/AppData/Local/Arm/Packs/Keil/LPC1700_DFP/2.7.1/Device/Include\LPC17xx.h(231): warning: anonymous structs are a C11 extension [-Wc11-extensions]
    struct {
    ^
C:/Users/Sofcon_Lab2/AppData/Local/Arm/Packs/Keil/LPC1700_DFP/2.7.1/Device/Include\LPC17xx.h(225): warning: anonymous unions are a C11 extension [-Wc11-extensions]
  union {
  ^
C:/Users/Sofcon_Lab2/AppData/Local/Arm/Packs/Keil/LPC1700_DFP/2.7.1/Device/Include\LPC17xx.h(240): warning: anonymous structs are a C11 extension [-Wc11-extensions]
    struct {
    ^
C:/Users/Sofcon_Lab2/AppData/Local/Arm/Packs/Keil/LPC1700_DFP/2.7.1/Device/Include\LPC17xx.h(244): warning: anonymous structs are a C11 extension [-Wc11-extensions]
    struct {
    ^
C:/Users/Sofcon_Lab2/AppData/Local/Arm/Packs/Keil/LPC1700_DFP/2.7.1/Device/Include\LPC17xx.h(238): warning: anonymous unions are a C11 extension [-Wc11-extensions]
  union {
  ^
C:/Users/Sofcon_Lab2/AppData/Local/Arm/Packs/Keil/LPC1700_DFP/2.7.1/Device/Include\LPC17xx.h(253): warning: anonymous structs are a C11 extension [-Wc11-extensions]
    struct {
    ^
C:/Users/Sofcon_Lab2/AppData/Local/Arm/Packs/Keil/LPC1700_DFP/2.7.1/Device/Include\LPC17xx.h(257): warning: anonymous structs are a C11 extension [-Wc11-extensions]
    struct {
    ^
C:/Users/Sofcon_Lab2/AppData/Local/Arm/Packs/Keil/LPC1700_DFP/2.7.1/Device/Include\LPC17xx.h(251): warning: anonymous unions are a C11 extension [-Wc11-extensions]
  union {
  ^
C:/Users/Sofcon_Lab2/AppData/Local/Arm/Packs/Keil/LPC1700_DFP/2.7.1/Device/Include\LPC17xx.h(339): warning: anonymous unions are a C11 extension [-Wc11-extensions]
  union {
  ^
C:/Users/Sofcon_Lab2/AppData/Local/Arm/Packs/Keil/LPC1700_DFP/2.7.1/Device/Include\LPC17xx.h(345): warning: anonymous unions are a C11 extension [-Wc11-extensions]
  union {
  ^
C:/Users/Sofcon_Lab2/AppData/Local/Arm/Packs/Keil/LPC1700_DFP/2.7.1/Device/Include\LPC17xx.h(349): warning: anonymous unions are a C11 extension [-Wc11-extensions]
  union {
  ^
C:/Users/Sofcon_Lab2/AppData/Local/Arm/Packs/Keil/LPC1700_DFP/2.7.1/Device/Include\LPC17xx.h(371): warning: anonymous unions are a C11 extension [-Wc11-extensions]
  union {
  ^
C:/Users/Sofcon_Lab2/AppData/Local/Arm/Packs/Keil/LPC1700_DFP/2.7.1/Device/Include\LPC17xx.h(377): warning: anonymous unions are a C11 extension [-Wc11-extensions]
  union {
  ^
C:/Users/Sofcon_Lab2/AppData/Local/Arm/Packs/Keil/LPC1700_DFP/2.7.1/Device/Include\LPC17xx.h(382): warning: anonymous unions are a C11 extension [-Wc11-extensions]
  union {
  ^
C:/Users/Sofcon_Lab2/AppData/Local/Arm/Packs/Keil/LPC1700_DFP/2.7.1/Device/Include\LPC17xx.h(833): warning: anonymous unions are a C11 extension [-Wc11-extensions]
  union {
  ^
C:/Users/Sofcon_Lab2/AppData/Local/Arm/Packs/Keil/LPC1700_DFP/2.7.1/Device/Include\LPC17xx.h(843): warning: anonymous unions are a C11 extension [-Wc11-extensions]
  union {
  ^
C:/Users/Sofcon_Lab2/AppData/Local/Arm/Packs/Keil/LPC1700_DFP/2.7.1/Device/Include\LPC17xx.h(847): warning: anonymous unions are a C11 extension [-Wc11-extensions]
  union {
  ^
C:/Users/Sofcon_Lab2/AppData/Local/Arm/Packs/Keil/LPC1700_DFP/2.7.1/Device/Include\LPC17xx.h(1048): warning: // comments are not allowed in this language [-Wcomment]
#endif  // __LPC17xx_H__
        ^
C:/Users/Sofcon_Lab2/AppData/Local/Arm/Packs/Keil/LPC1700_DFP/2.7.1/RTE_Driver/PIN_LPC17xx.c(27): warning: In file included from...
C:/Users/Sofcon_Lab2/AppData/Local/Arm/Packs/Keil/LPC1700_DFP/2.7.1/RTE_Driver/PIN_LPC17xx.h(32): warning: // comments are not allowed in this language [-Wcomment]
// Pin Configuration
^
C:/Users/Sofcon_Lab2/AppData/Local/Arm/Packs/Keil/LPC1700_DFP/2.7.1/RTE_Driver/PIN_LPC17xx.h(90): warning: '_Bool' is a C99 extension [-Wc99-extensions]
extern int32_t PIN_ConfigureTPIU (bool enable);
                                  ^
C:\Keil_v5\ARM\ARMCLANG\Bin\..\include\stdbool.h(15): note: expanded from macro 'bool'
    #define bool _Bool
                 ^
C:/Users/Sofcon_Lab2/AppData/Local/Arm/Packs/Keil/LPC1700_DFP/2.7.1/RTE_Driver/PIN_LPC17xx.c(27): warning: In file included from...
C:/Users/Sofcon_Lab2/AppData/Local/Arm/Packs/Keil/LPC1700_DFP/2.7.1/RTE_Driver/PIN_LPC17xx.h(106): warning: '_Bool' is a C99 extension [-Wc99-extensions]
extern int32_t PIN_ConfigureI2C0Pins (uint8_t i2cPinMode, bool enableFilterSlewRate);
                                                          ^
C:\Keil_v5\ARM\ARMCLANG\Bin\..\include\stdbool.h(15): note: expanded from macro 'bool'
    #define bool _Bool
                 ^
C:/Users/Sofcon_Lab2/AppData/Local/Arm/Packs/Keil/LPC1700_DFP/2.7.1/RTE_Driver/PIN_LPC17xx.c(33): warning: // comments are not allowed in this language [-Wcomment]
// I2C Pin Configuration register bit description
^
C:/Users/Sofcon_Lab2/AppData/Local/Arm/Packs/Keil/LPC1700_DFP/2.7.1/RTE_Driver/PIN_LPC17xx.c(87): warning: '_Bool' is a C99 extension [-Wc99-extensions]
int32_t PIN_ConfigureTPIU (bool enable)
                           ^
C:\Keil_v5\ARM\ARMCLANG\Bin\..\include\stdbool.h(15): note: expanded from macro 'bool'
    #define bool _Bool
                 ^
C:/Users/Sofcon_Lab2/AppData/Local/Arm/Packs/Keil/LPC1700_DFP/2.7.1/RTE_Driver/PIN_LPC17xx.c(111): warning: '_Bool' is a C99 extension [-Wc99-extensions]
int32_t PIN_ConfigureI2C0Pins (uint8_t i2cPinMode, bool enableFilterSlewRate)
                                                   ^
C:\Keil_v5\ARM\ARMCLANG\Bin\..\include\stdbool.h(15): note: expanded from macro 'bool'
    #define bool _Bool
                 ^
32 warnings generated.
compiling PIN_LPC17xx.c...
RTE/Device/LPC1768/system_LPC17xx.c(36): warning: In file included from...
C:/Users/Sofcon_Lab2/AppData/Local/Arm/Packs/Keil/LPC1700_DFP/2.7.1/Device/Include\LPC17xx.h(90): warning: commas at the end of enumerator lists are a C99-specific feature [-Wc99-extensions]
  CANActivity_IRQn              = 34,       /*!< CAN Activity Interrupt                                                   */
                                    ^~
C:/Users/Sofcon_Lab2/AppData/Local/Arm/Packs/Keil/LPC1700_DFP/2.7.1/Device/Include\LPC17xx.h(200): warning: anonymous structs are a C11 extension [-Wc11-extensions]
    struct {
    ^
C:/Users/Sofcon_Lab2/AppData/Local/Arm/Packs/Keil/LPC1700_DFP/2.7.1/Device/Include\LPC17xx.h(204): warning: anonymous structs are a C11 extension [-Wc11-extensions]
    struct {
    ^
C:/Users/Sofcon_Lab2/AppData/Local/Arm/Packs/Keil/LPC1700_DFP/2.7.1/Device/Include\LPC17xx.h(198): warning: anonymous unions are a C11 extension [-Wc11-extensions]
  union {
  ^
C:/Users/Sofcon_Lab2/AppData/Local/Arm/Packs/Keil/LPC1700_DFP/2.7.1/Device/Include\LPC17xx.h(214): warning: anonymous structs are a C11 extension [-Wc11-extensions]
    struct {
    ^
C:/Users/Sofcon_Lab2/AppData/Local/Arm/Packs/Keil/LPC1700_DFP/2.7.1/Device/Include\LPC17xx.h(218): warning: anonymous structs are a C11 extension [-Wc11-extensions]
    struct {
    ^
C:/Users/Sofcon_Lab2/AppData/Local/Arm/Packs/Keil/LPC1700_DFP/2.7.1/Device/Include\LPC17xx.h(212): warning: anonymous unions are a C11 extension [-Wc11-extensions]
  union {
  ^
C:/Users/Sofcon_Lab2/AppData/Local/Arm/Packs/Keil/LPC1700_DFP/2.7.1/Device/Include\LPC17xx.h(227): warning: anonymous structs are a C11 extension [-Wc11-extensions]
    struct {
    ^
C:/Users/Sofcon_Lab2/AppData/Local/Arm/Packs/Keil/LPC1700_DFP/2.7.1/Device/Include\LPC17xx.h(231): warning: anonymous structs are a C11 extension [-Wc11-extensions]
    struct {
    ^
C:/Users/Sofcon_Lab2/AppData/Local/Arm/Packs/Keil/LPC1700_DFP/2.7.1/Device/Include\LPC17xx.h(225): warning: anonymous unions are a C11 extension [-Wc11-extensions]
  union {
  ^
C:/Users/Sofcon_Lab2/AppData/Local/Arm/Packs/Keil/LPC1700_DFP/2.7.1/Device/Include\LPC17xx.h(240): warning: anonymous structs are a C11 extension [-Wc11-extensions]
    struct {
    ^
C:/Users/Sofcon_Lab2/AppData/Local/Arm/Packs/Keil/LPC1700_DFP/2.7.1/Device/Include\LPC17xx.h(244): warning: anonymous structs are a C11 extension [-Wc11-extensions]
    struct {
    ^
C:/Users/Sofcon_Lab2/AppData/Local/Arm/Packs/Keil/LPC1700_DFP/2.7.1/Device/Include\LPC17xx.h(238): warning: anonymous unions are a C11 extension [-Wc11-extensions]
  union {
  ^
C:/Users/Sofcon_Lab2/AppData/Local/Arm/Packs/Keil/LPC1700_DFP/2.7.1/Device/Include\LPC17xx.h(253): warning: anonymous structs are a C11 extension [-Wc11-extensions]
    struct {
    ^
C:/Users/Sofcon_Lab2/AppData/Local/Arm/Packs/Keil/LPC1700_DFP/2.7.1/Device/Include\LPC17xx.h(257): warning: anonymous structs are a C11 extension [-Wc11-extensions]
    struct {
    ^
C:/Users/Sofcon_Lab2/AppData/Local/Arm/Packs/Keil/LPC1700_DFP/2.7.1/Device/Include\LPC17xx.h(251): warning: anonymous unions are a C11 extension [-Wc11-extensions]
  union {
  ^
C:/Users/Sofcon_Lab2/AppData/Local/Arm/Packs/Keil/LPC1700_DFP/2.7.1/Device/Include\LPC17xx.h(339): warning: anonymous unions are a C11 extension [-Wc11-extensions]
  union {
  ^
C:/Users/Sofcon_Lab2/AppData/Local/Arm/Packs/Keil/LPC1700_DFP/2.7.1/Device/Include\LPC17xx.h(345): warning: anonymous unions are a C11 extension [-Wc11-extensions]
  union {
  ^
C:/Users/Sofcon_Lab2/AppData/Local/Arm/Packs/Keil/LPC1700_DFP/2.7.1/Device/Include\LPC17xx.h(349): warning: anonymous unions are a C11 extension [-Wc11-extensions]
  union {
  ^
C:/Users/Sofcon_Lab2/AppData/Local/Arm/Packs/Keil/LPC1700_DFP/2.7.1/Device/Include\LPC17xx.h(371): warning: anonymous unions are a C11 extension [-Wc11-extensions]
  union {
  ^
C:/Users/Sofcon_Lab2/AppData/Local/Arm/Packs/Keil/LPC1700_DFP/2.7.1/Device/Include\LPC17xx.h(377): warning: anonymous unions are a C11 extension [-Wc11-extensions]
  union {
  ^
C:/Users/Sofcon_Lab2/AppData/Local/Arm/Packs/Keil/LPC1700_DFP/2.7.1/Device/Include\LPC17xx.h(382): warning: anonymous unions are a C11 extension [-Wc11-extensions]
  union {
  ^
C:/Users/Sofcon_Lab2/AppData/Local/Arm/Packs/Keil/LPC1700_DFP/2.7.1/Device/Include\LPC17xx.h(833): warning: anonymous unions are a C11 extension [-Wc11-extensions]
  union {
  ^
C:/Users/Sofcon_Lab2/AppData/Local/Arm/Packs/Keil/LPC1700_DFP/2.7.1/Device/Include\LPC17xx.h(843): warning: anonymous unions are a C11 extension [-Wc11-extensions]
  union {
  ^
C:/Users/Sofcon_Lab2/AppData/Local/Arm/Packs/Keil/LPC1700_DFP/2.7.1/Device/Include\LPC17xx.h(847): warning: anonymous unions are a C11 extension [-Wc11-extensions]
  union {
  ^
C:/Users/Sofcon_Lab2/AppData/Local/Arm/Packs/Keil/LPC1700_DFP/2.7.1/Device/Include\LPC17xx.h(1048): warning: // comments are not allowed in this language [-Wcomment]
#endif  // __LPC17xx_H__
        ^
RTE/Device/LPC1768/system_LPC17xx.c(431): warning: 'long long' is an extension when C99 mode is not enabled [-Wlong-long]
uint32_t SystemCoreClock = __CORE_CLK;
                           ^
RTE/Device/LPC1768/system_LPC17xx.c(410): note: expanded from macro '__CORE_CLK'
        #define __CORE_CLK (__FCCO(OSC_CLK) / __CCLK_DIV)
                            ^
RTE/Device/LPC1768/system_LPC17xx.c(404): note: expanded from macro '__FCCO'
#define __FCCO(__F_IN)    ((2ULL * __M * __F_IN) / __N)
                            ^
RTE/Device/LPC1768/system_LPC17xx.c(445): warning: 'long long' is an extension when C99 mode is not enabled [-Wlong-long]
                          ((2ULL * ((LPC_SC->PLL0STAT & 0x7FFF) + 1)))  /
                            ^
RTE/Device/LPC1768/system_LPC17xx.c(451): warning: 'long long' is an extension when C99 mode is not enabled [-Wlong-long]
                          ((2ULL * ((LPC_SC->PLL0STAT & 0x7FFF) + 1)))  /
                            ^
RTE/Device/LPC1768/system_LPC17xx.c(457): warning: 'long long' is an extension when C99 mode is not enabled [-Wlong-long]
                          ((2ULL * ((LPC_SC->PLL0STAT & 0x7FFF) + 1)))  /
                            ^
30 warnings generated.
compiling system_LPC17xx.c...
12_Main_LCD_8bit.c(115): warning: non-portable path to file '<LPC17xx.h>'; specified path differs in case from file name on disk [-Wnonportable-include-path]
#include<lpc17xx.h>
        ^~~~~~~~~~~
        <LPC17xx.h>
12_Main_LCD_8bit.c(115): warning: In file included from...
C:/Users/Sofcon_Lab2/AppData/Local/Arm/Packs/Keil/LPC1700_DFP/2.7.1/Device/Include\lpc17xx.h(90): warning: commas at the end of enumerator lists are a C99-specific feature [-Wc99-extensions]
  CANActivity_IRQn              = 34,       /*!< CAN Activity Interrupt                                                   */
                                    ^~
C:/Users/Sofcon_Lab2/AppData/Local/Arm/Packs/Keil/LPC1700_DFP/2.7.1/Device/Include\lpc17xx.h(200): warning: anonymous structs are a C11 extension [-Wc11-extensions]
    struct {
    ^
C:/Users/Sofcon_Lab2/AppData/Local/Arm/Packs/Keil/LPC1700_DFP/2.7.1/Device/Include\lpc17xx.h(204): warning: anonymous structs are a C11 extension [-Wc11-extensions]
    struct {
    ^
C:/Users/Sofcon_Lab2/AppData/Local/Arm/Packs/Keil/LPC1700_DFP/2.7.1/Device/Include\lpc17xx.h(198): warning: anonymous unions are a C11 extension [-Wc11-extensions]
  union {
  ^
C:/Users/Sofcon_Lab2/AppData/Local/Arm/Packs/Keil/LPC1700_DFP/2.7.1/Device/Include\lpc17xx.h(214): warning: anonymous structs are a C11 extension [-Wc11-extensions]
    struct {
    ^
C:/Users/Sofcon_Lab2/AppData/Local/Arm/Packs/Keil/LPC1700_DFP/2.7.1/Device/Include\lpc17xx.h(218): warning: anonymous structs are a C11 extension [-Wc11-extensions]
    struct {
    ^
C:/Users/Sofcon_Lab2/AppData/Local/Arm/Packs/Keil/LPC1700_DFP/2.7.1/Device/Include\lpc17xx.h(212): warning: anonymous unions are a C11 extension [-Wc11-extensions]
  union {
  ^
C:/Users/Sofcon_Lab2/AppData/Local/Arm/Packs/Keil/LPC1700_DFP/2.7.1/Device/Include\lpc17xx.h(227): warning: anonymous structs are a C11 extension [-Wc11-extensions]
    struct {
    ^
C:/Users/Sofcon_Lab2/AppData/Local/Arm/Packs/Keil/LPC1700_DFP/2.7.1/Device/Include\lpc17xx.h(231): warning: anonymous structs are a C11 extension [-Wc11-extensions]
    struct {
    ^
C:/Users/Sofcon_Lab2/AppData/Local/Arm/Packs/Keil/LPC1700_DFP/2.7.1/Device/Include\lpc17xx.h(225): warning: anonymous unions are a C11 extension [-Wc11-extensions]
  union {
  ^
C:/Users/Sofcon_Lab2/AppData/Local/Arm/Packs/Keil/LPC1700_DFP/2.7.1/Device/Include\lpc17xx.h(240): warning: anonymous structs are a C11 extension [-Wc11-extensions]
    struct {
    ^
C:/Users/Sofcon_Lab2/AppData/Local/Arm/Packs/Keil/LPC1700_DFP/2.7.1/Device/Include\lpc17xx.h(244): warning: anonymous structs are a C11 extension [-Wc11-extensions]
    struct {
    ^
C:/Users/Sofcon_Lab2/AppData/Local/Arm/Packs/Keil/LPC1700_DFP/2.7.1/Device/Include\lpc17xx.h(238): warning: anonymous unions are a C11 extension [-Wc11-extensions]
  union {
  ^
C:/Users/Sofcon_Lab2/AppData/Local/Arm/Packs/Keil/LPC1700_DFP/2.7.1/Device/Include\lpc17xx.h(253): warning: anonymous structs are a C11 extension [-Wc11-extensions]
    struct {
    ^
C:/Users/Sofcon_Lab2/AppData/Local/Arm/Packs/Keil/LPC1700_DFP/2.7.1/Device/Include\lpc17xx.h(257): warning: anonymous structs are a C11 extension [-Wc11-extensions]
    struct {
    ^
C:/Users/Sofcon_Lab2/AppData/Local/Arm/Packs/Keil/LPC1700_DFP/2.7.1/Device/Include\lpc17xx.h(251): warning: anonymous unions are a C11 extension [-Wc11-extensions]
  union {
  ^
C:/Users/Sofcon_Lab2/AppData/Local/Arm/Packs/Keil/LPC1700_DFP/2.7.1/Device/Include\lpc17xx.h(339): warning: anonymous unions are a C11 extension [-Wc11-extensions]
  union {
  ^
C:/Users/Sofcon_Lab2/AppData/Local/Arm/Packs/Keil/LPC1700_DFP/2.7.1/Device/Include\lpc17xx.h(345): warning: anonymous unions are a C11 extension [-Wc11-extensions]
  union {
  ^
C:/Users/Sofcon_Lab2/AppData/Local/Arm/Packs/Keil/LPC1700_DFP/2.7.1/Device/Include\lpc17xx.h(349): warning: anonymous unions are a C11 extension [-Wc11-extensions]
  union {
  ^
C:/Users/Sofcon_Lab2/AppData/Local/Arm/Packs/Keil/LPC1700_DFP/2.7.1/Device/Include\lpc17xx.h(371): warning: anonymous unions are a C11 extension [-Wc11-extensions]
  union {
  ^
C:/Users/Sofcon_Lab2/AppData/Local/Arm/Packs/Keil/LPC1700_DFP/2.7.1/Device/Include\lpc17xx.h(377): warning: anonymous unions are a C11 extension [-Wc11-extensions]
  union {
  ^
C:/Users/Sofcon_Lab2/AppData/Local/Arm/Packs/Keil/LPC1700_DFP/2.7.1/Device/Include\lpc17xx.h(382): warning: anonymous unions are a C11 extension [-Wc11-extensions]
  union {
  ^
C:/Users/Sofcon_Lab2/AppData/Local/Arm/Packs/Keil/LPC1700_DFP/2.7.1/Device/Include\lpc17xx.h(833): warning: anonymous unions are a C11 extension [-Wc11-extensions]
  union {
  ^
C:/Users/Sofcon_Lab2/AppData/Local/Arm/Packs/Keil/LPC1700_DFP/2.7.1/Device/Include\lpc17xx.h(843): warning: anonymous unions are a C11 extension [-Wc11-extensions]
  union {
  ^
C:/Users/Sofcon_Lab2/AppData/Local/Arm/Packs/Keil/LPC1700_DFP/2.7.1/Device/Include\lpc17xx.h(847): warning: anonymous unions are a C11 extension [-Wc11-extensions]
  union {
  ^
C:/Users/Sofcon_Lab2/AppData/Local/Arm/Packs/Keil/LPC1700_DFP/2.7.1/Device/Include\lpc17xx.h(1048): warning: // comments are not allowed in this language [-Wcomment]
#endif  // __LPC17xx_H__
        ^
12_Main_LCD_8bit.c(141): warning: no previous prototype for function 'delay' [-Wmissing-prototypes]
void delay(int cnt)
     ^
12_Main_LCD_8bit.c(141): note: declare 'static' if the function is not intended to be used outside of this translation unit
void delay(int cnt)
^
static 
12_Main_LCD_8bit.c(150): warning: // comments are not allowed in this language [-Wcomment]
    LcdDataBusPort&=~(LCD_dataBusMask);                  // Clear previous data 
                                                         ^
12_Main_LCD_8bit.c(150): warning: implicit conversion changes signedness: 'int' to 'unsigned int' [-Wsign-conversion]
    LcdDataBusPort&=~(LCD_dataBusMask);                  // Clear previous data 
                  ~~^~~~~~~~~~~~~~~~~~
12_Main_LCD_8bit.c(151): warning: implicit conversion changes signedness: 'int' to 'unsigned int' [-Wsign-conversion]
    LcdDataBusPort|= (((byte >>0x00) & 0x01) << LCD_D0);
                  ~~  ~~~~~~~~~~~~~~~~~~~~~~~^~~~~~~~~
12_Main_LCD_8bit.c(152): warning: implicit conversion changes signedness: 'int' to 'unsigned int' [-Wsign-conversion]
    LcdDataBusPort|= (((byte >>0x01) & 0x01) << LCD_D1);
                  ~~  ~~~~~~~~~~~~~~~~~~~~~~~^~~~~~~~~
12_Main_LCD_8bit.c(153): warning: implicit conversion changes signedness: 'int' to 'unsigned int' [-Wsign-conversion]
    LcdDataBusPort|= (((byte >>0x02) & 0x01) << LCD_D2);
                  ~~  ~~~~~~~~~~~~~~~~~~~~~~~^~~~~~~~~
12_Main_LCD_8bit.c(154): warning: implicit conversion changes signedness: 'int' to 'unsigned int' [-Wsign-conversion]
    LcdDataBusPort|= (((byte >>0x03) & 0x01) << LCD_D3);
                  ~~  ~~~~~~~~~~~~~~~~~~~~~~~^~~~~~~~~
12_Main_LCD_8bit.c(155): warning: implicit conversion changes signedness: 'int' to 'unsigned int' [-Wsign-conversion]
    LcdDataBusPort|= (((byte >>0x04) & 0x01) << LCD_D4);
                  ~~  ~~~~~~~~~~~~~~~~~~~~~~~^~~~~~~~~
12_Main_LCD_8bit.c(156): warning: implicit conversion changes signedness: 'int' to 'unsigned int' [-Wsign-conversion]
    LcdDataBusPort|= (((byte >>0x05) & 0x01) << LCD_D5);
                  ~~  ~~~~~~~~~~~~~~~~~~~~~~~^~~~~~~~~
12_Main_LCD_8bit.c(157): warning: implicit conversion changes signedness: 'int' to 'unsigned int' [-Wsign-conversion]
    LcdDataBusPort|= (((byte >>0x06) & 0x01) << LCD_D6);
                  ~~  ~~~~~~~~~~~~~~~~~~~~~~~^~~~~~~~~
12_Main_LCD_8bit.c(158): warning: implicit conversion changes signedness: 'int' to 'unsigned int' [-Wsign-conversion]
    LcdDataBusPort|= (((byte >>0x07) & 0x01) << LCD_D7);
                  ~~  ~~~~~~~~~~~~~~~~~~~~~~~^~~~~~~~~
12_Main_LCD_8bit.c(148): warning: no previous prototype for function 'sendByte' [-Wmissing-prototypes]
void sendByte(char byte)
     ^
12_Main_LCD_8bit.c(148): note: declare 'static' if the function is not intended to be used outside of this translation unit
void sendByte(char byte)
^
static 
12_Main_LCD_8bit.c(164): warning: implicit conversion changes signedness: 'int' to 'unsigned int' [-Wsign-conversion]
    LcdControlBusPort &= ~(1<<LCD_RS); // Send LOW pulse on RS pin for selecting Command register
                      ~~ ^~~~~~~~~~~~
12_Main_LCD_8bit.c(165): warning: implicit conversion changes signedness: 'int' to 'unsigned int' [-Wsign-conversion]
    LcdControlBusPort &= ~(1<<LCD_RW); // Send LOW pulse on RW pin for Write operation
                      ~~ ^~~~~~~~~~~~
12_Main_LCD_8bit.c(168): warning: implicit conversion changes signedness: 'int' to 'unsigned int' [-Wsign-conversion]
    LcdControlBusPort &= ~(1<<LCD_EN);
                      ~~ ^~~~~~~~~~~~
12_Main_LCD_8bit.c(161): warning: no previous prototype for function 'Lcd_CmdWrite' [-Wmissing-prototypes]
void Lcd_CmdWrite(char cmd)
     ^
12_Main_LCD_8bit.c(161): note: declare 'static' if the function is not intended to be used outside of this translation unit
void Lcd_CmdWrite(char cmd)
^
static 
12_Main_LCD_8bit.c(177): warning: implicit conversion changes signedness: 'int' to 'unsigned int' [-Wsign-conversion]
    LcdControlBusPort &= ~(1<<LCD_RW); // Send LOW pulse on RW pin for Write operation
                      ~~ ^~~~~~~~~~~~
12_Main_LCD_8bit.c(180): warning: implicit conversion changes signedness: 'int' to 'unsigned int' [-Wsign-conversion]
    LcdControlBusPort &= ~(1<<LCD_EN);
                      ~~ ^~~~~~~~~~~~
12_Main_LCD_8bit.c(173): warning: no previous prototype for function 'Lcd_DataWrite' [-Wmissing-prototypes]
void Lcd_DataWrite(char dat)
     ^
12_Main_LCD_8bit.c(173): note: declare 'static' if the function is not intended to be used outside of this translation unit
void Lcd_DataWrite(char dat)
^
static 
12_Main_LCD_8bit.c(215): warning: array subscript is of type 'char' [-Wchar-subscripts]
    for(i=0;a[i]!=0;i++)
             ^~
12_Main_LCD_8bit.c(217): warning: array subscript is of type 'char' [-Wchar-subscripts]
        Lcd_DataWrite(a[i]);
                       ^~
48 warnings generated.
compiling 12_Main_LCD_8bit.c...
linking...
Program Size: Code=1292 RO-data=256 RW-data=0 ZI-data=608  
FromELF: creating hex file...
".\Objects\12_LCD_8Bit.axf" - 0 Error(s), 137 Warning(s).

<h2>Software Packages used:</h2>

Package Vendor: ARM
                http://www.keil.com/pack/ARM.CMSIS.5.9.0.pack
                ARM.CMSIS.5.9.0
                CMSIS (Common Microcontroller Software Interface Standard)
   * Component: CORE Version: 5.6.0

Package Vendor: Keil
                http://www.keil.com/pack/Keil.LPC1700_DFP.2.7.1.pack
                Keil.LPC1700_DFP.2.7.1
                NXP LPC1700 Series Device Support, Drivers and Examples for MCB1700 and LPC1788-32
   * Component: GPIO Version: 1.1.0
   * Component: PIN Version: 1.0.0
   * Component: Startup Version: 1.0.0

<h2>Collection of Component include folders:</h2>
  ./RTE/Device/LPC1768
  ./RTE/_Target_1
  C:/Users/Sofcon_Lab2/AppData/Local/Arm/Packs/ARM/CMSIS/5.9.0/CMSIS/Core/Include
  C:/Users/Sofcon_Lab2/AppData/Local/Arm/Packs/Keil/LPC1700_DFP/2.7.1/Device/Include
  C:/Users/Sofcon_Lab2/AppData/Local/Arm/Packs/Keil/LPC1700_DFP/2.7.1/RTE_Driver

<h2>Collection of Component Files used:</h2>

   * Component: ARM::CMSIS:CORE:5.6.0

   * Component: Keil::Device:GPIO:1.1.0
      Include file:  RTE_Driver/GPIO_LPC17xx.h
      Source file:   RTE_Driver/GPIO_LPC17xx.c

   * Component: Keil::Device:PIN:1.0.0
      Source file:   RTE_Driver/PIN_LPC17xx.c
      Include file:  RTE_Driver/PIN_LPC17xx.h

   * Component: Keil::Device:Startup:1.0.0
      Include file:  Device/Include/LPC17xx.h
      Source file:   Device/Source/system_LPC17xx.c
      Include file:  RTE_Driver/Config/RTE_Device.h
      Source file:   Device/Source/ARM/startup_LPC17xx.s
Build Time Elapsed:  00:00:00
</pre>
</body>
</html>
