<html>
<body>
<pre>
<h1>µVision Build Log</h1>
<h2>Tool Versions:</h2>
IDE-Version: µVision V5.38.0.0
Copyright (C) 2022 ARM Ltd and ARM Germany GmbH. All rights reserved.
License Information: ryry dgdfgdef, dfhgdf, LIC=----
 
Tool Versions:
Toolchain:       MDK-Lite  Version: 5.38.0.0
Toolchain Path:  C:\Keil_v5\ARM\ARMCLANG\Bin
C Compiler:      ArmClang.exe V6.19
Assembler:       Armasm.exe V6.19
Linker/Locator:  ArmLink.exe V6.19
Library Manager: ArmAr.exe V6.19
Hex Converter:   FromElf.exe V6.19
CPU DLL:         SARMCM3.DLL V5.38.0.0
Dialog DLL:      DCM.DLL V1.17.5.0
Target DLL:      UL2CM3.DLL V1.164.8.0
Dialog DLL:      TCM.DLL V1.56.4.0
 
<h2>Project:</h2>
C:\Users\Sofcon_Lab2\Desktop\LPC1768 Projects\16_Timer0_and_Timer_1.uvprojx
Project File Date:  05/01/2023

<h2>Output:</h2>
*** Using Compiler 'V6.19', folder: 'C:\Keil_v5\ARM\ARMCLANG\Bin'
Rebuild target 'Target 1'
type.c(1): warning: ISO C requires a translation unit to contain at least one declaration [-Wempty-translation-unit]
1 warning generated.
compiling type.c...
assembling startup_LPC17xx.s...
16_Main.c(20): warning: In file included from...
C:/Users/Sofcon_Lab2/AppData/Local/Arm/Packs/Keil/LPC1700_DFP/2.7.1/Device/Include\LPC17xx.h(90): warning: commas at the end of enumerator lists are a C99-specific feature [-Wc99-extensions]
  CANActivity_IRQn              = 34,       /*!< CAN Activity Interrupt                                                   */
                                    ^~
C:/Users/Sofcon_Lab2/AppData/Local/Arm/Packs/Keil/LPC1700_DFP/2.7.1/Device/Include\LPC17xx.h(200): warning: anonymous structs are a C11 extension [-Wc11-extensions]
    struct {
    ^
C:/Users/Sofcon_Lab2/AppData/Local/Arm/Packs/Keil/LPC1700_DFP/2.7.1/Device/Include\LPC17xx.h(204): warning: anonymous structs are a C11 extension [-Wc11-extensions]
    struct {
    ^
C:/Users/Sofcon_Lab2/AppData/Local/Arm/Packs/Keil/LPC1700_DFP/2.7.1/Device/Include\LPC17xx.h(198): warning: anonymous unions are a C11 extension [-Wc11-extensions]
  union {
  ^
C:/Users/Sofcon_Lab2/AppData/Local/Arm/Packs/Keil/LPC1700_DFP/2.7.1/Device/Include\LPC17xx.h(214): warning: anonymous structs are a C11 extension [-Wc11-extensions]
    struct {
    ^
C:/Users/Sofcon_Lab2/AppData/Local/Arm/Packs/Keil/LPC1700_DFP/2.7.1/Device/Include\LPC17xx.h(218): warning: anonymous structs are a C11 extension [-Wc11-extensions]
    struct {
    ^
C:/Users/Sofcon_Lab2/AppData/Local/Arm/Packs/Keil/LPC1700_DFP/2.7.1/Device/Include\LPC17xx.h(212): warning: anonymous unions are a C11 extension [-Wc11-extensions]
  union {
  ^
C:/Users/Sofcon_Lab2/AppData/Local/Arm/Packs/Keil/LPC1700_DFP/2.7.1/Device/Include\LPC17xx.h(227): warning: anonymous structs are a C11 extension [-Wc11-extensions]
    struct {
    ^
C:/Users/Sofcon_Lab2/AppData/Local/Arm/Packs/Keil/LPC1700_DFP/2.7.1/Device/Include\LPC17xx.h(231): warning: anonymous structs are a C11 extension [-Wc11-extensions]
    struct {
    ^
C:/Users/Sofcon_Lab2/AppData/Local/Arm/Packs/Keil/LPC1700_DFP/2.7.1/Device/Include\LPC17xx.h(225): warning: anonymous unions are a C11 extension [-Wc11-extensions]
  union {
  ^
C:/Users/Sofcon_Lab2/AppData/Local/Arm/Packs/Keil/LPC1700_DFP/2.7.1/Device/Include\LPC17xx.h(240): warning: anonymous structs are a C11 extension [-Wc11-extensions]
    struct {
    ^
C:/Users/Sofcon_Lab2/AppData/Local/Arm/Packs/Keil/LPC1700_DFP/2.7.1/Device/Include\LPC17xx.h(244): warning: anonymous structs are a C11 extension [-Wc11-extensions]
    struct {
    ^
C:/Users/Sofcon_Lab2/AppData/Local/Arm/Packs/Keil/LPC1700_DFP/2.7.1/Device/Include\LPC17xx.h(238): warning: anonymous unions are a C11 extension [-Wc11-extensions]
  union {
  ^
C:/Users/Sofcon_Lab2/AppData/Local/Arm/Packs/Keil/LPC1700_DFP/2.7.1/Device/Include\LPC17xx.h(253): warning: anonymous structs are a C11 extension [-Wc11-extensions]
    struct {
    ^
C:/Users/Sofcon_Lab2/AppData/Local/Arm/Packs/Keil/LPC1700_DFP/2.7.1/Device/Include\LPC17xx.h(257): warning: anonymous structs are a C11 extension [-Wc11-extensions]
    struct {
    ^
C:/Users/Sofcon_Lab2/AppData/Local/Arm/Packs/Keil/LPC1700_DFP/2.7.1/Device/Include\LPC17xx.h(251): warning: anonymous unions are a C11 extension [-Wc11-extensions]
  union {
  ^
C:/Users/Sofcon_Lab2/AppData/Local/Arm/Packs/Keil/LPC1700_DFP/2.7.1/Device/Include\LPC17xx.h(339): warning: anonymous unions are a C11 extension [-Wc11-extensions]
  union {
  ^
C:/Users/Sofcon_Lab2/AppData/Local/Arm/Packs/Keil/LPC1700_DFP/2.7.1/Device/Include\LPC17xx.h(345): warning: anonymous unions are a C11 extension [-Wc11-extensions]
  union {
  ^
C:/Users/Sofcon_Lab2/AppData/Local/Arm/Packs/Keil/LPC1700_DFP/2.7.1/Device/Include\LPC17xx.h(349): warning: anonymous unions are a C11 extension [-Wc11-extensions]
  union {
  ^
C:/Users/Sofcon_Lab2/AppData/Local/Arm/Packs/Keil/LPC1700_DFP/2.7.1/Device/Include\LPC17xx.h(371): warning: anonymous unions are a C11 extension [-Wc11-extensions]
  union {
  ^
C:/Users/Sofcon_Lab2/AppData/Local/Arm/Packs/Keil/LPC1700_DFP/2.7.1/Device/Include\LPC17xx.h(377): warning: anonymous unions are a C11 extension [-Wc11-extensions]
  union {
  ^
C:/Users/Sofcon_Lab2/AppData/Local/Arm/Packs/Keil/LPC1700_DFP/2.7.1/Device/Include\LPC17xx.h(382): warning: anonymous unions are a C11 extension [-Wc11-extensions]
  union {
  ^
C:/Users/Sofcon_Lab2/AppData/Local/Arm/Packs/Keil/LPC1700_DFP/2.7.1/Device/Include\LPC17xx.h(833): warning: anonymous unions are a C11 extension [-Wc11-extensions]
  union {
  ^
C:/Users/Sofcon_Lab2/AppData/Local/Arm/Packs/Keil/LPC1700_DFP/2.7.1/Device/Include\LPC17xx.h(843): warning: anonymous unions are a C11 extension [-Wc11-extensions]
  union {
  ^
C:/Users/Sofcon_Lab2/AppData/Local/Arm/Packs/Keil/LPC1700_DFP/2.7.1/Device/Include\LPC17xx.h(847): warning: anonymous unions are a C11 extension [-Wc11-extensions]
  union {
  ^
C:/Users/Sofcon_Lab2/AppData/Local/Arm/Packs/Keil/LPC1700_DFP/2.7.1/Device/Include\LPC17xx.h(1048): warning: // comments are not allowed in this language [-Wcomment]
#endif  // __LPC17xx_H__
        ^
16_Main.c(22): warning: In file included from...
./timer.h(28): warning: no newline at end of file [-Wnewline-eof]
******************************************************************************/
                                                                               ^
16_Main.c(44): warning: implicit conversion loses integer precision: 'uint32_t' (aka 'unsigned int') to 'uint8_t' (aka 'unsigned char') [-Wimplicit-int-conversion]
        init_timer( i , TIME_INTERVAL );        
        ~~~~~~~~~~  ^
16_Main.c(45): warning: implicit conversion loses integer precision: 'uint32_t' (aka 'unsigned int') to 'uint8_t' (aka 'unsigned char') [-Wimplicit-int-conversion]
        enable_timer( i );
        ~~~~~~~~~~~~  ^
29 warnings generated.
compiling 16_Main.c...
C:/Users/Sofcon_Lab2/AppData/Local/Arm/Packs/Keil/LPC1700_DFP/2.7.1/RTE_Driver/PIN_LPC17xx.c(26): warning: In file included from...
C:/Users/Sofcon_Lab2/AppData/Local/Arm/Packs/Keil/LPC1700_DFP/2.7.1/Device/Include\LPC17xx.h(90): warning: commas at the end of enumerator lists are a C99-specific feature [-Wc99-extensions]
  CANActivity_IRQn              = 34,       /*!< CAN Activity Interrupt                                                   */
                                    ^~
C:/Users/Sofcon_Lab2/AppData/Local/Arm/Packs/Keil/LPC1700_DFP/2.7.1/Device/Include\LPC17xx.h(200): warning: anonymous structs are a C11 extension [-Wc11-extensions]
    struct {
    ^
C:/Users/Sofcon_Lab2/AppData/Local/Arm/Packs/Keil/LPC1700_DFP/2.7.1/Device/Include\LPC17xx.h(204): warning: anonymous structs are a C11 extension [-Wc11-extensions]
    struct {
    ^
C:/Users/Sofcon_Lab2/AppData/Local/Arm/Packs/Keil/LPC1700_DFP/2.7.1/Device/Include\LPC17xx.h(198): warning: anonymous unions are a C11 extension [-Wc11-extensions]
  union {
  ^
C:/Users/Sofcon_Lab2/AppData/Local/Arm/Packs/Keil/LPC1700_DFP/2.7.1/Device/Include\LPC17xx.h(214): warning: anonymous structs are a C11 extension [-Wc11-extensions]
    struct {
    ^
C:/Users/Sofcon_Lab2/AppData/Local/Arm/Packs/Keil/LPC1700_DFP/2.7.1/Device/Include\LPC17xx.h(218): warning: anonymous structs are a C11 extension [-Wc11-extensions]
    struct {
    ^
C:/Users/Sofcon_Lab2/AppData/Local/Arm/Packs/Keil/LPC1700_DFP/2.7.1/Device/Include\LPC17xx.h(212): warning: anonymous unions are a C11 extension [-Wc11-extensions]
  union {
  ^
C:/Users/Sofcon_Lab2/AppData/Local/Arm/Packs/Keil/LPC1700_DFP/2.7.1/Device/Include\LPC17xx.h(227): warning: anonymous structs are a C11 extension [-Wc11-extensions]
    struct {
    ^
C:/Users/Sofcon_Lab2/AppData/Local/Arm/Packs/Keil/LPC1700_DFP/2.7.1/Device/Include\LPC17xx.h(231): warning: anonymous structs are a C11 extension [-Wc11-extensions]
    struct {
    ^
C:/Users/Sofcon_Lab2/AppData/Local/Arm/Packs/Keil/LPC1700_DFP/2.7.1/Device/Include\LPC17xx.h(225): warning: anonymous unions are a C11 extension [-Wc11-extensions]
  union {
  ^
C:/Users/Sofcon_Lab2/AppData/Local/Arm/Packs/Keil/LPC1700_DFP/2.7.1/Device/Include\LPC17xx.h(240): warning: anonymous structs are a C11 extension [-Wc11-extensions]
    struct {
    ^
C:/Users/Sofcon_Lab2/AppData/Local/Arm/Packs/Keil/LPC1700_DFP/2.7.1/Device/Include\LPC17xx.h(244): warning: anonymous structs are a C11 extension [-Wc11-extensions]
    struct {
    ^
C:/Users/Sofcon_Lab2/AppData/Local/Arm/Packs/Keil/LPC1700_DFP/2.7.1/Device/Include\LPC17xx.h(238): warning: anonymous unions are a C11 extension [-Wc11-extensions]
  union {
  ^
C:/Users/Sofcon_Lab2/AppData/Local/Arm/Packs/Keil/LPC1700_DFP/2.7.1/Device/Include\LPC17xx.h(253): warning: anonymous structs are a C11 extension [-Wc11-extensions]
    struct {
    ^
C:/Users/Sofcon_Lab2/AppData/Local/Arm/Packs/Keil/LPC1700_DFP/2.7.1/Device/Include\LPC17xx.h(257): warning: anonymous structs are a C11 extension [-Wc11-extensions]
    struct {
    ^
C:/Users/Sofcon_Lab2/AppData/Local/Arm/Packs/Keil/LPC1700_DFP/2.7.1/Device/Include\LPC17xx.h(251): warning: anonymous unions are a C11 extension [-Wc11-extensions]
  union {
  ^
C:/Users/Sofcon_Lab2/AppData/Local/Arm/Packs/Keil/LPC1700_DFP/2.7.1/Device/Include\LPC17xx.h(339): warning: anonymous unions are a C11 extension [-Wc11-extensions]
  union {
  ^
C:/Users/Sofcon_Lab2/AppData/Local/Arm/Packs/Keil/LPC1700_DFP/2.7.1/Device/Include\LPC17xx.h(345): warning: anonymous unions are a C11 extension [-Wc11-extensions]
  union {
  ^
C:/Users/Sofcon_Lab2/AppData/Local/Arm/Packs/Keil/LPC1700_DFP/2.7.1/Device/Include\LPC17xx.h(349): warning: anonymous unions are a C11 extension [-Wc11-extensions]
  union {
  ^
C:/Users/Sofcon_Lab2/AppData/Local/Arm/Packs/Keil/LPC1700_DFP/2.7.1/Device/Include\LPC17xx.h(371): warning: anonymous unions are a C11 extension [-Wc11-extensions]
  union {
  ^
C:/Users/Sofcon_Lab2/AppData/Local/Arm/Packs/Keil/LPC1700_DFP/2.7.1/Device/Include\LPC17xx.h(377): warning: anonymous unions are a C11 extension [-Wc11-extensions]
  union {
  ^
C:/Users/Sofcon_Lab2/AppData/Local/Arm/Packs/Keil/LPC1700_DFP/2.7.1/Device/Include\LPC17xx.h(382): warning: anonymous unions are a C11 extension [-Wc11-extensions]
  union {
  ^
C:/Users/Sofcon_Lab2/AppData/Local/Arm/Packs/Keil/LPC1700_DFP/2.7.1/Device/Include\LPC17xx.h(833): warning: anonymous unions are a C11 extension [-Wc11-extensions]
  union {
  ^
C:/Users/Sofcon_Lab2/AppData/Local/Arm/Packs/Keil/LPC1700_DFP/2.7.1/Device/Include\LPC17xx.h(843): warning: anonymous unions are a C11 extension [-Wc11-extensions]
  union {
  ^
C:/Users/Sofcon_Lab2/AppData/Local/Arm/Packs/Keil/LPC1700_DFP/2.7.1/Device/Include\LPC17xx.h(847): warning: anonymous unions are a C11 extension [-Wc11-extensions]
  union {
  ^
C:/Users/Sofcon_Lab2/AppData/Local/Arm/Packs/Keil/LPC1700_DFP/2.7.1/Device/Include\LPC17xx.h(1048): warning: // comments are not allowed in this language [-Wcomment]
#endif  // __LPC17xx_H__
        ^
C:/Users/Sofcon_Lab2/AppData/Local/Arm/Packs/Keil/LPC1700_DFP/2.7.1/RTE_Driver/PIN_LPC17xx.c(27): warning: In file included from...
C:/Users/Sofcon_Lab2/AppData/Local/Arm/Packs/Keil/LPC1700_DFP/2.7.1/RTE_Driver/PIN_LPC17xx.h(32): warning: // comments are not allowed in this language [-Wcomment]
// Pin Configuration
^
C:/Users/Sofcon_Lab2/AppData/Local/Arm/Packs/Keil/LPC1700_DFP/2.7.1/RTE_Driver/PIN_LPC17xx.h(90): warning: '_Bool' is a C99 extension [-Wc99-extensions]
extern int32_t PIN_ConfigureTPIU (bool enable);
                                  ^
C:\Keil_v5\ARM\ARMCLANG\Bin\..\include\stdbool.h(15): note: expanded from macro 'bool'
    #define bool _Bool
                 ^
C:/Users/Sofcon_Lab2/AppData/Local/Arm/Packs/Keil/LPC1700_DFP/2.7.1/RTE_Driver/PIN_LPC17xx.c(27): warning: In file included from...
C:/Users/Sofcon_Lab2/AppData/Local/Arm/Packs/Keil/LPC1700_DFP/2.7.1/RTE_Driver/PIN_LPC17xx.h(106): warning: '_Bool' is a C99 extension [-Wc99-extensions]
extern int32_t PIN_ConfigureI2C0Pins (uint8_t i2cPinMode, bool enableFilterSlewRate);
                                                          ^
C:\Keil_v5\ARM\ARMCLANG\Bin\..\include\stdbool.h(15): note: expanded from macro 'bool'
    #define bool _Bool
                 ^
C:/Users/Sofcon_Lab2/AppData/Local/Arm/Packs/Keil/LPC1700_DFP/2.7.1/RTE_Driver/PIN_LPC17xx.c(33): warning: // comments are not allowed in this language [-Wcomment]
// I2C Pin Configuration register bit description
^
C:/Users/Sofcon_Lab2/AppData/Local/Arm/Packs/Keil/LPC1700_DFP/2.7.1/RTE_Driver/PIN_LPC17xx.c(87): warning: '_Bool' is a C99 extension [-Wc99-extensions]
int32_t PIN_ConfigureTPIU (bool enable)
                           ^
C:\Keil_v5\ARM\ARMCLANG\Bin\..\include\stdbool.h(15): note: expanded from macro 'bool'
    #define bool _Bool
                 ^
C:/Users/Sofcon_Lab2/AppData/Local/Arm/Packs/Keil/LPC1700_DFP/2.7.1/RTE_Driver/PIN_LPC17xx.c(111): warning: '_Bool' is a C99 extension [-Wc99-extensions]
int32_t PIN_ConfigureI2C0Pins (uint8_t i2cPinMode, bool enableFilterSlewRate)
                                                   ^
C:\Keil_v5\ARM\ARMCLANG\Bin\..\include\stdbool.h(15): note: expanded from macro 'bool'
    #define bool _Bool
                 ^
32 warnings generated.
compiling PIN_LPC17xx.c...
RTE/Device/LPC1768/system_LPC17xx.c(36): warning: In file included from...
C:/Users/Sofcon_Lab2/AppData/Local/Arm/Packs/Keil/LPC1700_DFP/2.7.1/Device/Include\LPC17xx.h(90): warning: commas at the end of enumerator lists are a C99-specific feature [-Wc99-extensions]
  CANActivity_IRQn              = 34,       /*!< CAN Activity Interrupt                                                   */
                                    ^~
C:/Users/Sofcon_Lab2/AppData/Local/Arm/Packs/Keil/LPC1700_DFP/2.7.1/Device/Include\LPC17xx.h(200): warning: anonymous structs are a C11 extension [-Wc11-extensions]
    struct {
    ^
C:/Users/Sofcon_Lab2/AppData/Local/Arm/Packs/Keil/LPC1700_DFP/2.7.1/Device/Include\LPC17xx.h(204): warning: anonymous structs are a C11 extension [-Wc11-extensions]
    struct {
    ^
C:/Users/Sofcon_Lab2/AppData/Local/Arm/Packs/Keil/LPC1700_DFP/2.7.1/Device/Include\LPC17xx.h(198): warning: anonymous unions are a C11 extension [-Wc11-extensions]
  union {
  ^
C:/Users/Sofcon_Lab2/AppData/Local/Arm/Packs/Keil/LPC1700_DFP/2.7.1/Device/Include\LPC17xx.h(214): warning: anonymous structs are a C11 extension [-Wc11-extensions]
    struct {
    ^
C:/Users/Sofcon_Lab2/AppData/Local/Arm/Packs/Keil/LPC1700_DFP/2.7.1/Device/Include\LPC17xx.h(218): warning: anonymous structs are a C11 extension [-Wc11-extensions]
    struct {
    ^
C:/Users/Sofcon_Lab2/AppData/Local/Arm/Packs/Keil/LPC1700_DFP/2.7.1/Device/Include\LPC17xx.h(212): warning: anonymous unions are a C11 extension [-Wc11-extensions]
  union {
  ^
C:/Users/Sofcon_Lab2/AppData/Local/Arm/Packs/Keil/LPC1700_DFP/2.7.1/Device/Include\LPC17xx.h(227): warning: anonymous structs are a C11 extension [-Wc11-extensions]
    struct {
    ^
C:/Users/Sofcon_Lab2/AppData/Local/Arm/Packs/Keil/LPC1700_DFP/2.7.1/Device/Include\LPC17xx.h(231): warning: anonymous structs are a C11 extension [-Wc11-extensions]
    struct {
    ^
C:/Users/Sofcon_Lab2/AppData/Local/Arm/Packs/Keil/LPC1700_DFP/2.7.1/Device/Include\LPC17xx.h(225): warning: anonymous unions are a C11 extension [-Wc11-extensions]
  union {
  ^
C:/Users/Sofcon_Lab2/AppData/Local/Arm/Packs/Keil/LPC1700_DFP/2.7.1/Device/Include\LPC17xx.h(240): warning: anonymous structs are a C11 extension [-Wc11-extensions]
    struct {
    ^
C:/Users/Sofcon_Lab2/AppData/Local/Arm/Packs/Keil/LPC1700_DFP/2.7.1/Device/Include\LPC17xx.h(244): warning: anonymous structs are a C11 extension [-Wc11-extensions]
    struct {
    ^
C:/Users/Sofcon_Lab2/AppData/Local/Arm/Packs/Keil/LPC1700_DFP/2.7.1/Device/Include\LPC17xx.h(238): warning: anonymous unions are a C11 extension [-Wc11-extensions]
  union {
  ^
C:/Users/Sofcon_Lab2/AppData/Local/Arm/Packs/Keil/LPC1700_DFP/2.7.1/Device/Include\LPC17xx.h(253): warning: anonymous structs are a C11 extension [-Wc11-extensions]
    struct {
    ^
C:/Users/Sofcon_Lab2/AppData/Local/Arm/Packs/Keil/LPC1700_DFP/2.7.1/Device/Include\LPC17xx.h(257): warning: anonymous structs are a C11 extension [-Wc11-extensions]
    struct {
    ^
C:/Users/Sofcon_Lab2/AppData/Local/Arm/Packs/Keil/LPC1700_DFP/2.7.1/Device/Include\LPC17xx.h(251): warning: anonymous unions are a C11 extension [-Wc11-extensions]
  union {
  ^
C:/Users/Sofcon_Lab2/AppData/Local/Arm/Packs/Keil/LPC1700_DFP/2.7.1/Device/Include\LPC17xx.h(339): warning: anonymous unions are a C11 extension [-Wc11-extensions]
  union {
  ^
C:/Users/Sofcon_Lab2/AppData/Local/Arm/Packs/Keil/LPC1700_DFP/2.7.1/Device/Include\LPC17xx.h(345): warning: anonymous unions are a C11 extension [-Wc11-extensions]
  union {
  ^
C:/Users/Sofcon_Lab2/AppData/Local/Arm/Packs/Keil/LPC1700_DFP/2.7.1/Device/Include\LPC17xx.h(349): warning: anonymous unions are a C11 extension [-Wc11-extensions]
  union {
  ^
C:/Users/Sofcon_Lab2/AppData/Local/Arm/Packs/Keil/LPC1700_DFP/2.7.1/Device/Include\LPC17xx.h(371): warning: anonymous unions are a C11 extension [-Wc11-extensions]
  union {
  ^
C:/Users/Sofcon_Lab2/AppData/Local/Arm/Packs/Keil/LPC1700_DFP/2.7.1/Device/Include\LPC17xx.h(377): warning: anonymous unions are a C11 extension [-Wc11-extensions]
  union {
  ^
C:/Users/Sofcon_Lab2/AppData/Local/Arm/Packs/Keil/LPC1700_DFP/2.7.1/Device/Include\LPC17xx.h(382): warning: anonymous unions are a C11 extension [-Wc11-extensions]
  union {
  ^
C:/Users/Sofcon_Lab2/AppData/Local/Arm/Packs/Keil/LPC1700_DFP/2.7.1/Device/Include\LPC17xx.h(833): warning: anonymous unions are a C11 extension [-Wc11-extensions]
  union {
  ^
C:/Users/Sofcon_Lab2/AppData/Local/Arm/Packs/Keil/LPC1700_DFP/2.7.1/Device/Include\LPC17xx.h(843): warning: anonymous unions are a C11 extension [-Wc11-extensions]
  union {
  ^
C:/Users/Sofcon_Lab2/AppData/Local/Arm/Packs/Keil/LPC1700_DFP/2.7.1/Device/Include\LPC17xx.h(847): warning: anonymous unions are a C11 extension [-Wc11-extensions]
  union {
  ^
C:/Users/Sofcon_Lab2/AppData/Local/Arm/Packs/Keil/LPC1700_DFP/2.7.1/Device/Include\LPC17xx.h(1048): warning: // comments are not allowed in this language [-Wcomment]
#endif  // __LPC17xx_H__
        ^
RTE/Device/LPC1768/system_LPC17xx.c(431): warning: 'long long' is an extension when C99 mode is not enabled [-Wlong-long]
uint32_t SystemCoreClock = __CORE_CLK;
                           ^
RTE/Device/LPC1768/system_LPC17xx.c(410): note: expanded from macro '__CORE_CLK'
        #define __CORE_CLK (__FCCO(OSC_CLK) / __CCLK_DIV)
                            ^
RTE/Device/LPC1768/system_LPC17xx.c(404): note: expanded from macro '__FCCO'
#define __FCCO(__F_IN)    ((2ULL * __M * __F_IN) / __N)
                            ^
RTE/Device/LPC1768/system_LPC17xx.c(445): warning: 'long long' is an extension when C99 mode is not enabled [-Wlong-long]
                          ((2ULL * ((LPC_SC->PLL0STAT & 0x7FFF) + 1)))  /
                            ^
RTE/Device/LPC1768/system_LPC17xx.c(451): warning: 'long long' is an extension when C99 mode is not enabled [-Wlong-long]
                          ((2ULL * ((LPC_SC->PLL0STAT & 0x7FFF) + 1)))  /
                            ^
RTE/Device/LPC1768/system_LPC17xx.c(457): warning: 'long long' is an extension when C99 mode is not enabled [-Wlong-long]
                          ((2ULL * ((LPC_SC->PLL0STAT & 0x7FFF) + 1)))  /
                            ^
30 warnings generated.
compiling system_LPC17xx.c...
C:/Users/Sofcon_Lab2/AppData/Local/Arm/Packs/Keil/LPC1700_DFP/2.7.1/RTE_Driver/GPIO_LPC17xx.c(26): warning: In file included from...
C:/Users/Sofcon_Lab2/AppData/Local/Arm/Packs/Keil/LPC1700_DFP/2.7.1/RTE_Driver/GPIO_LPC17xx.h(30): warning: In file included from...
C:/Users/Sofcon_Lab2/AppData/Local/Arm/Packs/Keil/LPC1700_DFP/2.7.1/Device/Include\LPC17xx.h(90): warning: commas at the end of enumerator lists are a C99-specific feature [-Wc99-extensions]
  CANActivity_IRQn              = 34,       /*!< CAN Activity Interrupt                                                   */
                                    ^~
C:/Users/Sofcon_Lab2/AppData/Local/Arm/Packs/Keil/LPC1700_DFP/2.7.1/Device/Include\LPC17xx.h(200): warning: anonymous structs are a C11 extension [-Wc11-extensions]
    struct {
    ^
C:/Users/Sofcon_Lab2/AppData/Local/Arm/Packs/Keil/LPC1700_DFP/2.7.1/Device/Include\LPC17xx.h(204): warning: anonymous structs are a C11 extension [-Wc11-extensions]
    struct {
    ^
C:/Users/Sofcon_Lab2/AppData/Local/Arm/Packs/Keil/LPC1700_DFP/2.7.1/Device/Include\LPC17xx.h(198): warning: anonymous unions are a C11 extension [-Wc11-extensions]
  union {
  ^
C:/Users/Sofcon_Lab2/AppData/Local/Arm/Packs/Keil/LPC1700_DFP/2.7.1/Device/Include\LPC17xx.h(214): warning: anonymous structs are a C11 extension [-Wc11-extensions]
    struct {
    ^
C:/Users/Sofcon_Lab2/AppData/Local/Arm/Packs/Keil/LPC1700_DFP/2.7.1/Device/Include\LPC17xx.h(218): warning: anonymous structs are a C11 extension [-Wc11-extensions]
    struct {
    ^
C:/Users/Sofcon_Lab2/AppData/Local/Arm/Packs/Keil/LPC1700_DFP/2.7.1/Device/Include\LPC17xx.h(212): warning: anonymous unions are a C11 extension [-Wc11-extensions]
  union {
  ^
C:/Users/Sofcon_Lab2/AppData/Local/Arm/Packs/Keil/LPC1700_DFP/2.7.1/Device/Include\LPC17xx.h(227): warning: anonymous structs are a C11 extension [-Wc11-extensions]
    struct {
    ^
C:/Users/Sofcon_Lab2/AppData/Local/Arm/Packs/Keil/LPC1700_DFP/2.7.1/Device/Include\LPC17xx.h(231): warning: anonymous structs are a C11 extension [-Wc11-extensions]
    struct {
    ^
C:/Users/Sofcon_Lab2/AppData/Local/Arm/Packs/Keil/LPC1700_DFP/2.7.1/Device/Include\LPC17xx.h(225): warning: anonymous unions are a C11 extension [-Wc11-extensions]
  union {
  ^
C:/Users/Sofcon_Lab2/AppData/Local/Arm/Packs/Keil/LPC1700_DFP/2.7.1/Device/Include\LPC17xx.h(240): warning: anonymous structs are a C11 extension [-Wc11-extensions]
    struct {
    ^
C:/Users/Sofcon_Lab2/AppData/Local/Arm/Packs/Keil/LPC1700_DFP/2.7.1/Device/Include\LPC17xx.h(244): warning: anonymous structs are a C11 extension [-Wc11-extensions]
    struct {
    ^
C:/Users/Sofcon_Lab2/AppData/Local/Arm/Packs/Keil/LPC1700_DFP/2.7.1/Device/Include\LPC17xx.h(238): warning: anonymous unions are a C11 extension [-Wc11-extensions]
  union {
  ^
C:/Users/Sofcon_Lab2/AppData/Local/Arm/Packs/Keil/LPC1700_DFP/2.7.1/Device/Include\LPC17xx.h(253): warning: anonymous structs are a C11 extension [-Wc11-extensions]
    struct {
    ^
C:/Users/Sofcon_Lab2/AppData/Local/Arm/Packs/Keil/LPC1700_DFP/2.7.1/Device/Include\LPC17xx.h(257): warning: anonymous structs are a C11 extension [-Wc11-extensions]
    struct {
    ^
C:/Users/Sofcon_Lab2/AppData/Local/Arm/Packs/Keil/LPC1700_DFP/2.7.1/Device/Include\LPC17xx.h(251): warning: anonymous unions are a C11 extension [-Wc11-extensions]
  union {
  ^
C:/Users/Sofcon_Lab2/AppData/Local/Arm/Packs/Keil/LPC1700_DFP/2.7.1/Device/Include\LPC17xx.h(339): warning: anonymous unions are a C11 extension [-Wc11-extensions]
  union {
  ^
C:/Users/Sofcon_Lab2/AppData/Local/Arm/Packs/Keil/LPC1700_DFP/2.7.1/Device/Include\LPC17xx.h(345): warning: anonymous unions are a C11 extension [-Wc11-extensions]
  union {
  ^
C:/Users/Sofcon_Lab2/AppData/Local/Arm/Packs/Keil/LPC1700_DFP/2.7.1/Device/Include\LPC17xx.h(349): warning: anonymous unions are a C11 extension [-Wc11-extensions]
  union {
  ^
C:/Users/Sofcon_Lab2/AppData/Local/Arm/Packs/Keil/LPC1700_DFP/2.7.1/Device/Include\LPC17xx.h(371): warning: anonymous unions are a C11 extension [-Wc11-extensions]
  union {
  ^
C:/Users/Sofcon_Lab2/AppData/Local/Arm/Packs/Keil/LPC1700_DFP/2.7.1/Device/Include\LPC17xx.h(377): warning: anonymous unions are a C11 extension [-Wc11-extensions]
  union {
  ^
C:/Users/Sofcon_Lab2/AppData/Local/Arm/Packs/Keil/LPC1700_DFP/2.7.1/Device/Include\LPC17xx.h(382): warning: anonymous unions are a C11 extension [-Wc11-extensions]
  union {
  ^
C:/Users/Sofcon_Lab2/AppData/Local/Arm/Packs/Keil/LPC1700_DFP/2.7.1/Device/Include\LPC17xx.h(833): warning: anonymous unions are a C11 extension [-Wc11-extensions]
  union {
  ^
C:/Users/Sofcon_Lab2/AppData/Local/Arm/Packs/Keil/LPC1700_DFP/2.7.1/Device/Include\LPC17xx.h(843): warning: anonymous unions are a C11 extension [-Wc11-extensions]
  union {
  ^
C:/Users/Sofcon_Lab2/AppData/Local/Arm/Packs/Keil/LPC1700_DFP/2.7.1/Device/Include\LPC17xx.h(847): warning: anonymous unions are a C11 extension [-Wc11-extensions]
  union {
  ^
C:/Users/Sofcon_Lab2/AppData/Local/Arm/Packs/Keil/LPC1700_DFP/2.7.1/Device/Include\LPC17xx.h(1048): warning: // comments are not allowed in this language [-Wcomment]
#endif  // __LPC17xx_H__
        ^
C:/Users/Sofcon_Lab2/AppData/Local/Arm/Packs/Keil/LPC1700_DFP/2.7.1/RTE_Driver/GPIO_LPC17xx.c(26): warning: In file included from...
C:/Users/Sofcon_Lab2/AppData/Local/Arm/Packs/Keil/LPC1700_DFP/2.7.1/RTE_Driver/GPIO_LPC17xx.h(35): warning: // comments are not allowed in this language [-Wcomment]
// GPIO identifier
^
27 warnings generated.
compiling GPIO_LPC17xx.c...
timer.c(21): warning: In file included from...
C:/Users/Sofcon_Lab2/AppData/Local/Arm/Packs/Keil/LPC1700_DFP/2.7.1/Device/Include\LPC17xx.h(90): warning: commas at the end of enumerator lists are a C99-specific feature [-Wc99-extensions]
  CANActivity_IRQn              = 34,       /*!< CAN Activity Interrupt                                                   */
                                    ^~
C:/Users/Sofcon_Lab2/AppData/Local/Arm/Packs/Keil/LPC1700_DFP/2.7.1/Device/Include\LPC17xx.h(200): warning: anonymous structs are a C11 extension [-Wc11-extensions]
    struct {
    ^
C:/Users/Sofcon_Lab2/AppData/Local/Arm/Packs/Keil/LPC1700_DFP/2.7.1/Device/Include\LPC17xx.h(204): warning: anonymous structs are a C11 extension [-Wc11-extensions]
    struct {
    ^
C:/Users/Sofcon_Lab2/AppData/Local/Arm/Packs/Keil/LPC1700_DFP/2.7.1/Device/Include\LPC17xx.h(198): warning: anonymous unions are a C11 extension [-Wc11-extensions]
  union {
  ^
C:/Users/Sofcon_Lab2/AppData/Local/Arm/Packs/Keil/LPC1700_DFP/2.7.1/Device/Include\LPC17xx.h(214): warning: anonymous structs are a C11 extension [-Wc11-extensions]
    struct {
    ^
C:/Users/Sofcon_Lab2/AppData/Local/Arm/Packs/Keil/LPC1700_DFP/2.7.1/Device/Include\LPC17xx.h(218): warning: anonymous structs are a C11 extension [-Wc11-extensions]
    struct {
    ^
C:/Users/Sofcon_Lab2/AppData/Local/Arm/Packs/Keil/LPC1700_DFP/2.7.1/Device/Include\LPC17xx.h(212): warning: anonymous unions are a C11 extension [-Wc11-extensions]
  union {
  ^
C:/Users/Sofcon_Lab2/AppData/Local/Arm/Packs/Keil/LPC1700_DFP/2.7.1/Device/Include\LPC17xx.h(227): warning: anonymous structs are a C11 extension [-Wc11-extensions]
    struct {
    ^
C:/Users/Sofcon_Lab2/AppData/Local/Arm/Packs/Keil/LPC1700_DFP/2.7.1/Device/Include\LPC17xx.h(231): warning: anonymous structs are a C11 extension [-Wc11-extensions]
    struct {
    ^
C:/Users/Sofcon_Lab2/AppData/Local/Arm/Packs/Keil/LPC1700_DFP/2.7.1/Device/Include\LPC17xx.h(225): warning: anonymous unions are a C11 extension [-Wc11-extensions]
  union {
  ^
C:/Users/Sofcon_Lab2/AppData/Local/Arm/Packs/Keil/LPC1700_DFP/2.7.1/Device/Include\LPC17xx.h(240): warning: anonymous structs are a C11 extension [-Wc11-extensions]
    struct {
    ^
C:/Users/Sofcon_Lab2/AppData/Local/Arm/Packs/Keil/LPC1700_DFP/2.7.1/Device/Include\LPC17xx.h(244): warning: anonymous structs are a C11 extension [-Wc11-extensions]
    struct {
    ^
C:/Users/Sofcon_Lab2/AppData/Local/Arm/Packs/Keil/LPC1700_DFP/2.7.1/Device/Include\LPC17xx.h(238): warning: anonymous unions are a C11 extension [-Wc11-extensions]
  union {
  ^
C:/Users/Sofcon_Lab2/AppData/Local/Arm/Packs/Keil/LPC1700_DFP/2.7.1/Device/Include\LPC17xx.h(253): warning: anonymous structs are a C11 extension [-Wc11-extensions]
    struct {
    ^
C:/Users/Sofcon_Lab2/AppData/Local/Arm/Packs/Keil/LPC1700_DFP/2.7.1/Device/Include\LPC17xx.h(257): warning: anonymous structs are a C11 extension [-Wc11-extensions]
    struct {
    ^
C:/Users/Sofcon_Lab2/AppData/Local/Arm/Packs/Keil/LPC1700_DFP/2.7.1/Device/Include\LPC17xx.h(251): warning: anonymous unions are a C11 extension [-Wc11-extensions]
  union {
  ^
C:/Users/Sofcon_Lab2/AppData/Local/Arm/Packs/Keil/LPC1700_DFP/2.7.1/Device/Include\LPC17xx.h(339): warning: anonymous unions are a C11 extension [-Wc11-extensions]
  union {
  ^
C:/Users/Sofcon_Lab2/AppData/Local/Arm/Packs/Keil/LPC1700_DFP/2.7.1/Device/Include\LPC17xx.h(345): warning: anonymous unions are a C11 extension [-Wc11-extensions]
  union {
  ^
C:/Users/Sofcon_Lab2/AppData/Local/Arm/Packs/Keil/LPC1700_DFP/2.7.1/Device/Include\LPC17xx.h(349): warning: anonymous unions are a C11 extension [-Wc11-extensions]
  union {
  ^
C:/Users/Sofcon_Lab2/AppData/Local/Arm/Packs/Keil/LPC1700_DFP/2.7.1/Device/Include\LPC17xx.h(371): warning: anonymous unions are a C11 extension [-Wc11-extensions]
  union {
  ^
C:/Users/Sofcon_Lab2/AppData/Local/Arm/Packs/Keil/LPC1700_DFP/2.7.1/Device/Include\LPC17xx.h(377): warning: anonymous unions are a C11 extension [-Wc11-extensions]
  union {
  ^
C:/Users/Sofcon_Lab2/AppData/Local/Arm/Packs/Keil/LPC1700_DFP/2.7.1/Device/Include\LPC17xx.h(382): warning: anonymous unions are a C11 extension [-Wc11-extensions]
  union {
  ^
C:/Users/Sofcon_Lab2/AppData/Local/Arm/Packs/Keil/LPC1700_DFP/2.7.1/Device/Include\LPC17xx.h(833): warning: anonymous unions are a C11 extension [-Wc11-extensions]
  union {
  ^
C:/Users/Sofcon_Lab2/AppData/Local/Arm/Packs/Keil/LPC1700_DFP/2.7.1/Device/Include\LPC17xx.h(843): warning: anonymous unions are a C11 extension [-Wc11-extensions]
  union {
  ^
C:/Users/Sofcon_Lab2/AppData/Local/Arm/Packs/Keil/LPC1700_DFP/2.7.1/Device/Include\LPC17xx.h(847): warning: anonymous unions are a C11 extension [-Wc11-extensions]
  union {
  ^
C:/Users/Sofcon_Lab2/AppData/Local/Arm/Packs/Keil/LPC1700_DFP/2.7.1/Device/Include\LPC17xx.h(1048): warning: // comments are not allowed in this language [-Wcomment]
#endif  // __LPC17xx_H__
        ^
timer.c(23): warning: In file included from...
./timer.h(28): warning: no newline at end of file [-Wnewline-eof]
******************************************************************************/
                                                                               ^
timer.c(25): warning: no previous extern declaration for non-static variable 'timer0_m0_counter' [-Wmissing-variable-declarations]
volatile uint32_t timer0_m0_counter = 0;
                  ^
timer.c(25): note: declare 'static' if the variable is not intended to be used outside of this translation unit
volatile uint32_t timer0_m0_counter = 0;
         ^
timer.c(26): warning: no previous extern declaration for non-static variable 'timer1_m0_counter' [-Wmissing-variable-declarations]
volatile uint32_t timer1_m0_counter = 0;
                  ^
timer.c(26): note: declare 'static' if the variable is not intended to be used outside of this translation unit
volatile uint32_t timer1_m0_counter = 0;
         ^
timer.c(27): warning: no previous extern declaration for non-static variable 'timer2_m0_counter' [-Wmissing-variable-declarations]
volatile uint32_t timer2_m0_counter = 0;
                  ^
timer.c(27): note: declare 'static' if the variable is not intended to be used outside of this translation unit
volatile uint32_t timer2_m0_counter = 0;
         ^
timer.c(28): warning: no previous extern declaration for non-static variable 'timer3_m0_counter' [-Wmissing-variable-declarations]
volatile uint32_t timer3_m0_counter = 0;
                  ^
timer.c(28): note: declare 'static' if the variable is not intended to be used outside of this translation unit
volatile uint32_t timer3_m0_counter = 0;
         ^
timer.c(29): warning: no previous extern declaration for non-static variable 'timer0_m1_counter' [-Wmissing-variable-declarations]
volatile uint32_t timer0_m1_counter = 0;
                  ^
timer.c(29): note: declare 'static' if the variable is not intended to be used outside of this translation unit
volatile uint32_t timer0_m1_counter = 0;
         ^
timer.c(30): warning: no previous extern declaration for non-static variable 'timer1_m1_counter' [-Wmissing-variable-declarations]
volatile uint32_t timer1_m1_counter = 0;
                  ^
timer.c(30): note: declare 'static' if the variable is not intended to be used outside of this translation unit
volatile uint32_t timer1_m1_counter = 0;
         ^
timer.c(31): warning: no previous extern declaration for non-static variable 'timer2_m1_counter' [-Wmissing-variable-declarations]
volatile uint32_t timer2_m1_counter = 0;
                  ^
timer.c(31): note: declare 'static' if the variable is not intended to be used outside of this translation unit
volatile uint32_t timer2_m1_counter = 0;
         ^
timer.c(32): warning: no previous extern declaration for non-static variable 'timer3_m1_counter' [-Wmissing-variable-declarations]
volatile uint32_t timer3_m1_counter = 0;
                  ^
timer.c(32): note: declare 'static' if the variable is not intended to be used outside of this translation unit
volatile uint32_t timer3_m1_counter = 0;
         ^
timer.c(34): warning: no previous extern declaration for non-static variable 'timer0_capture0' [-Wmissing-variable-declarations]
volatile uint32_t timer0_capture0 = 0;
                  ^
timer.c(34): note: declare 'static' if the variable is not intended to be used outside of this translation unit
volatile uint32_t timer0_capture0 = 0;
         ^
timer.c(35): warning: no previous extern declaration for non-static variable 'timer1_capture0' [-Wmissing-variable-declarations]
volatile uint32_t timer1_capture0 = 0;
                  ^
timer.c(35): note: declare 'static' if the variable is not intended to be used outside of this translation unit
volatile uint32_t timer1_capture0 = 0;
         ^
timer.c(36): warning: no previous extern declaration for non-static variable 'timer2_capture0' [-Wmissing-variable-declarations]
volatile uint32_t timer2_capture0 = 0;
                  ^
timer.c(36): note: declare 'static' if the variable is not intended to be used outside of this translation unit
volatile uint32_t timer2_capture0 = 0;
         ^
timer.c(37): warning: no previous extern declaration for non-static variable 'timer3_capture0' [-Wmissing-variable-declarations]
volatile uint32_t timer3_capture0 = 0;
                  ^
timer.c(37): note: declare 'static' if the variable is not intended to be used outside of this translation unit
volatile uint32_t timer3_capture0 = 0;
         ^
timer.c(38): warning: no previous extern declaration for non-static variable 'timer0_capture1' [-Wmissing-variable-declarations]
volatile uint32_t timer0_capture1 = 0;
                  ^
timer.c(38): note: declare 'static' if the variable is not intended to be used outside of this translation unit
volatile uint32_t timer0_capture1 = 0;
         ^
timer.c(39): warning: no previous extern declaration for non-static variable 'timer1_capture1' [-Wmissing-variable-declarations]
volatile uint32_t timer1_capture1 = 0;
                  ^
timer.c(39): note: declare 'static' if the variable is not intended to be used outside of this translation unit
volatile uint32_t timer1_capture1 = 0;
         ^
timer.c(40): warning: no previous extern declaration for non-static variable 'timer2_capture1' [-Wmissing-variable-declarations]
volatile uint32_t timer2_capture1 = 0;
                  ^
timer.c(40): note: declare 'static' if the variable is not intended to be used outside of this translation unit
volatile uint32_t timer2_capture1 = 0;
         ^
timer.c(41): warning: no previous extern declaration for non-static variable 'timer3_capture1' [-Wmissing-variable-declarations]
volatile uint32_t timer3_capture1 = 0;
                  ^
timer.c(41): note: declare 'static' if the variable is not intended to be used outside of this translation unit
volatile uint32_t timer3_capture1 = 0;
         ^
timer.c(274): warning: implicit conversion changes signedness: 'int' to 'unsigned int' [-Wsign-conversion]
        LPC_PINCON->PINSEL3 &= ~((0x3<<24)|(0x3<<26));
                            ~~ ^~~~~~~~~~~~~~~~~~~~~~
timer.c(307): warning: implicit conversion changes signedness: 'int' to 'unsigned int' [-Wsign-conversion]
        LPC_TIM0->EMR &= ~(0xFF<<4);
                      ~~ ^~~~~~~~~~
timer.c(325): warning: implicit conversion changes signedness: 'int' to 'unsigned int' [-Wsign-conversion]
        LPC_PINCON->PINSEL3 &= ~((0x3<<12)|(0x3<<18));
                            ~~ ^~~~~~~~~~~~~~~~~~~~~~
timer.c(356): warning: implicit conversion changes signedness: 'int' to 'unsigned int' [-Wsign-conversion]
        LPC_TIM1->EMR &= ~(0xFF<<4);
                      ~~ ^~~~~~~~~~
timer.c(262): warning: unused parameter 'TimerInterval' [-Wunused-parameter]
uint32_t init_timer ( uint8_t timer_num, uint32_t TimerInterval ) 
                                                  ^
48 warnings generated.
compiling timer.c...
linking...
Program Size: Code=2852 RO-data=236 RW-data=4 ZI-data=640  
FromELF: creating hex file...
".\Objects\16_Timer0_and_Timer_1.axf" - 0 Error(s), 167 Warning(s).

<h2>Software Packages used:</h2>

Package Vendor: ARM
                http://www.keil.com/pack/ARM.CMSIS.5.9.0.pack
                ARM.CMSIS.5.9.0
                CMSIS (Common Microcontroller Software Interface Standard)
   * Component: CORE Version: 5.6.0

Package Vendor: Keil
                http://www.keil.com/pack/Keil.LPC1700_DFP.2.7.1.pack
                Keil.LPC1700_DFP.2.7.1
                NXP LPC1700 Series Device Support, Drivers and Examples for MCB1700 and LPC1788-32
   * Component: GPIO Version: 1.1.0
   * Component: PIN Version: 1.0.0
   * Component: Startup Version: 1.0.0

<h2>Collection of Component include folders:</h2>
  ./RTE/Device/LPC1768
  ./RTE/_Target_1
  C:/Users/Sofcon_Lab2/AppData/Local/Arm/Packs/ARM/CMSIS/5.9.0/CMSIS/Core/Include
  C:/Users/Sofcon_Lab2/AppData/Local/Arm/Packs/Keil/LPC1700_DFP/2.7.1/Device/Include
  C:/Users/Sofcon_Lab2/AppData/Local/Arm/Packs/Keil/LPC1700_DFP/2.7.1/RTE_Driver

<h2>Collection of Component Files used:</h2>

   * Component: ARM::CMSIS:CORE:5.6.0

   * Component: Keil::Device:GPIO:1.1.0
      Include file:  RTE_Driver/GPIO_LPC17xx.h
      Source file:   RTE_Driver/GPIO_LPC17xx.c

   * Component: Keil::Device:PIN:1.0.0
      Source file:   RTE_Driver/PIN_LPC17xx.c
      Include file:  RTE_Driver/PIN_LPC17xx.h

   * Component: Keil::Device:Startup:1.0.0
      Include file:  Device/Include/LPC17xx.h
      Include file:  RTE_Driver/Config/RTE_Device.h
      Source file:   Device/Source/ARM/startup_LPC17xx.s
      Source file:   Device/Source/system_LPC17xx.c
Build Time Elapsed:  00:00:01
</pre>
</body>
</html>
