<html>
<body>
<pre>
<h1>µVision Build Log</h1>
<h2>Tool Versions:</h2>
IDE-Version: µVision V5.38.0.0
Copyright (C) 2022 ARM Ltd and ARM Germany GmbH. All rights reserved.
License Information: ryry dgdfgdef, dfhgdf, LIC=----
 
Tool Versions:
Toolchain:       MDK-Lite  Version: 5.38.0.0
Toolchain Path:  C:\Keil_v5\ARM\ARMCLANG\Bin
C Compiler:      ArmClang.exe V6.19
Assembler:       Armasm.exe V6.19
Linker/Locator:  ArmLink.exe V6.19
Library Manager: ArmAr.exe V6.19
Hex Converter:   FromElf.exe V6.19
CPU DLL:         SARMCM3.DLL V5.38.0.0
Dialog DLL:      DCM.DLL V1.17.5.0
Target DLL:      UL2CM3.DLL V1.164.8.0
Dialog DLL:      TCM.DLL V1.56.4.0
 
<h2>Project:</h2>
C:\Users\Sofcon_Lab2\Desktop\ALL FOLDERS\LPC1768 Projects\TEST_I2C_MASTER_1.uvprojx
Project File Date:  10/16/2023

<h2>Output:</h2>
*** Using Compiler 'V6.19', folder: 'C:\Keil_v5\ARM\ARMCLANG\Bin'
Rebuild target 'Target 1'
assembling startup_LPC17xx.s...
RTE/Device/LPC1768/system_LPC17xx.c(36): warning: In file included from...
C:/Users/Sofcon_Lab2/AppData/Local/Arm/Packs/Keil/LPC1700_DFP/2.7.1/Device/Include\LPC17xx.h(90): warning: commas at the end of enumerator lists are a C99-specific feature [-Wc99-extensions]
  CANActivity_IRQn              = 34,       /*!< CAN Activity Interrupt                                                   */
                                    ^~
C:/Users/Sofcon_Lab2/AppData/Local/Arm/Packs/Keil/LPC1700_DFP/2.7.1/Device/Include\LPC17xx.h(200): warning: anonymous structs are a C11 extension [-Wc11-extensions]
    struct {
    ^
C:/Users/Sofcon_Lab2/AppData/Local/Arm/Packs/Keil/LPC1700_DFP/2.7.1/Device/Include\LPC17xx.h(204): warning: anonymous structs are a C11 extension [-Wc11-extensions]
    struct {
    ^
C:/Users/Sofcon_Lab2/AppData/Local/Arm/Packs/Keil/LPC1700_DFP/2.7.1/Device/Include\LPC17xx.h(198): warning: anonymous unions are a C11 extension [-Wc11-extensions]
  union {
  ^
C:/Users/Sofcon_Lab2/AppData/Local/Arm/Packs/Keil/LPC1700_DFP/2.7.1/Device/Include\LPC17xx.h(214): warning: anonymous structs are a C11 extension [-Wc11-extensions]
    struct {
    ^
C:/Users/Sofcon_Lab2/AppData/Local/Arm/Packs/Keil/LPC1700_DFP/2.7.1/Device/Include\LPC17xx.h(218): warning: anonymous structs are a C11 extension [-Wc11-extensions]
    struct {
    ^
C:/Users/Sofcon_Lab2/AppData/Local/Arm/Packs/Keil/LPC1700_DFP/2.7.1/Device/Include\LPC17xx.h(212): warning: anonymous unions are a C11 extension [-Wc11-extensions]
  union {
  ^
C:/Users/Sofcon_Lab2/AppData/Local/Arm/Packs/Keil/LPC1700_DFP/2.7.1/Device/Include\LPC17xx.h(227): warning: anonymous structs are a C11 extension [-Wc11-extensions]
    struct {
    ^
C:/Users/Sofcon_Lab2/AppData/Local/Arm/Packs/Keil/LPC1700_DFP/2.7.1/Device/Include\LPC17xx.h(231): warning: anonymous structs are a C11 extension [-Wc11-extensions]
    struct {
    ^
C:/Users/Sofcon_Lab2/AppData/Local/Arm/Packs/Keil/LPC1700_DFP/2.7.1/Device/Include\LPC17xx.h(225): warning: anonymous unions are a C11 extension [-Wc11-extensions]
  union {
  ^
C:/Users/Sofcon_Lab2/AppData/Local/Arm/Packs/Keil/LPC1700_DFP/2.7.1/Device/Include\LPC17xx.h(240): warning: anonymous structs are a C11 extension [-Wc11-extensions]
    struct {
    ^
C:/Users/Sofcon_Lab2/AppData/Local/Arm/Packs/Keil/LPC1700_DFP/2.7.1/Device/Include\LPC17xx.h(244): warning: anonymous structs are a C11 extension [-Wc11-extensions]
    struct {
    ^
C:/Users/Sofcon_Lab2/AppData/Local/Arm/Packs/Keil/LPC1700_DFP/2.7.1/Device/Include\LPC17xx.h(238): warning: anonymous unions are a C11 extension [-Wc11-extensions]
  union {
  ^
C:/Users/Sofcon_Lab2/AppData/Local/Arm/Packs/Keil/LPC1700_DFP/2.7.1/Device/Include\LPC17xx.h(253): warning: anonymous structs are a C11 extension [-Wc11-extensions]
    struct {
    ^
C:/Users/Sofcon_Lab2/AppData/Local/Arm/Packs/Keil/LPC1700_DFP/2.7.1/Device/Include\LPC17xx.h(257): warning: anonymous structs are a C11 extension [-Wc11-extensions]
    struct {
    ^
C:/Users/Sofcon_Lab2/AppData/Local/Arm/Packs/Keil/LPC1700_DFP/2.7.1/Device/Include\LPC17xx.h(251): warning: anonymous unions are a C11 extension [-Wc11-extensions]
  union {
  ^
C:/Users/Sofcon_Lab2/AppData/Local/Arm/Packs/Keil/LPC1700_DFP/2.7.1/Device/Include\LPC17xx.h(339): warning: anonymous unions are a C11 extension [-Wc11-extensions]
  union {
  ^
C:/Users/Sofcon_Lab2/AppData/Local/Arm/Packs/Keil/LPC1700_DFP/2.7.1/Device/Include\LPC17xx.h(345): warning: anonymous unions are a C11 extension [-Wc11-extensions]
  union {
  ^
C:/Users/Sofcon_Lab2/AppData/Local/Arm/Packs/Keil/LPC1700_DFP/2.7.1/Device/Include\LPC17xx.h(349): warning: anonymous unions are a C11 extension [-Wc11-extensions]
  union {
  ^
C:/Users/Sofcon_Lab2/AppData/Local/Arm/Packs/Keil/LPC1700_DFP/2.7.1/Device/Include\LPC17xx.h(371): warning: anonymous unions are a C11 extension [-Wc11-extensions]
  union {
  ^
C:/Users/Sofcon_Lab2/AppData/Local/Arm/Packs/Keil/LPC1700_DFP/2.7.1/Device/Include\LPC17xx.h(377): warning: anonymous unions are a C11 extension [-Wc11-extensions]
  union {
  ^
C:/Users/Sofcon_Lab2/AppData/Local/Arm/Packs/Keil/LPC1700_DFP/2.7.1/Device/Include\LPC17xx.h(382): warning: anonymous unions are a C11 extension [-Wc11-extensions]
  union {
  ^
C:/Users/Sofcon_Lab2/AppData/Local/Arm/Packs/Keil/LPC1700_DFP/2.7.1/Device/Include\LPC17xx.h(833): warning: anonymous unions are a C11 extension [-Wc11-extensions]
  union {
  ^
C:/Users/Sofcon_Lab2/AppData/Local/Arm/Packs/Keil/LPC1700_DFP/2.7.1/Device/Include\LPC17xx.h(843): warning: anonymous unions are a C11 extension [-Wc11-extensions]
  union {
  ^
C:/Users/Sofcon_Lab2/AppData/Local/Arm/Packs/Keil/LPC1700_DFP/2.7.1/Device/Include\LPC17xx.h(847): warning: anonymous unions are a C11 extension [-Wc11-extensions]
  union {
  ^
C:/Users/Sofcon_Lab2/AppData/Local/Arm/Packs/Keil/LPC1700_DFP/2.7.1/Device/Include\LPC17xx.h(1048): warning: // comments are not allowed in this language [-Wcomment]
#endif  // __LPC17xx_H__
        ^
RTE/Device/LPC1768/system_LPC17xx.c(431): warning: 'long long' is an extension when C99 mode is not enabled [-Wlong-long]
uint32_t SystemCoreClock = __CORE_CLK;
                           ^
RTE/Device/LPC1768/system_LPC17xx.c(410): note: expanded from macro '__CORE_CLK'
        #define __CORE_CLK (__FCCO(OSC_CLK) / __CCLK_DIV)
                            ^
RTE/Device/LPC1768/system_LPC17xx.c(404): note: expanded from macro '__FCCO'
#define __FCCO(__F_IN)    ((2ULL * __M * __F_IN) / __N)
                            ^
RTE/Device/LPC1768/system_LPC17xx.c(445): warning: 'long long' is an extension when C99 mode is not enabled [-Wlong-long]
                          ((2ULL * ((LPC_SC->PLL0STAT & 0x7FFF) + 1)))  /
                            ^
RTE/Device/LPC1768/system_LPC17xx.c(451): warning: 'long long' is an extension when C99 mode is not enabled [-Wlong-long]
                          ((2ULL * ((LPC_SC->PLL0STAT & 0x7FFF) + 1)))  /
                            ^
RTE/Device/LPC1768/system_LPC17xx.c(457): warning: 'long long' is an extension when C99 mode is not enabled [-Wlong-long]
                          ((2ULL * ((LPC_SC->PLL0STAT & 0x7FFF) + 1)))  /
                            ^
30 warnings generated.
compiling system_LPC17xx.c...
I2C_Master_1.c(1): warning: In file included from...
C:/Users/Sofcon_Lab2/AppData/Local/Arm/Packs/Keil/LPC1700_DFP/2.7.1/Device/Include\LPC17xx.h(90): warning: commas at the end of enumerator lists are a C99-specific feature [-Wc99-extensions]
  CANActivity_IRQn              = 34,       /*!< CAN Activity Interrupt                                                   */
                                    ^~
C:/Users/Sofcon_Lab2/AppData/Local/Arm/Packs/Keil/LPC1700_DFP/2.7.1/Device/Include\LPC17xx.h(200): warning: anonymous structs are a C11 extension [-Wc11-extensions]
    struct {
    ^
C:/Users/Sofcon_Lab2/AppData/Local/Arm/Packs/Keil/LPC1700_DFP/2.7.1/Device/Include\LPC17xx.h(204): warning: anonymous structs are a C11 extension [-Wc11-extensions]
    struct {
    ^
C:/Users/Sofcon_Lab2/AppData/Local/Arm/Packs/Keil/LPC1700_DFP/2.7.1/Device/Include\LPC17xx.h(198): warning: anonymous unions are a C11 extension [-Wc11-extensions]
  union {
  ^
C:/Users/Sofcon_Lab2/AppData/Local/Arm/Packs/Keil/LPC1700_DFP/2.7.1/Device/Include\LPC17xx.h(214): warning: anonymous structs are a C11 extension [-Wc11-extensions]
    struct {
    ^
C:/Users/Sofcon_Lab2/AppData/Local/Arm/Packs/Keil/LPC1700_DFP/2.7.1/Device/Include\LPC17xx.h(218): warning: anonymous structs are a C11 extension [-Wc11-extensions]
    struct {
    ^
C:/Users/Sofcon_Lab2/AppData/Local/Arm/Packs/Keil/LPC1700_DFP/2.7.1/Device/Include\LPC17xx.h(212): warning: anonymous unions are a C11 extension [-Wc11-extensions]
  union {
  ^
C:/Users/Sofcon_Lab2/AppData/Local/Arm/Packs/Keil/LPC1700_DFP/2.7.1/Device/Include\LPC17xx.h(227): warning: anonymous structs are a C11 extension [-Wc11-extensions]
    struct {
    ^
C:/Users/Sofcon_Lab2/AppData/Local/Arm/Packs/Keil/LPC1700_DFP/2.7.1/Device/Include\LPC17xx.h(231): warning: anonymous structs are a C11 extension [-Wc11-extensions]
    struct {
    ^
C:/Users/Sofcon_Lab2/AppData/Local/Arm/Packs/Keil/LPC1700_DFP/2.7.1/Device/Include\LPC17xx.h(225): warning: anonymous unions are a C11 extension [-Wc11-extensions]
  union {
  ^
C:/Users/Sofcon_Lab2/AppData/Local/Arm/Packs/Keil/LPC1700_DFP/2.7.1/Device/Include\LPC17xx.h(240): warning: anonymous structs are a C11 extension [-Wc11-extensions]
    struct {
    ^
C:/Users/Sofcon_Lab2/AppData/Local/Arm/Packs/Keil/LPC1700_DFP/2.7.1/Device/Include\LPC17xx.h(244): warning: anonymous structs are a C11 extension [-Wc11-extensions]
    struct {
    ^
C:/Users/Sofcon_Lab2/AppData/Local/Arm/Packs/Keil/LPC1700_DFP/2.7.1/Device/Include\LPC17xx.h(238): warning: anonymous unions are a C11 extension [-Wc11-extensions]
  union {
  ^
C:/Users/Sofcon_Lab2/AppData/Local/Arm/Packs/Keil/LPC1700_DFP/2.7.1/Device/Include\LPC17xx.h(253): warning: anonymous structs are a C11 extension [-Wc11-extensions]
    struct {
    ^
C:/Users/Sofcon_Lab2/AppData/Local/Arm/Packs/Keil/LPC1700_DFP/2.7.1/Device/Include\LPC17xx.h(257): warning: anonymous structs are a C11 extension [-Wc11-extensions]
    struct {
    ^
C:/Users/Sofcon_Lab2/AppData/Local/Arm/Packs/Keil/LPC1700_DFP/2.7.1/Device/Include\LPC17xx.h(251): warning: anonymous unions are a C11 extension [-Wc11-extensions]
  union {
  ^
C:/Users/Sofcon_Lab2/AppData/Local/Arm/Packs/Keil/LPC1700_DFP/2.7.1/Device/Include\LPC17xx.h(339): warning: anonymous unions are a C11 extension [-Wc11-extensions]
  union {
  ^
C:/Users/Sofcon_Lab2/AppData/Local/Arm/Packs/Keil/LPC1700_DFP/2.7.1/Device/Include\LPC17xx.h(345): warning: anonymous unions are a C11 extension [-Wc11-extensions]
  union {
  ^
C:/Users/Sofcon_Lab2/AppData/Local/Arm/Packs/Keil/LPC1700_DFP/2.7.1/Device/Include\LPC17xx.h(349): warning: anonymous unions are a C11 extension [-Wc11-extensions]
  union {
  ^
C:/Users/Sofcon_Lab2/AppData/Local/Arm/Packs/Keil/LPC1700_DFP/2.7.1/Device/Include\LPC17xx.h(371): warning: anonymous unions are a C11 extension [-Wc11-extensions]
  union {
  ^
C:/Users/Sofcon_Lab2/AppData/Local/Arm/Packs/Keil/LPC1700_DFP/2.7.1/Device/Include\LPC17xx.h(377): warning: anonymous unions are a C11 extension [-Wc11-extensions]
  union {
  ^
C:/Users/Sofcon_Lab2/AppData/Local/Arm/Packs/Keil/LPC1700_DFP/2.7.1/Device/Include\LPC17xx.h(382): warning: anonymous unions are a C11 extension [-Wc11-extensions]
  union {
  ^
C:/Users/Sofcon_Lab2/AppData/Local/Arm/Packs/Keil/LPC1700_DFP/2.7.1/Device/Include\LPC17xx.h(833): warning: anonymous unions are a C11 extension [-Wc11-extensions]
  union {
  ^
C:/Users/Sofcon_Lab2/AppData/Local/Arm/Packs/Keil/LPC1700_DFP/2.7.1/Device/Include\LPC17xx.h(843): warning: anonymous unions are a C11 extension [-Wc11-extensions]
  union {
  ^
C:/Users/Sofcon_Lab2/AppData/Local/Arm/Packs/Keil/LPC1700_DFP/2.7.1/Device/Include\LPC17xx.h(847): warning: anonymous unions are a C11 extension [-Wc11-extensions]
  union {
  ^
C:/Users/Sofcon_Lab2/AppData/Local/Arm/Packs/Keil/LPC1700_DFP/2.7.1/Device/Include\LPC17xx.h(1048): warning: // comments are not allowed in this language [-Wcomment]
#endif  // __LPC17xx_H__
        ^
I2C_Master_1.c(4): warning: // comments are not allowed in this language [-Wcomment]
#define I2EN (1<<6) //Enable/Disable bit
                    ^
I2C_Master_1.c(19): warning: no previous extern declaration for non-static variable 'R_Data' [-Wmissing-variable-declarations]
uint32_t R_Data = 0, i=0,j=0;
         ^
I2C_Master_1.c(19): note: declare 'static' if the variable is not intended to be used outside of this translation unit
uint32_t R_Data = 0, i=0,j=0;
^
I2C_Master_1.c(19): warning: no previous extern declaration for non-static variable 'i' [-Wmissing-variable-declarations]
uint32_t R_Data = 0, i=0,j=0;
                     ^
I2C_Master_1.c(19): note: declare 'static' if the variable is not intended to be used outside of this translation unit
uint32_t R_Data = 0, i=0,j=0;
^
I2C_Master_1.c(19): warning: no previous extern declaration for non-static variable 'j' [-Wmissing-variable-declarations]
uint32_t R_Data = 0, i=0,j=0;
                         ^
I2C_Master_1.c(19): note: declare 'static' if the variable is not intended to be used outside of this translation unit
uint32_t R_Data = 0, i=0,j=0;
^
30 warnings generated.
compiling I2C_Master_1.c...
linking...
Program Size: Code=1216 RO-data=220 RW-data=0 ZI-data=616  
FromELF: creating hex file...
".\Objects\TEST_I2C_MASTER_1.axf" - 0 Error(s), 60 Warning(s).

<h2>Software Packages used:</h2>

Package Vendor: ARM
                http://www.keil.com/pack/ARM.CMSIS.5.9.0.pack
                ARM.CMSIS.5.9.0
                CMSIS (Common Microcontroller Software Interface Standard)
   * Component: CORE Version: 5.6.0

Package Vendor: Keil
                http://www.keil.com/pack/Keil.LPC1700_DFP.2.7.1.pack
                Keil.LPC1700_DFP.2.7.1
                NXP LPC1700 Series Device Support, Drivers and Examples for MCB1700 and LPC1788-32
   * Component: Startup Version: 1.0.0

<h2>Collection of Component include folders:</h2>
  ./RTE/Device/LPC1768
  ./RTE/_Target_1
  C:/Users/Sofcon_Lab2/AppData/Local/Arm/Packs/ARM/CMSIS/5.9.0/CMSIS/Core/Include
  C:/Users/Sofcon_Lab2/AppData/Local/Arm/Packs/Keil/LPC1700_DFP/2.7.1/Device/Include

<h2>Collection of Component Files used:</h2>

   * Component: ARM::CMSIS:CORE:5.6.0

   * Component: Keil::Device:Startup:1.0.0
      Include file:  Device/Include/LPC17xx.h
      Source file:   Device/Source/ARM/startup_LPC17xx.s
      Source file:   Device/Source/system_LPC17xx.c
      Include file:  RTE_Driver/Config/RTE_Device.h
Build Time Elapsed:  00:00:00
</pre>
</body>
</html>
