Archive member included to satisfy reference by file (symbol)

c:/program files/microchip/xc8/v2.41/avr/bin/../lib/gcc/avr/5.4.0/../../../../avr/lib/avr4/memx-const\libc.a(exit.o)
                              C:/Program Files/Microchip/MPLABX/v6.05/packs/Microchip/ATmega_DFP/3.0.158/xc8/avr/lib/avr4/memx-const/crtatmega8.o (exit)
c:/program files/microchip/xc8/v2.41/avr/bin/../lib/gcc/avr/5.4.0/../../../../avr/lib/avr4/memx-const\libc.a(__sio_sprintf_doux.o)
                              build/default/production/newmain.o (_sprintf_cdopuxX)
c:/program files/microchip/xc8/v2.41/avr/bin/../lib/gcc/avr/5.4.0/../../../../avr/lib/avr4/memx-const\libc.a(__fmt_d.o)
                              c:/program files/microchip/xc8/v2.41/avr/bin/../lib/gcc/avr/5.4.0/../../../../avr/lib/avr4/memx-const\libc.a(__sio_sprintf_doux.o) (__fmt_d_needed)
c:/program files/microchip/xc8/v2.41/avr/bin/../lib/gcc/avr/5.4.0/../../../../avr/lib/avr4/memx-const\libc.a(__fmt_o.o)
                              c:/program files/microchip/xc8/v2.41/avr/bin/../lib/gcc/avr/5.4.0/../../../../avr/lib/avr4/memx-const\libc.a(__sio_sprintf_doux.o) (__fmt_o_needed)
c:/program files/microchip/xc8/v2.41/avr/bin/../lib/gcc/avr/5.4.0/../../../../avr/lib/avr4/memx-const\libc.a(__fmt_s.o)
                              c:/program files/microchip/xc8/v2.41/avr/bin/../lib/gcc/avr/5.4.0/../../../../avr/lib/avr4/memx-const\libc.a(__sio_sprintf_doux.o) (__fmt_s_needed)
c:/program files/microchip/xc8/v2.41/avr/bin/../lib/gcc/avr/5.4.0/../../../../avr/lib/avr4/memx-const\libc.a(__fmt_u.o)
                              c:/program files/microchip/xc8/v2.41/avr/bin/../lib/gcc/avr/5.4.0/../../../../avr/lib/avr4/memx-const\libc.a(__fmt_d.o) (__cvt_u)
c:/program files/microchip/xc8/v2.41/avr/bin/../lib/gcc/avr/5.4.0/../../../../avr/lib/avr4/memx-const\libc.a(__fmt_x.o)
                              c:/program files/microchip/xc8/v2.41/avr/bin/../lib/gcc/avr/5.4.0/../../../../avr/lib/avr4/memx-const\libc.a(__sio_sprintf_doux.o) (__fmt_x_needed)
c:/program files/microchip/xc8/v2.41/avr/bin/../lib/gcc/avr/5.4.0/../../../../avr/lib/avr4/memx-const\libc.a(__pop_int.o)
                              c:/program files/microchip/xc8/v2.41/avr/bin/../lib/gcc/avr/5.4.0/../../../../avr/lib/avr4/memx-const\libc.a(__sio_sprintf_doux.o) (__pop_int_needed)
c:/program files/microchip/xc8/v2.41/avr/bin/../lib/gcc/avr/5.4.0/../../../../avr/lib/avr4/memx-const\libc.a(__printf_core.o)
                              c:/program files/microchip/xc8/v2.41/avr/bin/../lib/gcc/avr/5.4.0/../../../../avr/lib/avr4/memx-const\libc.a(__fmt_d.o) (__pad)
c:/program files/microchip/xc8/v2.41/avr/bin/../lib/gcc/avr/5.4.0/../../../../avr/lib/avr4/memx-const\libc.a(fputc.o)
                              c:/program files/microchip/xc8/v2.41/avr/bin/../lib/gcc/avr/5.4.0/../../../../avr/lib/avr4/memx-const\libc.a(__printf_core.o) (fputc)
c:/program files/microchip/xc8/v2.41/avr/bin/../lib/gcc/avr/5.4.0/../../../../avr/lib/avr4/memx-const\libc.a(strlen.o)
                              c:/program files/microchip/xc8/v2.41/avr/bin/../lib/gcc/avr/5.4.0/../../../../avr/lib/avr4/memx-const\libc.a(__fmt_s.o) (strlen)
c:/program files/microchip/xc8/v2.41/avr/bin/../lib/gcc/avr/5.4.0/../../../../avr/lib/avr4/memx-const\libc.a(tolower.o)
                              c:/program files/microchip/xc8/v2.41/avr/bin/../lib/gcc/avr/5.4.0/../../../../avr/lib/avr4/memx-const\libc.a(__printf_core.o) (tolower)
c:/program files/microchip/xc8/v2.41/avr/bin/../lib/gcc/avr/5.4.0/../../../../avr/lib/avr4/memx-const\libc.a(toupper.o)
                              c:/program files/microchip/xc8/v2.41/avr/bin/../lib/gcc/avr/5.4.0/../../../../avr/lib/avr4/memx-const\libc.a(__fmt_x.o) (toupper)
c:/program files/microchip/xc8/v2.41/avr/bin/../lib/gcc/avr/5.4.0/../../../../avr/lib/avr4/memx-const\libc.a(errno.o)
                              c:/program files/microchip/xc8/v2.41/avr/bin/../lib/gcc/avr/5.4.0/../../../../avr/lib/avr4/memx-const\libc.a(__printf_core.o) (__errno_val)
c:/program files/microchip/xc8/v2.41/avr/bin/../lib/gcc/avr/5.4.0/../../../../avr/lib/avr4/memx-const\libc.a(_Exit.o)
                              c:/program files/microchip/xc8/v2.41/avr/bin/../lib/gcc/avr/5.4.0/../../../../avr/lib/avr4/memx-const\libc.a(exit.o) (_Exit)
c:/program files/microchip/xc8/v2.41/avr/bin/../lib/gcc/avr/5.4.0/../../../../avr/lib/avr4/memx-const\libc.a(__int_vsprintf.o)
                              c:/program files/microchip/xc8/v2.41/avr/bin/../lib/gcc/avr/5.4.0/../../../../avr/lib/avr4/memx-const\libc.a(__sio_sprintf_doux.o) (__vsprintf)
c:/program files/microchip/xc8/v2.41/avr/bin/../lib/gcc/avr/5.4.0/../../../../avr/lib/avr4/memx-const\libc.a(__int_vsnprintf.o)
                              c:/program files/microchip/xc8/v2.41/avr/bin/../lib/gcc/avr/5.4.0/../../../../avr/lib/avr4/memx-const\libc.a(__int_vsprintf.o) (__vsnprintf)
c:/program files/microchip/xc8/v2.41/avr/bin/../lib/gcc/avr/5.4.0/../../../../avr/lib/avr4/memx-const\libc.a(__int_vfprintf.o)
                              c:/program files/microchip/xc8/v2.41/avr/bin/../lib/gcc/avr/5.4.0/../../../../avr/lib/avr4/memx-const\libc.a(__int_vsnprintf.o) (__vfprintf)
c:/program files/microchip/xc8/v2.41/avr/bin/../lib/gcc/avr/5.4.0/avr4/memx-const\libgcc.a(_udivmodsi4.o)
                              c:/program files/microchip/xc8/v2.41/avr/bin/../lib/gcc/avr/5.4.0/../../../../avr/lib/avr4/memx-const\libc.a(__fmt_u.o) (__udivmodsi4)
c:/program files/microchip/xc8/v2.41/avr/bin/../lib/gcc/avr/5.4.0/avr4/memx-const\libgcc.a(_exit.o)
                              c:/program files/microchip/xc8/v2.41/avr/bin/../lib/gcc/avr/5.4.0/../../../../avr/lib/avr4/memx-const\libc.a(_Exit.o) (_exit)
c:/program files/microchip/xc8/v2.41/avr/bin/../lib/gcc/avr/5.4.0/avr4/memx-const\libgcc.a(_copy_data.o)
                              c:/program files/microchip/xc8/v2.41/avr/bin/../lib/gcc/avr/5.4.0/../../../../avr/lib/avr4/memx-const\libc.a(errno.o) (__do_clear_bss)
c:/program files/microchip/xc8/v2.41/avr/bin/../lib/gcc/avr/5.4.0/avr4/memx-const\libgcc.a(_prologue.o)
                              c:/program files/microchip/xc8/v2.41/avr/bin/../lib/gcc/avr/5.4.0/../../../../avr/lib/avr4/memx-const\libc.a(__sio_sprintf_doux.o) (__prologue_saves__)
c:/program files/microchip/xc8/v2.41/avr/bin/../lib/gcc/avr/5.4.0/avr4/memx-const\libgcc.a(_epilogue.o)
                              c:/program files/microchip/xc8/v2.41/avr/bin/../lib/gcc/avr/5.4.0/../../../../avr/lib/avr4/memx-const\libc.a(__sio_sprintf_doux.o) (__epilogue_restores__)

Allocating common symbols
Common symbol       size              file

__errno_val         0x2               c:/program files/microchip/xc8/v2.41/avr/bin/../lib/gcc/avr/5.4.0/../../../../avr/lib/avr4/memx-const\libc.a(errno.o)

Discarded input sections

 .data          0x0000000000000000        0x0 C:/Program Files/Microchip/MPLABX/v6.05/packs/Microchip/ATmega_DFP/3.0.158/xc8/avr/lib/avr4/memx-const/crtatmega8.o
 .bss           0x0000000000000000        0x0 C:/Program Files/Microchip/MPLABX/v6.05/packs/Microchip/ATmega_DFP/3.0.158/xc8/avr/lib/avr4/memx-const/crtatmega8.o
 .text          0x0000000000000000        0x0 build/default/production/newmain.o
 .data          0x0000000000000000        0x0 build/default/production/newmain.o
 .bss           0x0000000000000000        0x0 build/default/production/newmain.o
 .text          0x0000000000000000        0x0 build/default/production/I2C_MASTER.o
 .data          0x0000000000000000        0x0 build/default/production/I2C_MASTER.o
 .bss           0x0000000000000000        0x0 build/default/production/I2C_MASTER.o
 .text          0x0000000000000000        0x0 build/default/production/ADS1115.o
 .data          0x0000000000000000        0x0 build/default/production/ADS1115.o
 .bss           0x0000000000000000        0x0 build/default/production/ADS1115.o
 .text          0x0000000000000000        0x0 c:/program files/microchip/xc8/v2.41/avr/bin/../lib/gcc/avr/5.4.0/../../../../avr/lib/avr4/memx-const\libc.a(exit.o)
 .data          0x0000000000000000        0x0 c:/program files/microchip/xc8/v2.41/avr/bin/../lib/gcc/avr/5.4.0/../../../../avr/lib/avr4/memx-const\libc.a(exit.o)
 .bss           0x0000000000000000        0x0 c:/program files/microchip/xc8/v2.41/avr/bin/../lib/gcc/avr/5.4.0/../../../../avr/lib/avr4/memx-const\libc.a(exit.o)
 .stack.descriptors
                0x0000000000000000       0x73 c:/program files/microchip/xc8/v2.41/avr/bin/../lib/gcc/avr/5.4.0/../../../../avr/lib/avr4/memx-const\libc.a(exit.o)
 .text          0x0000000000000000        0x0 c:/program files/microchip/xc8/v2.41/avr/bin/../lib/gcc/avr/5.4.0/../../../../avr/lib/avr4/memx-const\libc.a(__sio_sprintf_doux.o)
 .data          0x0000000000000000        0x0 c:/program files/microchip/xc8/v2.41/avr/bin/../lib/gcc/avr/5.4.0/../../../../avr/lib/avr4/memx-const\libc.a(__sio_sprintf_doux.o)
 .bss           0x0000000000000000        0x0 c:/program files/microchip/xc8/v2.41/avr/bin/../lib/gcc/avr/5.4.0/../../../../avr/lib/avr4/memx-const\libc.a(__sio_sprintf_doux.o)
 .stack.descriptors
                0x0000000000000000       0x3c c:/program files/microchip/xc8/v2.41/avr/bin/../lib/gcc/avr/5.4.0/../../../../avr/lib/avr4/memx-const\libc.a(__sio_sprintf_doux.o)
 .text.__sio_sprintf_doux
                0x0000000000000000        0xe c:/program files/microchip/xc8/v2.41/avr/bin/../lib/gcc/avr/5.4.0/../../../../avr/lib/avr4/memx-const\libc.a(__sio_sprintf_doux.o)
 .text          0x0000000000000000        0x0 c:/program files/microchip/xc8/v2.41/avr/bin/../lib/gcc/avr/5.4.0/../../../../avr/lib/avr4/memx-const\libc.a(__fmt_d.o)
 .data          0x0000000000000000        0x0 c:/program files/microchip/xc8/v2.41/avr/bin/../lib/gcc/avr/5.4.0/../../../../avr/lib/avr4/memx-const\libc.a(__fmt_d.o)
 .bss           0x0000000000000000        0x0 c:/program files/microchip/xc8/v2.41/avr/bin/../lib/gcc/avr/5.4.0/../../../../avr/lib/avr4/memx-const\libc.a(__fmt_d.o)
 .stack.descriptors
                0x0000000000000000       0x15 c:/program files/microchip/xc8/v2.41/avr/bin/../lib/gcc/avr/5.4.0/../../../../avr/lib/avr4/memx-const\libc.a(__fmt_d.o)
 .text          0x0000000000000000        0x0 c:/program files/microchip/xc8/v2.41/avr/bin/../lib/gcc/avr/5.4.0/../../../../avr/lib/avr4/memx-const\libc.a(__fmt_o.o)
 .data          0x0000000000000000        0x0 c:/program files/microchip/xc8/v2.41/avr/bin/../lib/gcc/avr/5.4.0/../../../../avr/lib/avr4/memx-const\libc.a(__fmt_o.o)
 .bss           0x0000000000000000        0x0 c:/program files/microchip/xc8/v2.41/avr/bin/../lib/gcc/avr/5.4.0/../../../../avr/lib/avr4/memx-const\libc.a(__fmt_o.o)
 .stack.descriptors
                0x0000000000000000       0x15 c:/program files/microchip/xc8/v2.41/avr/bin/../lib/gcc/avr/5.4.0/../../../../avr/lib/avr4/memx-const\libc.a(__fmt_o.o)
 .text          0x0000000000000000        0x0 c:/program files/microchip/xc8/v2.41/avr/bin/../lib/gcc/avr/5.4.0/../../../../avr/lib/avr4/memx-const\libc.a(__fmt_s.o)
 .data          0x0000000000000000        0x0 c:/program files/microchip/xc8/v2.41/avr/bin/../lib/gcc/avr/5.4.0/../../../../avr/lib/avr4/memx-const\libc.a(__fmt_s.o)
 .bss           0x0000000000000000        0x0 c:/program files/microchip/xc8/v2.41/avr/bin/../lib/gcc/avr/5.4.0/../../../../avr/lib/avr4/memx-const\libc.a(__fmt_s.o)
 .stack.descriptors
                0x0000000000000000       0x15 c:/program files/microchip/xc8/v2.41/avr/bin/../lib/gcc/avr/5.4.0/../../../../avr/lib/avr4/memx-const\libc.a(__fmt_s.o)
 .text          0x0000000000000000        0x0 c:/program files/microchip/xc8/v2.41/avr/bin/../lib/gcc/avr/5.4.0/../../../../avr/lib/avr4/memx-const\libc.a(__fmt_u.o)
 .data          0x0000000000000000        0x0 c:/program files/microchip/xc8/v2.41/avr/bin/../lib/gcc/avr/5.4.0/../../../../avr/lib/avr4/memx-const\libc.a(__fmt_u.o)
 .bss           0x0000000000000000        0x0 c:/program files/microchip/xc8/v2.41/avr/bin/../lib/gcc/avr/5.4.0/../../../../avr/lib/avr4/memx-const\libc.a(__fmt_u.o)
 .stack.descriptors
                0x0000000000000000       0x2a c:/program files/microchip/xc8/v2.41/avr/bin/../lib/gcc/avr/5.4.0/../../../../avr/lib/avr4/memx-const\libc.a(__fmt_u.o)
 .text          0x0000000000000000        0x0 c:/program files/microchip/xc8/v2.41/avr/bin/../lib/gcc/avr/5.4.0/../../../../avr/lib/avr4/memx-const\libc.a(__fmt_x.o)
 .data          0x0000000000000000        0x0 c:/program files/microchip/xc8/v2.41/avr/bin/../lib/gcc/avr/5.4.0/../../../../avr/lib/avr4/memx-const\libc.a(__fmt_x.o)
 .bss           0x0000000000000000        0x0 c:/program files/microchip/xc8/v2.41/avr/bin/../lib/gcc/avr/5.4.0/../../../../avr/lib/avr4/memx-const\libc.a(__fmt_x.o)
 .stack.descriptors
                0x0000000000000000       0x15 c:/program files/microchip/xc8/v2.41/avr/bin/../lib/gcc/avr/5.4.0/../../../../avr/lib/avr4/memx-const\libc.a(__fmt_x.o)
 .text          0x0000000000000000        0x0 c:/program files/microchip/xc8/v2.41/avr/bin/../lib/gcc/avr/5.4.0/../../../../avr/lib/avr4/memx-const\libc.a(__pop_int.o)
 .data          0x0000000000000000        0x0 c:/program files/microchip/xc8/v2.41/avr/bin/../lib/gcc/avr/5.4.0/../../../../avr/lib/avr4/memx-const\libc.a(__pop_int.o)
 .bss           0x0000000000000000        0x0 c:/program files/microchip/xc8/v2.41/avr/bin/../lib/gcc/avr/5.4.0/../../../../avr/lib/avr4/memx-const\libc.a(__pop_int.o)
 .stack.descriptors
                0x0000000000000000       0x17 c:/program files/microchip/xc8/v2.41/avr/bin/../lib/gcc/avr/5.4.0/../../../../avr/lib/avr4/memx-const\libc.a(__pop_int.o)
 .text          0x0000000000000000        0x0 c:/program files/microchip/xc8/v2.41/avr/bin/../lib/gcc/avr/5.4.0/../../../../avr/lib/avr4/memx-const\libc.a(__printf_core.o)
 .data          0x0000000000000000        0x0 c:/program files/microchip/xc8/v2.41/avr/bin/../lib/gcc/avr/5.4.0/../../../../avr/lib/avr4/memx-const\libc.a(__printf_core.o)
 .bss           0x0000000000000000        0x0 c:/program files/microchip/xc8/v2.41/avr/bin/../lib/gcc/avr/5.4.0/../../../../avr/lib/avr4/memx-const\libc.a(__printf_core.o)
 .stack.descriptors
                0x0000000000000000       0x91 c:/program files/microchip/xc8/v2.41/avr/bin/../lib/gcc/avr/5.4.0/../../../../avr/lib/avr4/memx-const\libc.a(__printf_core.o)
 .text          0x0000000000000000        0x0 c:/program files/microchip/xc8/v2.41/avr/bin/../lib/gcc/avr/5.4.0/../../../../avr/lib/avr4/memx-const\libc.a(fputc.o)
 .data          0x0000000000000000        0x0 c:/program files/microchip/xc8/v2.41/avr/bin/../lib/gcc/avr/5.4.0/../../../../avr/lib/avr4/memx-const\libc.a(fputc.o)
 .bss           0x0000000000000000        0x0 c:/program files/microchip/xc8/v2.41/avr/bin/../lib/gcc/avr/5.4.0/../../../../avr/lib/avr4/memx-const\libc.a(fputc.o)
 .stack.descriptors
                0x0000000000000000       0x13 c:/program files/microchip/xc8/v2.41/avr/bin/../lib/gcc/avr/5.4.0/../../../../avr/lib/avr4/memx-const\libc.a(fputc.o)
 .text          0x0000000000000000        0x0 c:/program files/microchip/xc8/v2.41/avr/bin/../lib/gcc/avr/5.4.0/../../../../avr/lib/avr4/memx-const\libc.a(strlen.o)
 .data          0x0000000000000000        0x0 c:/program files/microchip/xc8/v2.41/avr/bin/../lib/gcc/avr/5.4.0/../../../../avr/lib/avr4/memx-const\libc.a(strlen.o)
 .bss           0x0000000000000000        0x0 c:/program files/microchip/xc8/v2.41/avr/bin/../lib/gcc/avr/5.4.0/../../../../avr/lib/avr4/memx-const\libc.a(strlen.o)
 .stack.descriptors
                0x0000000000000000       0x14 c:/program files/microchip/xc8/v2.41/avr/bin/../lib/gcc/avr/5.4.0/../../../../avr/lib/avr4/memx-const\libc.a(strlen.o)
 .text          0x0000000000000000        0x0 c:/program files/microchip/xc8/v2.41/avr/bin/../lib/gcc/avr/5.4.0/../../../../avr/lib/avr4/memx-const\libc.a(tolower.o)
 .data          0x0000000000000000        0x0 c:/program files/microchip/xc8/v2.41/avr/bin/../lib/gcc/avr/5.4.0/../../../../avr/lib/avr4/memx-const\libc.a(tolower.o)
 .bss           0x0000000000000000        0x0 c:/program files/microchip/xc8/v2.41/avr/bin/../lib/gcc/avr/5.4.0/../../../../avr/lib/avr4/memx-const\libc.a(tolower.o)
 .stack.descriptors
                0x0000000000000000       0x2e c:/program files/microchip/xc8/v2.41/avr/bin/../lib/gcc/avr/5.4.0/../../../../avr/lib/avr4/memx-const\libc.a(tolower.o)
 .text.__tolower_l
                0x0000000000000000        0x4 c:/program files/microchip/xc8/v2.41/avr/bin/../lib/gcc/avr/5.4.0/../../../../avr/lib/avr4/memx-const\libc.a(tolower.o)
 .text          0x0000000000000000        0x0 c:/program files/microchip/xc8/v2.41/avr/bin/../lib/gcc/avr/5.4.0/../../../../avr/lib/avr4/memx-const\libc.a(toupper.o)
 .data          0x0000000000000000        0x0 c:/program files/microchip/xc8/v2.41/avr/bin/../lib/gcc/avr/5.4.0/../../../../avr/lib/avr4/memx-const\libc.a(toupper.o)
 .bss           0x0000000000000000        0x0 c:/program files/microchip/xc8/v2.41/avr/bin/../lib/gcc/avr/5.4.0/../../../../avr/lib/avr4/memx-const\libc.a(toupper.o)
 .stack.descriptors
                0x0000000000000000       0x2e c:/program files/microchip/xc8/v2.41/avr/bin/../lib/gcc/avr/5.4.0/../../../../avr/lib/avr4/memx-const\libc.a(toupper.o)
 .text.__toupper_l
                0x0000000000000000        0x4 c:/program files/microchip/xc8/v2.41/avr/bin/../lib/gcc/avr/5.4.0/../../../../avr/lib/avr4/memx-const\libc.a(toupper.o)
 .text          0x0000000000000000        0x0 c:/program files/microchip/xc8/v2.41/avr/bin/../lib/gcc/avr/5.4.0/../../../../avr/lib/avr4/memx-const\libc.a(errno.o)
 .data          0x0000000000000000        0x0 c:/program files/microchip/xc8/v2.41/avr/bin/../lib/gcc/avr/5.4.0/../../../../avr/lib/avr4/memx-const\libc.a(errno.o)
 .bss           0x0000000000000000        0x0 c:/program files/microchip/xc8/v2.41/avr/bin/../lib/gcc/avr/5.4.0/../../../../avr/lib/avr4/memx-const\libc.a(errno.o)
 .text          0x0000000000000000        0x0 c:/program files/microchip/xc8/v2.41/avr/bin/../lib/gcc/avr/5.4.0/../../../../avr/lib/avr4/memx-const\libc.a(_Exit.o)
 .data          0x0000000000000000        0x0 c:/program files/microchip/xc8/v2.41/avr/bin/../lib/gcc/avr/5.4.0/../../../../avr/lib/avr4/memx-const\libc.a(_Exit.o)
 .bss           0x0000000000000000        0x0 c:/program files/microchip/xc8/v2.41/avr/bin/../lib/gcc/avr/5.4.0/../../../../avr/lib/avr4/memx-const\libc.a(_Exit.o)
 .stack.descriptors
                0x0000000000000000       0x13 c:/program files/microchip/xc8/v2.41/avr/bin/../lib/gcc/avr/5.4.0/../../../../avr/lib/avr4/memx-const\libc.a(_Exit.o)
 .text          0x0000000000000000        0x0 c:/program files/microchip/xc8/v2.41/avr/bin/../lib/gcc/avr/5.4.0/../../../../avr/lib/avr4/memx-const\libc.a(__int_vsprintf.o)
 .data          0x0000000000000000        0x0 c:/program files/microchip/xc8/v2.41/avr/bin/../lib/gcc/avr/5.4.0/../../../../avr/lib/avr4/memx-const\libc.a(__int_vsprintf.o)
 .bss           0x0000000000000000        0x0 c:/program files/microchip/xc8/v2.41/avr/bin/../lib/gcc/avr/5.4.0/../../../../avr/lib/avr4/memx-const\libc.a(__int_vsprintf.o)
 .stack.descriptors
                0x0000000000000000       0x18 c:/program files/microchip/xc8/v2.41/avr/bin/../lib/gcc/avr/5.4.0/../../../../avr/lib/avr4/memx-const\libc.a(__int_vsprintf.o)
 .text          0x0000000000000000        0x0 c:/program files/microchip/xc8/v2.41/avr/bin/../lib/gcc/avr/5.4.0/../../../../avr/lib/avr4/memx-const\libc.a(__int_vsnprintf.o)
 .data          0x0000000000000000        0x0 c:/program files/microchip/xc8/v2.41/avr/bin/../lib/gcc/avr/5.4.0/../../../../avr/lib/avr4/memx-const\libc.a(__int_vsnprintf.o)
 .bss           0x0000000000000000        0x0 c:/program files/microchip/xc8/v2.41/avr/bin/../lib/gcc/avr/5.4.0/../../../../avr/lib/avr4/memx-const\libc.a(__int_vsnprintf.o)
 .stack.descriptors
                0x0000000000000000       0x19 c:/program files/microchip/xc8/v2.41/avr/bin/../lib/gcc/avr/5.4.0/../../../../avr/lib/avr4/memx-const\libc.a(__int_vsnprintf.o)
 .text          0x0000000000000000        0x0 c:/program files/microchip/xc8/v2.41/avr/bin/../lib/gcc/avr/5.4.0/../../../../avr/lib/avr4/memx-const\libc.a(__int_vfprintf.o)
 .data          0x0000000000000000        0x0 c:/program files/microchip/xc8/v2.41/avr/bin/../lib/gcc/avr/5.4.0/../../../../avr/lib/avr4/memx-const\libc.a(__int_vfprintf.o)
 .bss           0x0000000000000000        0x0 c:/program files/microchip/xc8/v2.41/avr/bin/../lib/gcc/avr/5.4.0/../../../../avr/lib/avr4/memx-const\libc.a(__int_vfprintf.o)
 .stack.descriptors
                0x0000000000000000       0x18 c:/program files/microchip/xc8/v2.41/avr/bin/../lib/gcc/avr/5.4.0/../../../../avr/lib/avr4/memx-const\libc.a(__int_vfprintf.o)
 .text          0x0000000000000000        0x0 c:/program files/microchip/xc8/v2.41/avr/bin/../lib/gcc/avr/5.4.0/avr4/memx-const\libgcc.a(_udivmodsi4.o)
 .data          0x0000000000000000        0x0 c:/program files/microchip/xc8/v2.41/avr/bin/../lib/gcc/avr/5.4.0/avr4/memx-const\libgcc.a(_udivmodsi4.o)
 .bss           0x0000000000000000        0x0 c:/program files/microchip/xc8/v2.41/avr/bin/../lib/gcc/avr/5.4.0/avr4/memx-const\libgcc.a(_udivmodsi4.o)
 .text.libgcc.mul
                0x0000000000000000        0x0 c:/program files/microchip/xc8/v2.41/avr/bin/../lib/gcc/avr/5.4.0/avr4/memx-const\libgcc.a(_udivmodsi4.o)
 .stack.descriptors
                0x0000000000000000       0x1a c:/program files/microchip/xc8/v2.41/avr/bin/../lib/gcc/avr/5.4.0/avr4/memx-const\libgcc.a(_udivmodsi4.o)
 .text.libgcc   0x0000000000000000        0x0 c:/program files/microchip/xc8/v2.41/avr/bin/../lib/gcc/avr/5.4.0/avr4/memx-const\libgcc.a(_udivmodsi4.o)
 .text.libgcc.prologue
                0x0000000000000000        0x0 c:/program files/microchip/xc8/v2.41/avr/bin/../lib/gcc/avr/5.4.0/avr4/memx-const\libgcc.a(_udivmodsi4.o)
 .text.libgcc.builtins
                0x0000000000000000        0x0 c:/program files/microchip/xc8/v2.41/avr/bin/../lib/gcc/avr/5.4.0/avr4/memx-const\libgcc.a(_udivmodsi4.o)
 .text.libgcc.fmul
                0x0000000000000000        0x0 c:/program files/microchip/xc8/v2.41/avr/bin/../lib/gcc/avr/5.4.0/avr4/memx-const\libgcc.a(_udivmodsi4.o)
 .text.libgcc.fixed
                0x0000000000000000        0x0 c:/program files/microchip/xc8/v2.41/avr/bin/../lib/gcc/avr/5.4.0/avr4/memx-const\libgcc.a(_udivmodsi4.o)
 .text          0x0000000000000000        0x0 c:/program files/microchip/xc8/v2.41/avr/bin/../lib/gcc/avr/5.4.0/avr4/memx-const\libgcc.a(_exit.o)
 .data          0x0000000000000000        0x0 c:/program files/microchip/xc8/v2.41/avr/bin/../lib/gcc/avr/5.4.0/avr4/memx-const\libgcc.a(_exit.o)
 .bss           0x0000000000000000        0x0 c:/program files/microchip/xc8/v2.41/avr/bin/../lib/gcc/avr/5.4.0/avr4/memx-const\libgcc.a(_exit.o)
 .text.libgcc.mul
                0x0000000000000000        0x0 c:/program files/microchip/xc8/v2.41/avr/bin/../lib/gcc/avr/5.4.0/avr4/memx-const\libgcc.a(_exit.o)
 .text.libgcc.div
                0x0000000000000000        0x0 c:/program files/microchip/xc8/v2.41/avr/bin/../lib/gcc/avr/5.4.0/avr4/memx-const\libgcc.a(_exit.o)
 .text.libgcc   0x0000000000000000        0x0 c:/program files/microchip/xc8/v2.41/avr/bin/../lib/gcc/avr/5.4.0/avr4/memx-const\libgcc.a(_exit.o)
 .text.libgcc.prologue
                0x0000000000000000        0x0 c:/program files/microchip/xc8/v2.41/avr/bin/../lib/gcc/avr/5.4.0/avr4/memx-const\libgcc.a(_exit.o)
 .stack.descriptors
                0x0000000000000000       0x13 c:/program files/microchip/xc8/v2.41/avr/bin/../lib/gcc/avr/5.4.0/avr4/memx-const\libgcc.a(_exit.o)
 .text.libgcc.builtins
                0x0000000000000000        0x0 c:/program files/microchip/xc8/v2.41/avr/bin/../lib/gcc/avr/5.4.0/avr4/memx-const\libgcc.a(_exit.o)
 .text.libgcc.fmul
                0x0000000000000000        0x0 c:/program files/microchip/xc8/v2.41/avr/bin/../lib/gcc/avr/5.4.0/avr4/memx-const\libgcc.a(_exit.o)
 .text.libgcc.fixed
                0x0000000000000000        0x0 c:/program files/microchip/xc8/v2.41/avr/bin/../lib/gcc/avr/5.4.0/avr4/memx-const\libgcc.a(_exit.o)
 .text          0x0000000000000000        0x0 c:/program files/microchip/xc8/v2.41/avr/bin/../lib/gcc/avr/5.4.0/avr4/memx-const\libgcc.a(_copy_data.o)
 .data          0x0000000000000000        0x0 c:/program files/microchip/xc8/v2.41/avr/bin/../lib/gcc/avr/5.4.0/avr4/memx-const\libgcc.a(_copy_data.o)
 .bss           0x0000000000000000        0x0 c:/program files/microchip/xc8/v2.41/avr/bin/../lib/gcc/avr/5.4.0/avr4/memx-const\libgcc.a(_copy_data.o)
 .text.libgcc.mul
                0x0000000000000000        0x0 c:/program files/microchip/xc8/v2.41/avr/bin/../lib/gcc/avr/5.4.0/avr4/memx-const\libgcc.a(_copy_data.o)
 .text.libgcc.div
                0x0000000000000000        0x0 c:/program files/microchip/xc8/v2.41/avr/bin/../lib/gcc/avr/5.4.0/avr4/memx-const\libgcc.a(_copy_data.o)
 .text.libgcc   0x0000000000000000        0x0 c:/program files/microchip/xc8/v2.41/avr/bin/../lib/gcc/avr/5.4.0/avr4/memx-const\libgcc.a(_copy_data.o)
 .text.libgcc.prologue
                0x0000000000000000        0x0 c:/program files/microchip/xc8/v2.41/avr/bin/../lib/gcc/avr/5.4.0/avr4/memx-const\libgcc.a(_copy_data.o)
 .text.libgcc.builtins
                0x0000000000000000        0x0 c:/program files/microchip/xc8/v2.41/avr/bin/../lib/gcc/avr/5.4.0/avr4/memx-const\libgcc.a(_copy_data.o)
 .text.libgcc.fmul
                0x0000000000000000        0x0 c:/program files/microchip/xc8/v2.41/avr/bin/../lib/gcc/avr/5.4.0/avr4/memx-const\libgcc.a(_copy_data.o)
 .text.libgcc.fixed
                0x0000000000000000        0x0 c:/program files/microchip/xc8/v2.41/avr/bin/../lib/gcc/avr/5.4.0/avr4/memx-const\libgcc.a(_copy_data.o)
 .text          0x0000000000000000        0x0 c:/program files/microchip/xc8/v2.41/avr/bin/../lib/gcc/avr/5.4.0/avr4/memx-const\libgcc.a(_prologue.o)
 .data          0x0000000000000000        0x0 c:/program files/microchip/xc8/v2.41/avr/bin/../lib/gcc/avr/5.4.0/avr4/memx-const\libgcc.a(_prologue.o)
 .bss           0x0000000000000000        0x0 c:/program files/microchip/xc8/v2.41/avr/bin/../lib/gcc/avr/5.4.0/avr4/memx-const\libgcc.a(_prologue.o)
 .text.libgcc.mul
                0x0000000000000000        0x0 c:/program files/microchip/xc8/v2.41/avr/bin/../lib/gcc/avr/5.4.0/avr4/memx-const\libgcc.a(_prologue.o)
 .text.libgcc.div
                0x0000000000000000        0x0 c:/program files/microchip/xc8/v2.41/avr/bin/../lib/gcc/avr/5.4.0/avr4/memx-const\libgcc.a(_prologue.o)
 .text.libgcc   0x0000000000000000        0x0 c:/program files/microchip/xc8/v2.41/avr/bin/../lib/gcc/avr/5.4.0/avr4/memx-const\libgcc.a(_prologue.o)
 .text.libgcc.builtins
                0x0000000000000000        0x0 c:/program files/microchip/xc8/v2.41/avr/bin/../lib/gcc/avr/5.4.0/avr4/memx-const\libgcc.a(_prologue.o)
 .text.libgcc.fmul
                0x0000000000000000        0x0 c:/program files/microchip/xc8/v2.41/avr/bin/../lib/gcc/avr/5.4.0/avr4/memx-const\libgcc.a(_prologue.o)
 .text.libgcc.fixed
                0x0000000000000000        0x0 c:/program files/microchip/xc8/v2.41/avr/bin/../lib/gcc/avr/5.4.0/avr4/memx-const\libgcc.a(_prologue.o)
 .text          0x0000000000000000        0x0 c:/program files/microchip/xc8/v2.41/avr/bin/../lib/gcc/avr/5.4.0/avr4/memx-const\libgcc.a(_epilogue.o)
 .data          0x0000000000000000        0x0 c:/program files/microchip/xc8/v2.41/avr/bin/../lib/gcc/avr/5.4.0/avr4/memx-const\libgcc.a(_epilogue.o)
 .bss           0x0000000000000000        0x0 c:/program files/microchip/xc8/v2.41/avr/bin/../lib/gcc/avr/5.4.0/avr4/memx-const\libgcc.a(_epilogue.o)
 .text.libgcc.mul
                0x0000000000000000        0x0 c:/program files/microchip/xc8/v2.41/avr/bin/../lib/gcc/avr/5.4.0/avr4/memx-const\libgcc.a(_epilogue.o)
 .text.libgcc.div
                0x0000000000000000        0x0 c:/program files/microchip/xc8/v2.41/avr/bin/../lib/gcc/avr/5.4.0/avr4/memx-const\libgcc.a(_epilogue.o)
 .text.libgcc   0x0000000000000000        0x0 c:/program files/microchip/xc8/v2.41/avr/bin/../lib/gcc/avr/5.4.0/avr4/memx-const\libgcc.a(_epilogue.o)
 .text.libgcc.builtins
                0x0000000000000000        0x0 c:/program files/microchip/xc8/v2.41/avr/bin/../lib/gcc/avr/5.4.0/avr4/memx-const\libgcc.a(_epilogue.o)
 .text.libgcc.fmul
                0x0000000000000000        0x0 c:/program files/microchip/xc8/v2.41/avr/bin/../lib/gcc/avr/5.4.0/avr4/memx-const\libgcc.a(_epilogue.o)
 .text.libgcc.fixed
                0x0000000000000000        0x0 c:/program files/microchip/xc8/v2.41/avr/bin/../lib/gcc/avr/5.4.0/avr4/memx-const\libgcc.a(_epilogue.o)

Memory Configuration

Name             Origin             Length             Attributes
text             0x0000000000000000 0x0000000000002000 xr
data             0x0000000000800060 0x0000000000000400 rw !x
eeprom           0x0000000000810000 0x0000000000000200 rw !x
fuse             0x0000000000820000 0x0000000000000002 rw !x
lock             0x0000000000830000 0x0000000000000400 rw !x
signature        0x0000000000840000 0x0000000000000400 rw !x
user_signatures  0x0000000000850000 0x0000000000000400 rw !x
bootrow          0x0000000000860000 0x0000000000000400 rw !x
*default*        0x0000000000000000 0xffffffffffffffff

Linker script and memory map

LOAD C:/Program Files/Microchip/MPLABX/v6.05/packs/Microchip/ATmega_DFP/3.0.158/xc8/avr/lib/avr4/memx-const/crtatmega8.o
                0x0000000000000001                __MPLAB_BUILD = 0x1
LOAD build/default/production/newmain.o
LOAD build/default/production/I2C_MASTER.o
LOAD build/default/production/ADS1115.o
START GROUP
LOAD c:/program files/microchip/xc8/v2.41/avr/bin/../lib/gcc/avr/5.4.0/../../../../avr/lib/avr4/memx-const\libm.a
END GROUP
START GROUP
LOAD c:/program files/microchip/xc8/v2.41/avr/bin/../lib/gcc/avr/5.4.0/avr4/memx-const\libgcc.a
LOAD c:/program files/microchip/xc8/v2.41/avr/bin/../lib/gcc/avr/5.4.0/../../../../avr/lib/avr4/memx-const\libm.a
LOAD c:/program files/microchip/xc8/v2.41/avr/bin/../lib/gcc/avr/5.4.0/../../../../avr/lib/avr4/memx-const\libc.a
LOAD C:/Program Files/Microchip/MPLABX/v6.05/packs/Microchip/ATmega_DFP/3.0.158/xc8/avr/lib/avr4/memx-const\libatmega8.a
END GROUP
                0x0000000000000000                __TEXT_REGION_ORIGIN__ = DEFINED (__TEXT_REGION_ORIGIN__)?__TEXT_REGION_ORIGIN__:0x0
                [0x0000000000800060]                __DATA_REGION_ORIGIN__ = DEFINED (__DATA_REGION_ORIGIN__)?__DATA_REGION_ORIGIN__:0x800060
                [0x0000000000002000]                __TEXT_REGION_LENGTH__ = DEFINED (__TEXT_REGION_LENGTH__)?__TEXT_REGION_LENGTH__:0x2000
                [0x0000000000000400]                __DATA_REGION_LENGTH__ = DEFINED (__DATA_REGION_LENGTH__)?__DATA_REGION_LENGTH__:0xffa0
                [0x0000000000000200]                __EEPROM_REGION_LENGTH__ = DEFINED (__EEPROM_REGION_LENGTH__)?__EEPROM_REGION_LENGTH__:0x10000
                [0x0000000000000002]                __FUSE_REGION_LENGTH__ = DEFINED (__FUSE_REGION_LENGTH__)?__FUSE_REGION_LENGTH__:0x400
                0x0000000000000400                __LOCK_REGION_LENGTH__ = DEFINED (__LOCK_REGION_LENGTH__)?__LOCK_REGION_LENGTH__:0x400
                0x0000000000000400                __SIGNATURE_REGION_LENGTH__ = DEFINED (__SIGNATURE_REGION_LENGTH__)?__SIGNATURE_REGION_LENGTH__:0x400
                0x0000000000000400                __USER_SIGNATURE_REGION_LENGTH__ = DEFINED (__USER_SIGNATURE_REGION_LENGTH__)?__USER_SIGNATURE_REGION_LENGTH__:0x400
                0x0000000000000400                __BOOTROW_REGION_LENGTH__ = DEFINED (__BOOTROW_REGION_LENGTH__)?__BOOTROW_REGION_LENGTH__:0x400

.hash
 *(.hash)

.dynsym
 *(.dynsym)

.dynstr
 *(.dynstr)

.gnu.version
 *(.gnu.version)

.gnu.version_d
 *(.gnu.version_d)

.gnu.version_r
 *(.gnu.version_r)

.rel.init
 *(.rel.init)

.rela.init
 *(.rela.init)

.rel.text
 *(.rel.text)
 *(.rel.text.*)
 *(.rel.gnu.linkonce.t*)

.rela.text
 *(.rela.text)
 *(.rela.text.*)
 *(.rela.gnu.linkonce.t*)

.rel.fini
 *(.rel.fini)

.rela.fini
 *(.rela.fini)

.rel.rodata
 *(.rel.rodata)
 *(.rel.rodata.*)
 *(.rel.gnu.linkonce.r*)

.rela.rodata
 *(.rela.rodata)
 *(.rela.rodata.*)
 *(.rela.gnu.linkonce.r*)

.rel.data
 *(.rel.data)
 *(.rel.data.*)
 *(.rel.gnu.linkonce.d*)

.rela.data
 *(.rela.data)
 *(.rela.data.*)
 *(.rela.gnu.linkonce.d*)

.rel.ctors
 *(.rel.ctors)

.rela.ctors
 *(.rela.ctors)

.rel.dtors
 *(.rel.dtors)

.rela.dtors
 *(.rela.dtors)

.rel.got
 *(.rel.got)

.rela.got
 *(.rela.got)

.rel.bss
 *(.rel.bss)

.rela.bss
 *(.rela.bss)

.rel.plt
 *(.rel.plt)

.rela.plt
 *(.rela.plt)

.text           0x0000000000000000       0x7c
 *(.vectors)
 .vectors       0x0000000000000000       0x26 C:/Program Files/Microchip/MPLABX/v6.05/packs/Microchip/ATmega_DFP/3.0.158/xc8/avr/lib/avr4/memx-const/crtatmega8.o
                0x0000000000000000                __vector_default
                0x0000000000000000                __vectors
 *(.vectors)
 *(.progmem.gcc*)
 *(.dinit)
 .dinit         0x0000000000000026        0x5 data_init
                0x000000000000002c                . = ALIGN (0x2)
 *fill*         0x000000000000002b        0x1 
                0x000000000000002c                __trampolines_start = .
 *(.trampolines)
 .trampolines   0x000000000000002c        0x0 linker stubs
 *(.trampolines*)
                0x000000000000002c                __trampolines_end = .
 *libprintf_flt.a:*(.progmem.data)
 *libc.a:*(.progmem.data)
                0x000000000000002c                . = ALIGN (0x2)
 *(.jumptables)
 *(.jumptables*)
 *(.lowtext)
 *(.lowtext*)
                0x000000000000002c                __ctors_start = .
 *(.ctors)
                0x000000000000002c                __ctors_end = .
                0x000000000000002c                __dtors_start = .
 *(.dtors)
                0x000000000000002c                __dtors_end = .
 SORT(*)(.ctors)
 SORT(*)(.dtors)
 *(.init0)
 .init0         0x000000000000002c        0x0 C:/Program Files/Microchip/MPLABX/v6.05/packs/Microchip/ATmega_DFP/3.0.158/xc8/avr/lib/avr4/memx-const/crtatmega8.o
                0x000000000000002c                __init
 *(.init0)
 *(.init1)
 *(.init1)
 *(.init2)
 .init2         0x000000000000002c        0xc C:/Program Files/Microchip/MPLABX/v6.05/packs/Microchip/ATmega_DFP/3.0.158/xc8/avr/lib/avr4/memx-const/crtatmega8.o
 *(.init2)
 *(.init3)
 *(.init3)
 *(.init4)
 .init4         0x0000000000000038       0x3c c:/program files/microchip/xc8/v2.41/avr/bin/../lib/gcc/avr/5.4.0/avr4/memx-const\libgcc.a(_copy_data.o)
                0x0000000000000038                __do_copy_data
                0x0000000000000066                __do_clear_bss
 *(.init4)
 *(.init5)
 *(.init5)
 *(.init6)
 *(.init6)
 *(.init7)
 *(.init7)
 *(.init8)
 *(.init8)
 *(.init9)
 .init9         0x0000000000000074        0x4 C:/Program Files/Microchip/MPLABX/v6.05/packs/Microchip/ATmega_DFP/3.0.158/xc8/avr/lib/avr4/memx-const/crtatmega8.o
 *(.init9)
                0x0000000000000078                . = ALIGN (0x2)
 *(.fini9)
 .fini9         0x0000000000000078        0x0 c:/program files/microchip/xc8/v2.41/avr/bin/../lib/gcc/avr/5.4.0/avr4/memx-const\libgcc.a(_exit.o)
                0x0000000000000078                _exit
 *(.fini9)
 *(.fini8)
 *(.fini8)
 *(.fini7)
 *(.fini7)
 *(.fini6)
 *(.fini6)
 *(.fini5)
 *(.fini5)
 *(.fini4)
 *(.fini4)
 *(.fini3)
 *(.fini3)
 *(.fini2)
 *(.fini2)
 *(.fini1)
 *(.fini1)
 *(.fini0)
 .fini0         0x0000000000000078        0x4 c:/program files/microchip/xc8/v2.41/avr/bin/../lib/gcc/avr/5.4.0/avr4/memx-const\libgcc.a(_exit.o)
 *(.fini0)
                0x000000000000007c                _etext = .

.data           0x0000000000800060        0x0 load address 0x000000000000007c
                [!provide]                        PROVIDE (__data_start, .)
 *(.gnu.linkonce.d*)
 *(.gnu.linkonce.r*)
                0x0000000000800060                . = ALIGN (0x2)
                0x0000000000800060                _edata = .
                [!provide]                        PROVIDE (__data_end, .)

.bss            0x0000000000800060        0x2
                [!provide]                        PROVIDE (__bss_start, .)
 *(COMMON)
 COMMON         0x0000000000800060        0x2 c:/program files/microchip/xc8/v2.41/avr/bin/../lib/gcc/avr/5.4.0/../../../../avr/lib/avr4/memx-const\libc.a(errno.o)
                0x0000000000800060                __errno_val
                [!provide]                        PROVIDE (__bss_end, .)
                0x000000000000007c                __data_load_start = LOADADDR (.data)
                0x000000000000007c                __data_load_end = (__data_load_start + SIZEOF (.data))

.noinit         0x0000000000800062        0x0
                [!provide]                        PROVIDE (__noinit_start, .)
 *(.noinit*)
                [!provide]                        PROVIDE (__noinit_end, .)
                0x0000000000800062                _end = .

.eeprom         0x0000000000810000        0x0
 *(.eeprom*)
                0x0000000000810000                __eeprom_end = .

.fuse
 *(.fuse)
 *(.lfuse)
 *(.hfuse)
 *(.efuse)

.lock
 *(.lock*)

.signature
 *(.signature*)

.user_signatures
 *(.user_signatures*)

.bootrow
 *(.bootrow*)

.stab
 *(.stab)

.stabstr
 *(.stabstr)

.stab.excl
 *(.stab.excl)

.stab.exclstr
 *(.stab.exclstr)

.stab.index
 *(.stab.index)

.stab.indexstr
 *(.stab.indexstr)

.comment        0x0000000000000000       0x5b
 *(.comment)
 .comment       0x0000000000000000       0x2f build/default/production/newmain.o
                                         0x30 (size before relaxing)
 .comment       0x000000000000002f       0x30 build/default/production/I2C_MASTER.o
 .comment       0x000000000000002f       0x30 build/default/production/ADS1115.o
 .comment       0x000000000000002f       0x2c c:/program files/microchip/xc8/v2.41/avr/bin/../lib/gcc/avr/5.4.0/../../../../avr/lib/avr4/memx-const\libc.a(exit.o)
                                         0x2d (size before relaxing)
 .comment       0x000000000000005b       0x2d c:/program files/microchip/xc8/v2.41/avr/bin/../lib/gcc/avr/5.4.0/../../../../avr/lib/avr4/memx-const\libc.a(__sio_sprintf_doux.o)
 .comment       0x000000000000005b       0x2d c:/program files/microchip/xc8/v2.41/avr/bin/../lib/gcc/avr/5.4.0/../../../../avr/lib/avr4/memx-const\libc.a(__fmt_d.o)
 .comment       0x000000000000005b       0x2d c:/program files/microchip/xc8/v2.41/avr/bin/../lib/gcc/avr/5.4.0/../../../../avr/lib/avr4/memx-const\libc.a(__fmt_o.o)
 .comment       0x000000000000005b       0x2d c:/program files/microchip/xc8/v2.41/avr/bin/../lib/gcc/avr/5.4.0/../../../../avr/lib/avr4/memx-const\libc.a(__fmt_s.o)
 .comment       0x000000000000005b       0x2d c:/program files/microchip/xc8/v2.41/avr/bin/../lib/gcc/avr/5.4.0/../../../../avr/lib/avr4/memx-const\libc.a(__fmt_u.o)
 .comment       0x000000000000005b       0x2d c:/program files/microchip/xc8/v2.41/avr/bin/../lib/gcc/avr/5.4.0/../../../../avr/lib/avr4/memx-const\libc.a(__fmt_x.o)
 .comment       0x000000000000005b       0x2d c:/program files/microchip/xc8/v2.41/avr/bin/../lib/gcc/avr/5.4.0/../../../../avr/lib/avr4/memx-const\libc.a(__pop_int.o)
 .comment       0x000000000000005b       0x2d c:/program files/microchip/xc8/v2.41/avr/bin/../lib/gcc/avr/5.4.0/../../../../avr/lib/avr4/memx-const\libc.a(__printf_core.o)
 .comment       0x000000000000005b       0x2d c:/program files/microchip/xc8/v2.41/avr/bin/../lib/gcc/avr/5.4.0/../../../../avr/lib/avr4/memx-const\libc.a(fputc.o)
 .comment       0x000000000000005b       0x2d c:/program files/microchip/xc8/v2.41/avr/bin/../lib/gcc/avr/5.4.0/../../../../avr/lib/avr4/memx-const\libc.a(strlen.o)
 .comment       0x000000000000005b       0x2d c:/program files/microchip/xc8/v2.41/avr/bin/../lib/gcc/avr/5.4.0/../../../../avr/lib/avr4/memx-const\libc.a(tolower.o)
 .comment       0x000000000000005b       0x2d c:/program files/microchip/xc8/v2.41/avr/bin/../lib/gcc/avr/5.4.0/../../../../avr/lib/avr4/memx-const\libc.a(toupper.o)
 .comment       0x000000000000005b       0x2d c:/program files/microchip/xc8/v2.41/avr/bin/../lib/gcc/avr/5.4.0/../../../../avr/lib/avr4/memx-const\libc.a(errno.o)
 .comment       0x000000000000005b       0x2d c:/program files/microchip/xc8/v2.41/avr/bin/../lib/gcc/avr/5.4.0/../../../../avr/lib/avr4/memx-const\libc.a(_Exit.o)
 .comment       0x000000000000005b       0x2d c:/program files/microchip/xc8/v2.41/avr/bin/../lib/gcc/avr/5.4.0/../../../../avr/lib/avr4/memx-const\libc.a(__int_vsprintf.o)
 .comment       0x000000000000005b       0x2d c:/program files/microchip/xc8/v2.41/avr/bin/../lib/gcc/avr/5.4.0/../../../../avr/lib/avr4/memx-const\libc.a(__int_vsnprintf.o)
 .comment       0x000000000000005b       0x2d c:/program files/microchip/xc8/v2.41/avr/bin/../lib/gcc/avr/5.4.0/../../../../avr/lib/avr4/memx-const\libc.a(__int_vfprintf.o)

.stack.descriptors.hdr
                0x0000000000000000      0x118
 .stack.descriptors.hdr
                0x0000000000000000        0xe c:/program files/microchip/xc8/v2.41/avr/bin/../lib/gcc/avr/5.4.0/../../../../avr/lib/avr4/memx-const\libc.a(exit.o)
 .stack.descriptors.hdr
                0x000000000000000e        0xe c:/program files/microchip/xc8/v2.41/avr/bin/../lib/gcc/avr/5.4.0/../../../../avr/lib/avr4/memx-const\libc.a(__sio_sprintf_doux.o)
 .stack.descriptors.hdr
                0x000000000000001c        0xe c:/program files/microchip/xc8/v2.41/avr/bin/../lib/gcc/avr/5.4.0/../../../../avr/lib/avr4/memx-const\libc.a(__fmt_d.o)
 .stack.descriptors.hdr
                0x000000000000002a        0xe c:/program files/microchip/xc8/v2.41/avr/bin/../lib/gcc/avr/5.4.0/../../../../avr/lib/avr4/memx-const\libc.a(__fmt_o.o)
 .stack.descriptors.hdr
                0x0000000000000038        0xe c:/program files/microchip/xc8/v2.41/avr/bin/../lib/gcc/avr/5.4.0/../../../../avr/lib/avr4/memx-const\libc.a(__fmt_s.o)
 .stack.descriptors.hdr
                0x0000000000000046        0xe c:/program files/microchip/xc8/v2.41/avr/bin/../lib/gcc/avr/5.4.0/../../../../avr/lib/avr4/memx-const\libc.a(__fmt_u.o)
 .stack.descriptors.hdr
                0x0000000000000054        0xe c:/program files/microchip/xc8/v2.41/avr/bin/../lib/gcc/avr/5.4.0/../../../../avr/lib/avr4/memx-const\libc.a(__fmt_x.o)
 .stack.descriptors.hdr
                0x0000000000000062        0xe c:/program files/microchip/xc8/v2.41/avr/bin/../lib/gcc/avr/5.4.0/../../../../avr/lib/avr4/memx-const\libc.a(__pop_int.o)
 .stack.descriptors.hdr
                0x0000000000000070        0xe c:/program files/microchip/xc8/v2.41/avr/bin/../lib/gcc/avr/5.4.0/../../../../avr/lib/avr4/memx-const\libc.a(__printf_core.o)
 .stack.descriptors.hdr
                0x000000000000007e        0xe c:/program files/microchip/xc8/v2.41/avr/bin/../lib/gcc/avr/5.4.0/../../../../avr/lib/avr4/memx-const\libc.a(fputc.o)
 .stack.descriptors.hdr
                0x000000000000008c        0xe c:/program files/microchip/xc8/v2.41/avr/bin/../lib/gcc/avr/5.4.0/../../../../avr/lib/avr4/memx-const\libc.a(strlen.o)
 .stack.descriptors.hdr
                0x000000000000009a        0xe c:/program files/microchip/xc8/v2.41/avr/bin/../lib/gcc/avr/5.4.0/../../../../avr/lib/avr4/memx-const\libc.a(tolower.o)
 .stack.descriptors.hdr
                0x00000000000000a8        0xe c:/program files/microchip/xc8/v2.41/avr/bin/../lib/gcc/avr/5.4.0/../../../../avr/lib/avr4/memx-const\libc.a(toupper.o)
 .stack.descriptors.hdr
                0x00000000000000b6        0xe c:/program files/microchip/xc8/v2.41/avr/bin/../lib/gcc/avr/5.4.0/../../../../avr/lib/avr4/memx-const\libc.a(errno.o)
 .stack.descriptors.hdr
                0x00000000000000c4        0xe c:/program files/microchip/xc8/v2.41/avr/bin/../lib/gcc/avr/5.4.0/../../../../avr/lib/avr4/memx-const\libc.a(_Exit.o)
 .stack.descriptors.hdr
                0x00000000000000d2        0xe c:/program files/microchip/xc8/v2.41/avr/bin/../lib/gcc/avr/5.4.0/../../../../avr/lib/avr4/memx-const\libc.a(__int_vsprintf.o)
 .stack.descriptors.hdr
                0x00000000000000e0        0xe c:/program files/microchip/xc8/v2.41/avr/bin/../lib/gcc/avr/5.4.0/../../../../avr/lib/avr4/memx-const\libc.a(__int_vsnprintf.o)
 .stack.descriptors.hdr
                0x00000000000000ee        0xe c:/program files/microchip/xc8/v2.41/avr/bin/../lib/gcc/avr/5.4.0/../../../../avr/lib/avr4/memx-const\libc.a(__int_vfprintf.o)
 .stack.descriptors.hdr
                0x00000000000000fc        0xe c:/program files/microchip/xc8/v2.41/avr/bin/../lib/gcc/avr/5.4.0/avr4/memx-const\libgcc.a(_udivmodsi4.o)
 .stack.descriptors.hdr
                0x000000000000010a        0xe c:/program files/microchip/xc8/v2.41/avr/bin/../lib/gcc/avr/5.4.0/avr4/memx-const\libgcc.a(_exit.o)

.note.GNU-stack
                0x0000000000000000        0x0
 .note.GNU-stack
                0x0000000000000000        0x0 c:/program files/microchip/xc8/v2.41/avr/bin/../lib/gcc/avr/5.4.0/../../../../avr/lib/avr4/memx-const\libc.a(exit.o)
 .note.GNU-stack
                0x0000000000000000        0x0 c:/program files/microchip/xc8/v2.41/avr/bin/../lib/gcc/avr/5.4.0/../../../../avr/lib/avr4/memx-const\libc.a(__sio_sprintf_doux.o)
 .note.GNU-stack
                0x0000000000000000        0x0 c:/program files/microchip/xc8/v2.41/avr/bin/../lib/gcc/avr/5.4.0/../../../../avr/lib/avr4/memx-const\libc.a(__fmt_d.o)
 .note.GNU-stack
                0x0000000000000000        0x0 c:/program files/microchip/xc8/v2.41/avr/bin/../lib/gcc/avr/5.4.0/../../../../avr/lib/avr4/memx-const\libc.a(__fmt_o.o)
 .note.GNU-stack
                0x0000000000000000        0x0 c:/program files/microchip/xc8/v2.41/avr/bin/../lib/gcc/avr/5.4.0/../../../../avr/lib/avr4/memx-const\libc.a(__fmt_s.o)
 .note.GNU-stack
                0x0000000000000000        0x0 c:/program files/microchip/xc8/v2.41/avr/bin/../lib/gcc/avr/5.4.0/../../../../avr/lib/avr4/memx-const\libc.a(__fmt_u.o)
 .note.GNU-stack
                0x0000000000000000        0x0 c:/program files/microchip/xc8/v2.41/avr/bin/../lib/gcc/avr/5.4.0/../../../../avr/lib/avr4/memx-const\libc.a(__fmt_x.o)
 .note.GNU-stack
                0x0000000000000000        0x0 c:/program files/microchip/xc8/v2.41/avr/bin/../lib/gcc/avr/5.4.0/../../../../avr/lib/avr4/memx-const\libc.a(__pop_int.o)
 .note.GNU-stack
                0x0000000000000000        0x0 c:/program files/microchip/xc8/v2.41/avr/bin/../lib/gcc/avr/5.4.0/../../../../avr/lib/avr4/memx-const\libc.a(__printf_core.o)
 .note.GNU-stack
                0x0000000000000000        0x0 c:/program files/microchip/xc8/v2.41/avr/bin/../lib/gcc/avr/5.4.0/../../../../avr/lib/avr4/memx-const\libc.a(fputc.o)
 .note.GNU-stack
                0x0000000000000000        0x0 c:/program files/microchip/xc8/v2.41/avr/bin/../lib/gcc/avr/5.4.0/../../../../avr/lib/avr4/memx-const\libc.a(strlen.o)
 .note.GNU-stack
                0x0000000000000000        0x0 c:/program files/microchip/xc8/v2.41/avr/bin/../lib/gcc/avr/5.4.0/../../../../avr/lib/avr4/memx-const\libc.a(tolower.o)
 .note.GNU-stack
                0x0000000000000000        0x0 c:/program files/microchip/xc8/v2.41/avr/bin/../lib/gcc/avr/5.4.0/../../../../avr/lib/avr4/memx-const\libc.a(toupper.o)
 .note.GNU-stack
                0x0000000000000000        0x0 c:/program files/microchip/xc8/v2.41/avr/bin/../lib/gcc/avr/5.4.0/../../../../avr/lib/avr4/memx-const\libc.a(errno.o)
 .note.GNU-stack
                0x0000000000000000        0x0 c:/program files/microchip/xc8/v2.41/avr/bin/../lib/gcc/avr/5.4.0/../../../../avr/lib/avr4/memx-const\libc.a(_Exit.o)
 .note.GNU-stack
                0x0000000000000000        0x0 c:/program files/microchip/xc8/v2.41/avr/bin/../lib/gcc/avr/5.4.0/../../../../avr/lib/avr4/memx-const\libc.a(__int_vsprintf.o)
 .note.GNU-stack
                0x0000000000000000        0x0 c:/program files/microchip/xc8/v2.41/avr/bin/../lib/gcc/avr/5.4.0/../../../../avr/lib/avr4/memx-const\libc.a(__int_vsnprintf.o)
 .note.GNU-stack
                0x0000000000000000        0x0 c:/program files/microchip/xc8/v2.41/avr/bin/../lib/gcc/avr/5.4.0/../../../../avr/lib/avr4/memx-const\libc.a(__int_vfprintf.o)

.note.gnu.build-id
 *(.note.gnu.build-id)

.debug
 *(.debug)

.line
 *(.line)

.debug_srcinfo
 *(.debug_srcinfo)

.debug_sfnames
 *(.debug_sfnames)

.debug_aranges  0x0000000000000000       0xc8
 *(.debug_aranges)
 .debug_aranges
                0x0000000000000000       0x40 build/default/production/newmain.o
 .debug_aranges
                0x0000000000000040       0x58 build/default/production/I2C_MASTER.o
 .debug_aranges
                0x0000000000000098       0x30 build/default/production/ADS1115.o

.debug_pubnames
 *(.debug_pubnames)

.debug_info     0x0000000000000000     0x1672
 *(.debug_info .gnu.linkonce.wi.*)
 .debug_info    0x0000000000000000      0x48c C:/Program Files/Microchip/MPLABX/v6.05/packs/Microchip/ATmega_DFP/3.0.158/xc8/avr/lib/avr4/memx-const/crtatmega8.o
 .debug_info    0x000000000000048c      0x633 build/default/production/newmain.o
 .debug_info    0x0000000000000abf      0x432 build/default/production/I2C_MASTER.o
 .debug_info    0x0000000000000ef1      0x781 build/default/production/ADS1115.o

.debug_abbrev   0x0000000000000000      0x80e
 *(.debug_abbrev)
 .debug_abbrev  0x0000000000000000      0x44e C:/Program Files/Microchip/MPLABX/v6.05/packs/Microchip/ATmega_DFP/3.0.158/xc8/avr/lib/avr4/memx-const/crtatmega8.o
 .debug_abbrev  0x000000000000044e      0x198 build/default/production/newmain.o
 .debug_abbrev  0x00000000000005e6       0xf0 build/default/production/I2C_MASTER.o
 .debug_abbrev  0x00000000000006d6      0x138 build/default/production/ADS1115.o

.debug_line     0x0000000000000000      0x778
 *(.debug_line .debug_line.* .debug_line_end)
 .debug_line    0x0000000000000000      0x10d C:/Program Files/Microchip/MPLABX/v6.05/packs/Microchip/ATmega_DFP/3.0.158/xc8/avr/lib/avr4/memx-const/crtatmega8.o
 .debug_line    0x000000000000010d      0x25f build/default/production/newmain.o
 .debug_line    0x000000000000036c      0x224 build/default/production/I2C_MASTER.o
 .debug_line    0x0000000000000590      0x1e8 build/default/production/ADS1115.o

.debug_frame    0x0000000000000000      0x178
 *(.debug_frame)
 .debug_frame   0x0000000000000000       0x84 build/default/production/newmain.o
 .debug_frame   0x0000000000000084       0x94 build/default/production/I2C_MASTER.o
 .debug_frame   0x0000000000000118       0x60 build/default/production/ADS1115.o

.debug_str      0x0000000000000000      0x22c
 *(.debug_str)
 .debug_str     0x0000000000000000      0x17a C:/Program Files/Microchip/MPLABX/v6.05/packs/Microchip/ATmega_DFP/3.0.158/xc8/avr/lib/avr4/memx-const/crtatmega8.o
 .debug_str     0x000000000000017a       0x2e build/default/production/newmain.o
 .debug_str     0x00000000000001a8        0xf build/default/production/I2C_MASTER.o
 .debug_str     0x00000000000001b7       0x75 build/default/production/ADS1115.o

.debug_loc      0x0000000000000000      0x6b1
 *(.debug_loc)
 .debug_loc     0x0000000000000000      0x1e2 build/default/production/newmain.o
 .debug_loc     0x00000000000001e2      0x115 build/default/production/I2C_MASTER.o
 .debug_loc     0x00000000000002f7      0x3ba build/default/production/ADS1115.o

.debug_macinfo
 *(.debug_macinfo)

.debug_weaknames
 *(.debug_weaknames)

.debug_funcnames
 *(.debug_funcnames)

.debug_typenames
 *(.debug_typenames)

.debug_varnames
 *(.debug_varnames)

.debug_pubtypes
 *(.debug_pubtypes)

.debug_ranges   0x0000000000000000       0x98
 *(.debug_ranges)
 .debug_ranges  0x0000000000000000       0x30 build/default/production/newmain.o
 .debug_ranges  0x0000000000000030       0x48 build/default/production/I2C_MASTER.o
 .debug_ranges  0x0000000000000078       0x20 build/default/production/ADS1115.o

.debug_macro
 *(.debug_macro)
OUTPUT(dist/default/production/ADC1115_AVR_I2C.X.production.elf elf32-avr)
LOAD linker stubs
LOAD data_init

.note.gnu.avr.deviceinfo
                0x0000000000000000       0x3c
 .note.gnu.avr.deviceinfo
                0x0000000000000000       0x3c C:/Program Files/Microchip/MPLABX/v6.05/packs/Microchip/ATmega_DFP/3.0.158/xc8/avr/lib/avr4/memx-const/crtatmega8.o

.progmemx.data.state_table
                0x000000000000007c       0x16
 .progmemx.data.state_table
                0x000000000000007c       0x16 c:/program files/microchip/xc8/v2.41/avr/bin/../lib/gcc/avr/5.4.0/../../../../avr/lib/avr4/memx-const\libc.a(__printf_core.o)

.progmemx.data  0x0000000000000092        0xf
 .progmemx.data
                0x0000000000000092        0xf build/default/production/newmain.o

.progmemx.data.nuls.2781
                0x00000000000000a1        0x7
 .progmemx.data.nuls.2781
                0x00000000000000a1        0x7 c:/program files/microchip/xc8/v2.41/avr/bin/../lib/gcc/avr/5.4.0/../../../../avr/lib/avr4/memx-const\libc.a(__fmt_s.o)

.progmemx.data.nilstr.2962
                0x00000000000000a8        0x6
 .progmemx.data.nilstr.2962
                0x00000000000000a8        0x6 c:/program files/microchip/xc8/v2.41/avr/bin/../lib/gcc/avr/5.4.0/../../../../avr/lib/avr4/memx-const\libc.a(__printf_core.o)

.text.vfpfcnvrt
                0x00000000000000ae      0x4b0
 .text.vfpfcnvrt
                0x00000000000000ae      0x4b0 c:/program files/microchip/xc8/v2.41/avr/bin/../lib/gcc/avr/5.4.0/../../../../avr/lib/avr4/memx-const\libc.a(__printf_core.o)
                0x00000000000000ae                vfpfcnvrt

.text.__fmt_x   0x000000000000055e      0x1d0
 .text.__fmt_x  0x000000000000055e      0x1d0 c:/program files/microchip/xc8/v2.41/avr/bin/../lib/gcc/avr/5.4.0/../../../../avr/lib/avr4/memx-const\libc.a(__fmt_x.o)
                0x000000000000055e                __fmt_x_needed
                0x000000000000055e                __fmt_x

.text.__fmt_d   0x000000000000072e       0xde
 .text.__fmt_d  0x000000000000072e       0xde c:/program files/microchip/xc8/v2.41/avr/bin/../lib/gcc/avr/5.4.0/../../../../avr/lib/avr4/memx-const\libc.a(__fmt_d.o)
                0x000000000000072e                __fmt_d
                0x000000000000072e                __fmt_d_needed

.text.__pop_int
                0x000000000000080c       0xda
 .text.__pop_int
                0x000000000000080c       0xda c:/program files/microchip/xc8/v2.41/avr/bin/../lib/gcc/avr/5.4.0/../../../../avr/lib/avr4/memx-const\libc.a(__pop_int.o)
                0x000000000000080c                __pop_int_needed
                0x000000000000080c                __pop_int

.text.__cvt_u   0x00000000000008e6       0xc4
 .text.__cvt_u  0x00000000000008e6       0xc4 c:/program files/microchip/xc8/v2.41/avr/bin/../lib/gcc/avr/5.4.0/../../../../avr/lib/avr4/memx-const\libc.a(__fmt_u.o)
                0x00000000000008e6                __cvt_u

.text.__fmt_o   0x00000000000009aa       0xac
 .text.__fmt_o  0x00000000000009aa       0xac c:/program files/microchip/xc8/v2.41/avr/bin/../lib/gcc/avr/5.4.0/../../../../avr/lib/avr4/memx-const\libc.a(__fmt_o.o)
                0x00000000000009aa                __fmt_o
                0x00000000000009aa                __fmt_o_needed

.text.__vsnprintf
                0x0000000000000a56       0xa2
 .text.__vsnprintf
                0x0000000000000a56       0xa2 c:/program files/microchip/xc8/v2.41/avr/bin/../lib/gcc/avr/5.4.0/../../../../avr/lib/avr4/memx-const\libc.a(__int_vsnprintf.o)
                0x0000000000000a56                __vsnprintf

.text.__fmt_state
                0x0000000000000af8       0x9e
 .text.__fmt_state
                0x0000000000000af8       0x9e c:/program files/microchip/xc8/v2.41/avr/bin/../lib/gcc/avr/5.4.0/../../../../avr/lib/avr4/memx-const\libc.a(__printf_core.o)
                0x0000000000000af8                __fmt_state

.text.fputc     0x0000000000000b96       0x92
 .text.fputc    0x0000000000000b96       0x92 c:/program files/microchip/xc8/v2.41/avr/bin/../lib/gcc/avr/5.4.0/../../../../avr/lib/avr4/memx-const\libc.a(fputc.o)
                0x0000000000000b96                fputc
                0x0000000000000b96                putc

.text.__pad     0x0000000000000c28       0x90
 .text.__pad    0x0000000000000c28       0x90 c:/program files/microchip/xc8/v2.41/avr/bin/../lib/gcc/avr/5.4.0/../../../../avr/lib/avr4/memx-const\libc.a(__printf_core.o)
                0x0000000000000c28                __pad

.text.ADS1115_ReadMultiChannel
                0x0000000000000cb8       0x8e
 .text.ADS1115_ReadMultiChannel
                0x0000000000000cb8       0x8e build/default/production/ADS1115.o
                0x0000000000000cb8                ADS1115_ReadMultiChannel

.text.__printf_core
                0x0000000000000d46       0x8e
 .text.__printf_core
                0x0000000000000d46       0x8e c:/program files/microchip/xc8/v2.41/avr/bin/../lib/gcc/avr/5.4.0/../../../../avr/lib/avr4/memx-const\libc.a(__printf_core.o)
                0x0000000000000d46                __printf_core

.text.__fmt_u   0x0000000000000dd4       0x88
 .text.__fmt_u  0x0000000000000dd4       0x88 c:/program files/microchip/xc8/v2.41/avr/bin/../lib/gcc/avr/5.4.0/../../../../avr/lib/avr4/memx-const\libc.a(__fmt_u.o)
                0x0000000000000dd4                __fmt_u_needed
                0x0000000000000dd4                __fmt_u

.text.main      0x0000000000000e5c       0x7c
 .text.main     0x0000000000000e5c       0x7c build/default/production/newmain.o
                0x0000000000000e5c                main

.text.read_prec_or_width
                0x0000000000000ed8       0x78
 .text.read_prec_or_width
                0x0000000000000ed8       0x78 c:/program files/microchip/xc8/v2.41/avr/bin/../lib/gcc/avr/5.4.0/../../../../avr/lib/avr4/memx-const\libc.a(__printf_core.o)

.text.__fmt_s   0x0000000000000f50       0x76
 .text.__fmt_s  0x0000000000000f50       0x76 c:/program files/microchip/xc8/v2.41/avr/bin/../lib/gcc/avr/5.4.0/../../../../avr/lib/avr4/memx-const\libc.a(__fmt_s.o)
                0x0000000000000f50                __fmt_s
                0x0000000000000f50                __fmt_0_needed
                0x0000000000000f50                __fmt_s_needed

.text.__out     0x0000000000000fc6       0x66
 .text.__out    0x0000000000000fc6       0x66 c:/program files/microchip/xc8/v2.41/avr/bin/../lib/gcc/avr/5.4.0/../../../../avr/lib/avr4/memx-const\libc.a(__printf_core.o)
                0x0000000000000fc6                __out

.text.libgcc.div
                0x000000000000102c       0x44
 .text.libgcc.div
                0x000000000000102c       0x44 c:/program files/microchip/xc8/v2.41/avr/bin/../lib/gcc/avr/5.4.0/avr4/memx-const\libgcc.a(_udivmodsi4.o)
                0x000000000000102c                __udivmodsi4

.text.I2C_SendStartBit
                0x0000000000001070       0x3c
 .text.I2C_SendStartBit
                0x0000000000001070       0x3c build/default/production/I2C_MASTER.o
                0x0000000000001070                I2C_SendStartBit

.text.libgcc.prologue
                0x00000000000010ac       0x38
 .text.libgcc.prologue
                0x00000000000010ac       0x38 c:/program files/microchip/xc8/v2.41/avr/bin/../lib/gcc/avr/5.4.0/avr4/memx-const\libgcc.a(_prologue.o)
                0x00000000000010ac                __prologue_saves__

.text.libgcc.prologue
                0x00000000000010e4       0x36
 .text.libgcc.prologue
                0x00000000000010e4       0x36 c:/program files/microchip/xc8/v2.41/avr/bin/../lib/gcc/avr/5.4.0/avr4/memx-const\libgcc.a(_epilogue.o)
                0x00000000000010e4                __epilogue_restores__

.text.LCD_String
                0x000000000000111a       0x34
 .text.LCD_String
                0x000000000000111a       0x34 build/default/production/newmain.o
                0x000000000000111a                LCD_String

.text.ADS1115_Read
                0x000000000000114e       0x30
 .text.ADS1115_Read
                0x000000000000114e       0x30 build/default/production/ADS1115.o
                0x000000000000114e                ADS1115_Read

.text.strlen    0x000000000000117e       0x2c
 .text.strlen   0x000000000000117e       0x2c c:/program files/microchip/xc8/v2.41/avr/bin/../lib/gcc/avr/5.4.0/../../../../avr/lib/avr4/memx-const\libc.a(strlen.o)
                0x000000000000117e                strlen

.text.__vfprintf
                0x00000000000011aa       0x2a
 .text.__vfprintf
                0x00000000000011aa       0x2a c:/program files/microchip/xc8/v2.41/avr/bin/../lib/gcc/avr/5.4.0/../../../../avr/lib/avr4/memx-const\libc.a(__int_vfprintf.o)
                0x00000000000011aa                __vfprintf

.text.ADS1115_Write
                0x00000000000011d4       0x28
 .text.ADS1115_Write
                0x00000000000011d4       0x28 build/default/production/ADS1115.o
                0x00000000000011d4                ADS1115_Write

.text.I2C_WaitStartBit
                0x00000000000011fc       0x26
 .text.I2C_WaitStartBit
                0x00000000000011fc       0x26 build/default/production/I2C_MASTER.o
                0x00000000000011fc                I2C_WaitStartBit

.text.LCD_Command
                0x0000000000001222       0x24
 .text.LCD_Command
                0x0000000000001222       0x24 build/default/production/newmain.o
                0x0000000000001222                LCD_Command

.text.LCD_Data  0x0000000000001246       0x24
 .text.LCD_Data
                0x0000000000001246       0x24 build/default/production/newmain.o
                0x0000000000001246                LCD_Data

.text.__wrap_sprintf
                0x000000000000126a       0x20
 .text.__wrap_sprintf
                0x000000000000126a       0x20 c:/program files/microchip/xc8/v2.41/avr/bin/../lib/gcc/avr/5.4.0/../../../../avr/lib/avr4/memx-const\libc.a(__sio_sprintf_doux.o)
                0x000000000000126a                _sprintf_cdopuxX

.text.LCD_Initialize
                0x000000000000128a       0x1e
 .text.LCD_Initialize
                0x000000000000128a       0x1e build/default/production/newmain.o
                0x000000000000128a                LCD_Initialize

.text.I2C_WriteData
                0x00000000000012a8       0x1a
 .text.I2C_WriteData
                0x00000000000012a8       0x1a build/default/production/I2C_MASTER.o
                0x00000000000012a8                I2C_WriteData

.text.__vsprintf
                0x00000000000012c2       0x16
 .text.__vsprintf
                0x00000000000012c2       0x16 c:/program files/microchip/xc8/v2.41/avr/bin/../lib/gcc/avr/5.4.0/../../../../avr/lib/avr4/memx-const\libc.a(__int_vsprintf.o)
                0x00000000000012c2                __vsprintf

.text.toupper   0x00000000000012d8       0x12
 .text.toupper  0x00000000000012d8       0x12 c:/program files/microchip/xc8/v2.41/avr/bin/../lib/gcc/avr/5.4.0/../../../../avr/lib/avr4/memx-const\libc.a(toupper.o)
                0x00000000000012d8                toupper

.text.tolower   0x00000000000012ea       0x10
 .text.tolower  0x00000000000012ea       0x10 c:/program files/microchip/xc8/v2.41/avr/bin/../lib/gcc/avr/5.4.0/../../../../avr/lib/avr4/memx-const\libc.a(tolower.o)
                0x00000000000012ea                tolower

.text.I2C_ReadACK
                0x00000000000012fa        0xe
 .text.I2C_ReadACK
                0x00000000000012fa        0xe build/default/production/I2C_MASTER.o
                0x00000000000012fa                I2C_ReadACK

.text.I2C_ReadNACK
                0x0000000000001308        0xe
 .text.I2C_ReadNACK
                0x0000000000001308        0xe build/default/production/I2C_MASTER.o
                0x0000000000001308                I2C_ReadNACK

.text.exit      0x0000000000001316        0xe
 .text.exit     0x0000000000001316        0xe c:/program files/microchip/xc8/v2.41/avr/bin/../lib/gcc/avr/5.4.0/../../../../avr/lib/avr4/memx-const\libc.a(exit.o)
                0x0000000000001316                exit

.text.I2C_SendStopBit
                0x0000000000001324        0xc
 .text.I2C_SendStopBit
                0x0000000000001324        0xc build/default/production/I2C_MASTER.o
                0x0000000000001324                I2C_SendStopBit

.text.I2C_MasterInitialize
                0x0000000000001330        0x8
 .text.I2C_MasterInitialize
                0x0000000000001330        0x8 build/default/production/I2C_MASTER.o
                0x0000000000001330                I2C_MasterInitialize

.text.I2C_SendREPStartBit
                0x0000000000001338        0x4
 .text.I2C_SendREPStartBit
                0x0000000000001338        0x4 build/default/production/I2C_MASTER.o
                0x0000000000001338                I2C_SendREPStartBit

.text           0x000000000000133c        0x2
 .text          0x000000000000133c        0x2 C:/Program Files/Microchip/MPLABX/v6.05/packs/Microchip/ATmega_DFP/3.0.158/xc8/avr/lib/avr4/memx-const/crtatmega8.o
                0x000000000000133c                __vector_1
                0x000000000000133c                __vector_12
                0x000000000000133c                __bad_interrupt
                0x000000000000133c                __vector_6
                0x000000000000133c                __vector_3
                0x000000000000133c                __vector_11
                0x000000000000133c                __vector_13
                0x000000000000133c                __vector_17
                0x000000000000133c                __vector_7
                0x000000000000133c                __vector_5
                0x000000000000133c                __vector_4
                0x000000000000133c                __vector_9
                0x000000000000133c                __vector_2
                0x000000000000133c                __vector_15
                0x000000000000133c                __vector_8
                0x000000000000133c                __vector_14
                0x000000000000133c                __vector_10
                0x000000000000133c                __vector_16
                0x000000000000133c                __vector_18

.text.__dummy_fini
                0x000000000000133e        0x2
 .text.__dummy_fini
                0x000000000000133e        0x2 c:/program files/microchip/xc8/v2.41/avr/bin/../lib/gcc/avr/5.4.0/../../../../avr/lib/avr4/memx-const\libc.a(exit.o)
                0x000000000000133e                _fini

.text.__dummy_funcs_on_exit
                0x0000000000001340        0x2
 .text.__dummy_funcs_on_exit
                0x0000000000001340        0x2 c:/program files/microchip/xc8/v2.41/avr/bin/../lib/gcc/avr/5.4.0/../../../../avr/lib/avr4/memx-const\libc.a(exit.o)
                0x0000000000001340                __funcs_on_exit

.text.__dummy_simulator_exit
                0x0000000000001342        0x2
 .text.__dummy_simulator_exit
                0x0000000000001342        0x2 c:/program files/microchip/xc8/v2.41/avr/bin/../lib/gcc/avr/5.4.0/../../../../avr/lib/avr4/memx-const\libc.a(exit.o)
                0x0000000000001342                __simulator_exit

.text._Exit     0x0000000000001344        0x2
 .text._Exit    0x0000000000001344        0x2 c:/program files/microchip/xc8/v2.41/avr/bin/../lib/gcc/avr/5.4.0/../../../../avr/lib/avr4/memx-const\libc.a(_Exit.o)
                0x0000000000001344                _Exit
