Microchip MPLAB XC8 Compiler V2.41

Linker command line:

-W-3 \
  --edf=C:\Program Files\Microchip\xc8\v2.41\pic\dat\20230208172133_en.msgs \
  -cn -h+dist/default/production\TEST_KEYPAD_PIC16F877A.X.production.sym \
  --cmf=dist/default/production\TEST_KEYPAD_PIC16F877A.X.production.cmf -z \
  -Q16F877A -oC:\Users\SOFCON~1\AppData\Local\Temp\xcAs4hc.\driver_tmp_3.o \
  --defsym=__MPLAB_BUILD=1 --fixupoverflow=error \
  -Mdist/default/production/TEST_KEYPAD_PIC16F877A.X.production.map \
  --md=C:\Users\SOFCON~1\AppData\Local\Temp\xcAs4hc.\driver_tmp_0.dat -E1 \
  -ver=XC8 Compiler --acfsm=1493 -ACODE=00h-07FFhx4 -ASTRCODE=00h-01FFFh \
  -ASTRING=00h-0FFhx32 -ACONST=00h-0FFhx32 -AENTRY=00h-0FFhx32 \
  -ACOMMON=070h-07Fh -ABANK0=020h-06Fh -ABANK1=0A0h-0EFh \
  -ABANK2=0110h-016Fh -ABANK3=0190h-01EFh \
  -ARAM=020h-06Fh,0A0h-0EFh,0110h-016Fh,0190h-01EFh \
  -AABS1=020h-07Fh,0A0h-0EFh,0110h-016Fh,0190h-01EFh -ASFR0=00h-01Fh \
  -ASFR1=080h-09Fh -ASFR2=0100h-010Fh -ASFR3=0180h-018Fh \
  -ACONFIG=02007h-02007h -DCONFIG=2 -AIDLOC=02000h-02003h -DIDLOC=2 \
  -AEEDATA=00h-0FFh/02100h -peeprom_data=EEDATA -DEEDATA=2 -DCODE=2 \
  -DSTRCODE=2 -DSTRING=2 -DCONST=2 -DENTRY=2 \
  -preset_vec=00h,intentry,init,end_init -ppowerup=CODE -pcinit=CODE \
  -pfunctab=ENTRY -k \
  C:\Users\SOFCON~1\AppData\Local\Temp\xcAs4hc.\driver_tmp_12.o \
  dist/default/production\TEST_KEYPAD_PIC16F877A.X.production.o 

Object code version is 3.11

Machine type is 16F877A



                Name                               Link     Load   Length Selector   Space Scale
C:\Users\SOFCON~1\AppData\Local\Temp\xcAs4hc.\driver_tmp_12.o
                end_init                              0        0        3        0       0
                config                             2007     2007        1        0       4
                idloc                              2000     2000        4        0       5
dist/default/production\TEST_KEYPAD_PIC16F877A.X.production.o
                cinit                               7EC      7EC       14      FD8       0
                config                             2007     2007        1        0       4
                idloc                              2000     2000        4        0       5
                text7                               6F3      6F3       F9      DE6       0
                text6                               5CC      5CC        9      B98       0
                text5                               5E5      5E5       12      BCA       0
                text4                               677      677       3E      CEE       0
                text3                               60A      60A       1F      C14       0
                text2                               6B5      6B5       3E      D6A       0
                text1                               629      629       1F      C52       0
                maintext                            648      648       2F      C90       0
                cstackCOMMON                         70       70        6       70       1
                inittext                            5F7      5F7       13      BEE       0
                dataBANK0                            20       20       10       20       1
                bssCOMMON                            76       76        2       70       1
                strings                               3        3       17        6       0
                idataBANK0                          5D5      5D5       10      BAA       0

TOTAL           Name                               Link     Load   Length     Space
        CLASS   CODE           
                end_init                              0        0        3         0
                cinit                               7EC      7EC       14         0
                text7                               6F3      6F3       F9         0
                text6                               5CC      5CC        9         0
                text5                               5E5      5E5       12         0
                text4                               677      677       3E         0
                text3                               60A      60A       1F         0
                text2                               6B5      6B5       3E         0
                text1                               629      629       1F         0
                maintext                            648      648       2F         0
                inittext                            5F7      5F7       13         0
                idataBANK0                          5D5      5D5       10         0

        CLASS   STRCODE        

        CLASS   STRING         
                strings                               3        3       17         0

        CLASS   CONST          

        CLASS   ENTRY          

        CLASS   COMMON         
                cstackCOMMON                         70       70        6         1
                bssCOMMON                            76       76        2         1

        CLASS   BANK0          
                dataBANK0                            20       20       10         1

        CLASS   BANK1          

        CLASS   BANK2          

        CLASS   BANK3          

        CLASS   RAM            

        CLASS   ABS1           
                abs_s1                               7E       7E        2         1

        CLASS   SFR0           

        CLASS   SFR1           

        CLASS   SFR2           

        CLASS   SFR3           

        CLASS   CONFIG         
                config                             2007     2007        1         4

        CLASS   IDLOC          
                idloc                              2000     2000        4         5

        CLASS   EEDATA         

        CLASS   STACK          



SEGMENTS        Name                           Load    Length   Top    Selector   Space  Class     Delta

                reset_vec                      000000  000003  000003         0       0  CODE        2
                strings                        000003  000017  00001A         6       0  STRING      2
                dataBANK0                      000020  000010  000030        20       1  BANK0       1
                cstackCOMMON                   000070  000008  000078        70       1  COMMON      1
                text6                          0005CC  000009  0005D5       B98       0  CODE        2
                idataBANK0                     0005D5  000010  0005E5       BAA       0  CODE        2
                text5                          0005E5  000012  0005F7       BCA       0  CODE        2
                inittext                       0005F7  000013  00060A       BEE       0  CODE        2
                text3                          00060A  00001F  000629       C14       0  CODE        2
                text1                          000629  00001F  000648       C52       0  CODE        2
                maintext                       000648  00002F  000677       C90       0  CODE        2
                text4                          000677  00003E  0006B5       CEE       0  CODE        2
                text2                          0006B5  00003E  0006F3       D6A       0  CODE        2
                text7                          0006F3  0000F9  0007EC       DE6       0  CODE        2
                cinit                          0007EC  000014  000800       FD8       0  CODE        2


UNUSED ADDRESS RANGES

        Name                Unused          Largest block    Delta
        BANK0            0030-006F             40           1
        BANK1            00A0-00EF             50           1
        BANK2            0110-016F             60           1
        BANK3            0190-01EF             60           1
        CODE             001A-05CB            5B2           2
                         0800-1FFF            800
        COMMON           0078-007D              6           1
        CONST            001A-05CB            100           2
                         0800-1FFF            100
        EEDATA           2100-21FF            100           2
        ENTRY            001A-05CB            100           2
                         0800-1FFF            100
        RAM              0030-006F             40           1
                         00A0-00EF             50
                         0110-016F             60
                         0190-01EF             60
        SFR0             0000-001F             20           1
        SFR1             0080-009F             20           1
        SFR2             0100-010F             10           1
        SFR3             0180-018F             10           1
        STRCODE          001A-05CB            5B2           2
                         0800-1FFF           1800
        STRING           001A-05CB            100           2
                         0800-1FFF            100

                                  Symbol Table

_OPTION_REG              (abs)        0081
_PORTB                   (abs)        0006
_PORTD                   (abs)        0008
_RB0                     (abs)        0030
_RB1                     (abs)        0031
_RB2                     (abs)        0032
_RB3                     (abs)        0033
_RB4                     (abs)        0034
_RB5                     (abs)        0035
_RB6                     (abs)        0036
_RB7                     (abs)        0037
_RD2                     (abs)        0042
_RD3                     (abs)        0043
_TRISB                   (abs)        0086
_TRISD                   (abs)        0088
__H__absolute__          __absolute__ 0000
__Habs1                  abs1         0000
__Hbank0                 bank0        0000
__Hbank1                 bank1        0000
__Hbank2                 bank2        0000
__Hbank3                 bank3        0000
__HbssCOMMON             bssCOMMON    0000
__Hcinit                 cinit        0800
__Hclrtext               clrtext      0000
__Hcode                  code         0000
__Hcommon                common       0000
__Hconfig                config       2008
__HcstackCOMMON          cstackCOMMON 0000
__HdataBANK0             dataBANK0    0000
__Heeprom_data           eeprom_data  0000
__Hend_init              end_init     0003
__Hfunctab               functab      0000
__HidataBANK0            idataBANK0   0000
__Hidloc                 idloc        2004
__Hinit                  init         0000
__Hinittext              inittext     0000
__Hintentry              intentry     0000
__Hmaintext              maintext     0000
__Hpowerup               powerup      0000
__Hram                   ram          0000
__Hreset_vec             reset_vec    0000
__Hsfr0                  sfr0         0000
__Hsfr1                  sfr1         0000
__Hsfr2                  sfr2         0000
__Hsfr3                  sfr3         0000
__Hspace_0               (abs)        0800
__Hspace_1               (abs)        0078
__Hspace_2               (abs)        0000
__Hspace_3               (abs)        0000
__Hspace_4               (abs)        400F
__Hstack                 stack        0000
__Hstrings               strings      0000
__Htext                  text         0000
__L__absolute__          __absolute__ 0000
__Labs1                  abs1         0000
__Lbank0                 bank0        0000
__Lbank1                 bank1        0000
__Lbank2                 bank2        0000
__Lbank3                 bank3        0000
__LbssCOMMON             bssCOMMON    0000
__Lcinit                 cinit        07EC
__Lclrtext               clrtext      0000
__Lcode                  code         0000
__Lcommon                common       0000
__Lconfig                config       0000
__LcstackCOMMON          cstackCOMMON 0000
__LdataBANK0             dataBANK0    0000
__Leeprom_data           eeprom_data  0000
__Lend_init              end_init     0000
__Lfunctab               functab      0000
__LidataBANK0            idataBANK0   0000
__Lidloc                 idloc        0000
__Linit                  init         0000
__Linittext              inittext     0000
__Lintentry              intentry     0000
__Lmaintext              maintext     0000
__Lpowerup               powerup      0000
__Lram                   ram          0000
__Lreset_vec             reset_vec    0000
__Lsfr0                  sfr0         0000
__Lsfr1                  sfr1         0000
__Lsfr2                  sfr2         0000
__Lsfr3                  sfr3         0000
__Lspace_0               (abs)        0000
__Lspace_1               (abs)        0000
__Lspace_2               (abs)        0000
__Lspace_3               (abs)        0000
__Lspace_4               (abs)        0000
__Lstack                 stack        0000
__Lstrings               strings      0000
__Ltext                  text         0000
__S0                     (abs)        0800
__S1                     (abs)        0078
__S3                     (abs)        0000
___int_sp                stack        0000
___latbits               (abs)        0002
___sp                    stack        0000
___stackhi               (abs)        0000
___stacklo               (abs)        0000
__end_of__initialization cinit        07FC
__end_of__stringtab      strings      0009
__end_of_cmd             text4        06B5
__end_of_dat             text2        06F3
__end_of_key             text7        07EC
__end_of_keyinit         text6        05D5
__end_of_lcd_delay       text5        05F7
__end_of_lcd_init        text3        0629
__end_of_main            maintext     0677
__end_of_show            text1        0648
__initialization         cinit        07EC
__pbssCOMMON             bssCOMMON    0076
__pcstackCOMMON          cstackCOMMON 0070
__pdataBANK0             dataBANK0    0020
__pidataBANK0            idataBANK0   05D5
__pmaintext              maintext     0648
__pstrings               strings      0003
__ptext1                 text1        0629
__ptext2                 text2        06B5
__ptext3                 text3        060A
__ptext4                 text4        0677
__ptext5                 text5        05E5
__ptext6                 text6        05CC
__ptext7                 text7        06F3
__stringbase             strings      0008
__stringtab              strings      0003
_cmd                     text4        0677
_colloc                  bssCOMMON    0076
_dat                     text2        06B5
_key                     text7        06F3
_keyinit                 text6        05CC
_keypad                  dataBANK0    0020
_lcd_delay               text5        05E5
_lcd_init                text3        060A
_main                    maintext     0648
_rowloc                  bssCOMMON    0077
_show                    text1        0629
btemp                    (abs)        007E
cmd@a                    cstackCOMMON 0073
dat@b                    cstackCOMMON 0073
end_of_initialization    cinit        07FC
init_fetch0              inittext     05F7
init_ram0                inittext     05FB
intlevel0                functab      0000
intlevel1                functab      0000
intlevel2                functab      0000
intlevel3                functab      0000
intlevel4                functab      0000
intlevel5                functab      0000
lcd_delay@lcd_delay      cstackCOMMON 0070
main@b                   cstackCOMMON 0075
reset_vec                reset_vec    0000
show@s                   cstackCOMMON 0074
start                    init         0000
start_initialization     cinit        07EC
wtemp0                   (abs)        007E


MODULE INFORMATION

Module		Function		Class		Link	Load	Size
newmain.c
		_lcd_delay     		CODE           	05E5	0000	18
		_dat           		CODE           	06B5	0000	62
		_main          		CODE           	0648	0000	47
		_keyinit       		CODE           	05CC	0000	9
		_show          		CODE           	0629	0000	31
		_key           		CODE           	06F3	0000	249
		_cmd           		CODE           	0677	0000	62
		_lcd_init      		CODE           	060A	0000	31

newmain.c estimated size: 509

shared
		__stringtab    		STRING         	0003	0000	6
		__initialization		CODE           	07EC	0000	16

shared estimated size: 22

